Component: ARM Compiler 5.06 update 6 (build 750) Tool: armlink [4d35ed]

==============================================================================

Section Cross References

    main.o(.text) refers to system_stm32f4xx.o(.text) for SystemInit
    main.o(.text) refers to system_control.o(.text) for STM_LedInit
    main.o(.text) refers to ov7670_control.o(.text) for MCO1_init
    main.o(.text) refers to lcd_ili9341.o(.text) for LCD_ILI9341_Init
    main.o(.text) refers to adc.o(.text) for set_adc
    main.o(.text) refers to uart.o(.text) for set_uart
    main.o(.text) refers to rt_memclr.o(.text) for __aeabi_memclr
    main.o(.text) refers to lcd_spi.o(.text) for LCD_SPI_BaudRateUp
    main.o(.text) refers to stm32f4xx_dcmi.o(.text) for DCMI_CaptureCmd
    main.o(.text) refers to cv.o(.text) for get_originYellow
    main.o(.text) refers to stm32f4xx_tim.o(.text) for TIM_GetITStatus
    main.o(.text) refers to stm32f4xx_dma.o(.text) for DMA_GetITStatus
    main.o(.text) refers to main.o(.bss) for origin
    main.o(.text) refers to lcd_fonts.o(.data) for LCD_Font_16x26
    main.o(.text) refers to ov7670_control.o(.bss) for frame_buffer
    main.o(.text) refers to main.o(.data) for old_state
    system_control.o(.text) refers to stm32f4xx_rcc.o(.text) for RCC_AHB1PeriphClockCmd
    system_control.o(.text) refers to stm32f4xx_gpio.o(.text) for GPIO_Init
    system_control.o(.text) refers to stm32f4xx_tim.o(.text) for TIM_TimeBaseInit
    system_control.o(.text) refers to misc.o(.text) for NVIC_Init
    ov7670_control.o(.text) refers to stm32f4xx_rcc.o(.text) for RCC_ClockSecuritySystemCmd
    ov7670_control.o(.text) refers to stm32f4xx_gpio.o(.text) for GPIO_Init
    ov7670_control.o(.text) refers to stm32f4xx_i2c.o(.text) for I2C_DeInit
    ov7670_control.o(.text) refers to lcd_ili9341.o(.text) for LCD_ILI9341_DrawLine
    ov7670_control.o(.text) refers to stm32f4xx_dcmi.o(.text) for DCMI_DeInit
    ov7670_control.o(.text) refers to stm32f4xx_dma.o(.text) for DMA_DeInit
    ov7670_control.o(.text) refers to misc.o(.text) for NVIC_Init
    ov7670_control.o(.text) refers to ov7670_control.o(.constdata) for OV7670_reg
    ov7670_control.o(.text) refers to ov7670_control.o(.bss) for frame_buffer
    lcd_fonts.o(.data) refers to lcd_fonts.o(.constdata) for LCD_Font7x10
    lcd_ili9341.o(.text) refers to stm32f4xx_gpio.o(.text) for GPIO_ResetBits
    lcd_ili9341.o(.text) refers to lcd_spi.o(.text) for LCD_SPI_Send
    lcd_ili9341.o(.text) refers to stm32f4xx_rcc.o(.text) for RCC_AHB1PeriphClockCmd
    lcd_ili9341.o(.text) refers to lcd_ili9341.o(.data) for ILI9341_y
    lcd_ili9341.o(.text) refers to cv.o(.text) for bit_shift
    lcd_spi.o(.text) refers to stm32f4xx_rcc.o(.text) for RCC_AHB1PeriphClockCmd
    lcd_spi.o(.text) refers to stm32f4xx_gpio.o(.text) for GPIO_Init
    lcd_spi.o(.text) refers to stm32f4xx_spi.o(.text) for SPI_StructInit
    cv.o(.text) refers to stm32f4xx_dcmi.o(.text) for DCMI_CaptureCmd
    adc.o(.text) refers to stm32f4xx_rcc.o(.text) for RCC_APB2PeriphClockCmd
    adc.o(.text) refers to stm32f4xx_gpio.o(.text) for GPIO_Init
    adc.o(.text) refers to stm32f4xx_adc.o(.text) for ADC_CommonInit
    uart.o(.text) refers to stm32f4xx_rcc.o(.text) for RCC_AHB1PeriphClockCmd
    uart.o(.text) refers to stm32f4xx_gpio.o(.text) for GPIO_PinAFConfig
    uart.o(.text) refers to stm32f4xx_usart.o(.text) for USART_Init
    stm32f4xx_adc.o(.text) refers to stm32f4xx_rcc.o(.text) for RCC_APB2PeriphResetCmd
    stm32f4xx_gpio.o(.text) refers to stm32f4xx_rcc.o(.text) for RCC_AHB1PeriphResetCmd
    stm32f4xx_i2c.o(.text) refers to stm32f4xx_rcc.o(.text) for RCC_APB1PeriphResetCmd
    stm32f4xx_rcc.o(.text) refers to stm32f4xx_rcc.o(.data) for APBAHBPrescTable
    stm32f4xx_spi.o(.text) refers to stm32f4xx_rcc.o(.text) for RCC_APB2PeriphResetCmd
    stm32f4xx_tim.o(.text) refers to stm32f4xx_rcc.o(.text) for RCC_APB2PeriphResetCmd
    stm32f4xx_usart.o(.text) refers to stm32f4xx_rcc.o(.text) for RCC_APB2PeriphResetCmd
    startup_stm32f429_439xx.o(STACK) refers (Special) to heapauxi.o(.text) for __use_two_region_memory
    startup_stm32f429_439xx.o(HEAP) refers (Special) to heapauxi.o(.text) for __use_two_region_memory
    startup_stm32f429_439xx.o(RESET) refers (Special) to heapauxi.o(.text) for __use_two_region_memory
    startup_stm32f429_439xx.o(RESET) refers to startup_stm32f429_439xx.o(STACK) for __initial_sp
    startup_stm32f429_439xx.o(RESET) refers to startup_stm32f429_439xx.o(.text) for Reset_Handler
    startup_stm32f429_439xx.o(RESET) refers to main.o(.text) for TIM3_IRQHandler
    startup_stm32f429_439xx.o(.text) refers (Special) to heapauxi.o(.text) for __use_two_region_memory
    startup_stm32f429_439xx.o(.text) refers to system_stm32f4xx.o(.text) for SystemInit
    startup_stm32f429_439xx.o(.text) refers to __main.o(!!!main) for __main
    startup_stm32f429_439xx.o(.text) refers to startup_stm32f429_439xx.o(HEAP) for Heap_Mem
[...]
    ../clib/signal.c                         0x00000000   Number         0  defsig_general.o ABSOLUTE
    ../clib/signal.c                         0x00000000   Number         0  defsig_rtred_inner.o ABSOLUTE
    ../clib/signal.c                         0x00000000   Number         0  __raise.o ABSOLUTE
    ../clib/signal.c                         0x00000000   Number         0  defsig_rtmem_outer.o ABSOLUTE
    ../clib/signal.c                         0x00000000   Number         0  defsig_rtmem_inner.o ABSOLUTE
    ../clib/signal.c                         0x00000000   Number         0  defsig_exit.o ABSOLUTE
    ../clib/signal.c                         0x00000000   Number         0  defsig_fpe_inner.o ABSOLUTE
    ../clib/signal.c                         0x00000000   Number         0  defsig_rtmem_formal.o ABSOLUTE
    ../clib/signal.c                         0x00000000   Number         0  defsig_segv_inner.o ABSOLUTE
    ../clib/signal.s                         0x00000000   Number         0  defsig.o ABSOLUTE
    ../clib/stdlib.c                         0x00000000   Number         0  exit.o ABSOLUTE
    ../fplib/fpinit.s                        0x00000000   Number         0  fpinit.o ABSOLUTE
    C:\Keil_v5\ARM\PACK\Keil\STM32F4xx_DFP\1.0.8\Device\StdPeriph_Driver\src\misc.c 0x00000000   Number         0  misc.o ABSOLUTE
    C:\Keil_v5\ARM\PACK\Keil\STM32F4xx_DFP\1.0.8\Device\StdPeriph_Driver\src\stm32f4xx_adc.c 0x00000000   Number         0  stm32f4xx_adc.o ABSOLUTE
    C:\Keil_v5\ARM\PACK\Keil\STM32F4xx_DFP\1.0.8\Device\StdPeriph_Driver\src\stm32f4xx_dcmi.c 0x00000000   Number         0  stm32f4xx_dcmi.o ABSOLUTE
    C:\Keil_v5\ARM\PACK\Keil\STM32F4xx_DFP\1.0.8\Device\StdPeriph_Driver\src\stm32f4xx_dma.c 0x00000000   Number         0  stm32f4xx_dma.o ABSOLUTE
    C:\Keil_v5\ARM\PACK\Keil\STM32F4xx_DFP\1.0.8\Device\StdPeriph_Driver\src\stm32f4xx_gpio.c 0x00000000   Number         0  stm32f4xx_gpio.o ABSOLUTE
    C:\Keil_v5\ARM\PACK\Keil\STM32F4xx_DFP\1.0.8\Device\StdPeriph_Driver\src\stm32f4xx_i2c.c 0x00000000   Number         0  stm32f4xx_i2c.o ABSOLUTE
    C:\Keil_v5\ARM\PACK\Keil\STM32F4xx_DFP\1.0.8\Device\StdPeriph_Driver\src\stm32f4xx_rcc.c 0x00000000   Number         0  stm32f4xx_rcc.o ABSOLUTE
    C:\Keil_v5\ARM\PACK\Keil\STM32F4xx_DFP\1.0.8\Device\StdPeriph_Driver\src\stm32f4xx_spi.c 0x00000000   Number         0  stm32f4xx_spi.o ABSOLUTE
    C:\Keil_v5\ARM\PACK\Keil\STM32F4xx_DFP\1.0.8\Device\StdPeriph_Driver\src\stm32f4xx_tim.c 0x00000000   Number         0  stm32f4xx_tim.o ABSOLUTE
    C:\Keil_v5\ARM\PACK\Keil\STM32F4xx_DFP\1.0.8\Device\StdPeriph_Driver\src\stm32f4xx_usart.c 0x00000000   Number         0  stm32f4xx_usart.o ABSOLUTE
    C:\\Keil_v5\\ARM\\PACK\\Keil\\STM32F4xx_DFP\\1.0.8\\Device\\StdPeriph_Driver\\src\\misc.c 0x00000000   Number         0  misc.o ABSOLUTE
    C:\\Keil_v5\\ARM\\PACK\\Keil\\STM32F4xx_DFP\\1.0.8\\Device\\StdPeriph_Driver\\src\\stm32f4xx_adc.c 0x00000000   Number         0  stm32f4xx_adc.o ABSOLUTE
    C:\\Keil_v5\\ARM\\PACK\\Keil\\STM32F4xx_DFP\\1.0.8\\Device\\StdPeriph_Driver\\src\\stm32f4xx_dcmi.c 0x00000000   Number         0  stm32f4xx_dcmi.o ABSOLUTE
    C:\\Keil_v5\\ARM\\PACK\\Keil\\STM32F4xx_DFP\\1.0.8\\Device\\StdPeriph_Driver\\src\\stm32f4xx_dma.c 0x00000000   Number         0  stm32f4xx_dma.o ABSOLUTE
    C:\\Keil_v5\\ARM\\PACK\\Keil\\STM32F4xx_DFP\\1.0.8\\Device\\StdPeriph_Driver\\src\\stm32f4xx_gpio.c 0x00000000   Number         0  stm32f4xx_gpio.o ABSOLUTE
    C:\\Keil_v5\\ARM\\PACK\\Keil\\STM32F4xx_DFP\\1.0.8\\Device\\StdPeriph_Driver\\src\\stm32f4xx_i2c.c 0x00000000   Number         0  stm32f4xx_i2c.o ABSOLUTE
    C:\\Keil_v5\\ARM\\PACK\\Keil\\STM32F4xx_DFP\\1.0.8\\Device\\StdPeriph_Driver\\src\\stm32f4xx_rcc.c 0x00000000   Number         0  stm32f4xx_rcc.o ABSOLUTE
    C:\\Keil_v5\\ARM\\PACK\\Keil\\STM32F4xx_DFP\\1.0.8\\Device\\StdPeriph_Driver\\src\\stm32f4xx_spi.c 0x00000000   Number         0  stm32f4xx_spi.o ABSOLUTE
    C:\\Keil_v5\\ARM\\PACK\\Keil\\STM32F4xx_DFP\\1.0.8\\Device\\StdPeriph_Driver\\src\\stm32f4xx_tim.c 0x00000000   Number         0  stm32f4xx_tim.o ABSOLUTE
    C:\\Keil_v5\\ARM\\PACK\\Keil\\STM32F4xx_DFP\\1.0.8\\Device\\StdPeriph_Driver\\src\\stm32f4xx_usart.c 0x00000000   Number         0  stm32f4xx_usart.o ABSOLUTE
    RTE\Device\STM32F429ZI\startup_stm32f429_439xx.s 0x00000000   Number         0  startup_stm32f429_439xx.o ABSOLUTE
    RTE\Device\STM32F429ZI\system_stm32f4xx.c 0x00000000   Number         0  system_stm32f4xx.o ABSOLUTE
    RTE\\Device\\STM32F429ZI\\system_stm32f4xx.c 0x00000000   Number         0  system_stm32f4xx.o ABSOLUTE
    dc.s                                     0x00000000   Number         0  dc.o ABSOLUTE
    src\OV7670_control.c                     0x00000000   Number         0  ov7670_control.o ABSOLUTE
    src\\OV7670_control.c                    0x00000000   Number         0  ov7670_control.o ABSOLUTE
    src\\adc.c                               0x00000000   Number         0  adc.o ABSOLUTE
    src\\cv.c                                0x00000000   Number         0  cv.o ABSOLUTE
    src\\lcd_fonts.c                         0x00000000   Number         0  lcd_fonts.o ABSOLUTE
    src\\lcd_ili9341.c                       0x00000000   Number         0  lcd_ili9341.o ABSOLUTE
    src\\lcd_spi.c                           0x00000000   Number         0  lcd_spi.o ABSOLUTE
    src\\main.c                              0x00000000   Number         0  main.o ABSOLUTE
    src\\system_control.c                    0x00000000   Number         0  system_control.o ABSOLUTE
    src\\uart.c                              0x00000000   Number         0  uart.o ABSOLUTE
    src\adc.c                                0x00000000   Number         0  adc.o ABSOLUTE
    src\cv.c                                 0x00000000   Number         0  cv.o ABSOLUTE
    src\lcd_fonts.c                          0x00000000   Number         0  lcd_fonts.o ABSOLUTE
    src\lcd_ili9341.c                        0x00000000   Number         0  lcd_ili9341.o ABSOLUTE
    src\lcd_spi.c                            0x00000000   Number         0  lcd_spi.o ABSOLUTE
    src\main.c                               0x00000000   Number         0  main.o ABSOLUTE
    src\system_control.c                     0x00000000   Number         0  system_control.o ABSOLUTE
    src\uart.c                               0x00000000   Number         0  uart.o ABSOLUTE
    RESET                                    0x08000000   Section      428  startup_stm32f429_439xx.o(RESET)
    !!!main                                  0x080001ac   Section        8  __main.o(!!!main)
    !!!scatter                               0x080001b4   Section       52  __scatter.o(!!!scatter)
    !!handler_copy                           0x080001e8   Section       26  __scatter_copy.o(!!handler_copy)
    !!handler_zi                             0x08000204   Section       28  __scatter_zi.o(!!handler_zi)
    .ARM.Collect$$libinit$$00000000          0x08000220   Section        2  libinit.o(.ARM.Collect$$libinit$$00000000)
    .ARM.Collect$$libinit$$00000001          0x08000222   Section        4  libinit2.o(.ARM.Collect$$libinit$$00000001)
    .ARM.Collect$$libinit$$00000004          0x08000226   Section        0  libinit2.o(.ARM.Collect$$libinit$$00000004)
    .ARM.Collect$$libinit$$0000000A          0x08000226   Section        0  libinit2.o(.ARM.Collect$$libinit$$0000000A)
    .ARM.Collect$$libinit$$0000000C          0x08000226   Section        0  libinit2.o(.ARM.Collect$$libinit$$0000000C)
    .ARM.Collect$$libinit$$0000000E          0x08000226   Section        0  libinit2.o(.ARM.Collect$$libinit$$0000000E)
    .ARM.Collect$$libinit$$00000011          0x08000226   Section        0  libinit2.o(.ARM.Collect$$libinit$$00000011)
    .ARM.Collect$$libinit$$00000013          0x08000226   Section        0  libinit2.o(.ARM.Collect$$libinit$$00000013)
    .ARM.Collect$$libinit$$00000015          0x08000226   Section        0  libinit2.o(.ARM.Collect$$libinit$$00000015)
    .ARM.Collect$$libinit$$00000017          0x08000226   Section        0  libinit2.o(.ARM.Collect$$libinit$$00000017)
    .ARM.Collect$$libinit$$00000019          0x08000226   Section        0  libinit2.o(.ARM.Collect$$libinit$$00000019)
    .ARM.Collect$$libinit$$0000001B          0x08000226   Section        0  libinit2.o(.ARM.Collect$$libinit$$0000001B)
    .ARM.Collect$$libinit$$0000001D          0x08000226   Section        0  libinit2.o(.ARM.Collect$$libinit$$0000001D)
    .ARM.Collect$$libinit$$0000001F          0x08000226   Section        0  libinit2.o(.ARM.Collect$$libinit$$0000001F)
    .ARM.Collect$$libinit$$00000021          0x08000226   Section        0  libinit2.o(.ARM.Collect$$libinit$$00000021)
    .ARM.Collect$$libinit$$00000023          0x08000226   Section        0  libinit2.o(.ARM.Collect$$libinit$$00000023)
    .ARM.Collect$$libinit$$00000025          0x08000226   Section        0  libinit2.o(.ARM.Collect$$libinit$$00000025)
    .ARM.Collect$$libinit$$0000002C          0x08000226   Section        0  libinit2.o(.ARM.Collect$$libinit$$0000002C)
    .ARM.Collect$$libinit$$0000002E          0x08000226   Section        0  libinit2.o(.ARM.Collect$$libinit$$0000002E)
    .ARM.Collect$$libinit$$00000030          0x08000226   Section        0  libinit2.o(.ARM.Collect$$libinit$$00000030)
    .ARM.Collect$$libinit$$00000032          0x08000226   Section        0  libinit2.o(.ARM.Collect$$libinit$$00000032)
    .ARM.Collect$$libinit$$00000033          0x08000226   Section        2  libinit2.o(.ARM.Collect$$libinit$$00000033)
    .ARM.Collect$$libshutdown$$00000000      0x08000228   Section        2  libshutdown.o(.ARM.Collect$$libshutdown$$00000000)
    .ARM.Collect$$libshutdown$$00000002      0x0800022a   Section        0  libshutdown2.o(.ARM.Collect$$libshutdown$$00000002)
    .ARM.Collect$$libshutdown$$00000004      0x0800022a   Section        0  libshutdown2.o(.ARM.Collect$$libshutdown$$00000004)
    .ARM.Collect$$libshutdown$$00000007      0x0800022a   Section        0  libshutdown2.o(.ARM.Collect$$libshutdown$$00000007)
    .ARM.Collect$$libshutdown$$0000000A      0x0800022a   Section        0  libshutdown2.o(.ARM.Collect$$libshutdown$$0000000A)
    .ARM.Collect$$libshutdown$$0000000C      0x0800022a   Section        0  libshutdown2.o(.ARM.Collect$$libshutdown$$0000000C)
    .ARM.Collect$$libshutdown$$0000000F      0x0800022a   Section        0  libshutdown2.o(.ARM.Collect$$libshutdown$$0000000F)
    .ARM.Collect$$libshutdown$$00000010      0x0800022a   Section        2  libshutdown2.o(.ARM.Collect$$libshutdown$$00000010)
    .ARM.Collect$$rtentry$$00000000          0x0800022c   Section        0  __rtentry.o(.ARM.Collect$$rtentry$$00000000)
    .ARM.Collect$$rtentry$$00000002          0x0800022c   Section        0  __rtentry2.o(.ARM.Collect$$rtentry$$00000002)
    .ARM.Collect$$rtentry$$00000004          0x0800022c   Section        6  __rtentry4.o(.ARM.Collect$$rtentry$$00000004)
    .ARM.Collect$$rtentry$$00000009          0x08000232   Section        0  __rtentry2.o(.ARM.Collect$$rtentry$$00000009)
    .ARM.Collect$$rtentry$$0000000A          0x08000232   Section        4  __rtentry2.o(.ARM.Collect$$rtentry$$0000000A)
    .ARM.Collect$$rtentry$$0000000C          0x08000236   Section        0  __rtentry2.o(.ARM.Collect$$rtentry$$0000000C)
    .ARM.Collect$$rtentry$$0000000D          0x08000236   Section        8  __rtentry2.o(.ARM.Collect$$rtentry$$0000000D)
    .ARM.Collect$$rtexit$$00000000           0x0800023e   Section        2  rtexit.o(.ARM.Collect$$rtexit$$00000000)
    .ARM.Collect$$rtexit$$00000002           0x08000240   Section        0  rtexit2.o(.ARM.Collect$$rtexit$$00000002)
    .ARM.Collect$$rtexit$$00000003           0x08000240   Section        4  rtexit2.o(.ARM.Collect$$rtexit$$00000003)
    .ARM.Collect$$rtexit$$00000004           0x08000244   Section        6  rtexit2.o(.ARM.Collect$$rtexit$$00000004)
    .text                                    0x0800024c   Section        0  main.o(.text)
    .text                                    0x08000454   Section        0  system_control.o(.text)
    .text                                    0x080005a4   Section        0  ov7670_control.o(.text)
    .text                                    0x080009c8   Section        0  lcd_ili9341.o(.text)
    .text                                    0x08001600   Section        0  lcd_spi.o(.text)
    .text                                    0x080017b0   Section        0  cv.o(.text)
    .text                                    0x08001c48   Section        0  adc.o(.text)
    .text                                    0x08001cf0   Section        0  uart.o(.text)
    .text                                    0x08001dc0   Section        0  misc.o(.text)
    .text                                    0x08001ea0   Section        0  stm32f4xx_adc.o(.text)
    .text                                    0x08002304   Section        0  stm32f4xx_dcmi.o(.text)
    .text                                    0x08002490   Section        0  stm32f4xx_dma.o(.text)
    .text                                    0x08002838   Section        0  stm32f4xx_gpio.o(.text)
    .text                                    0x08002acc   Section        0  stm32f4xx_i2c.o(.text)
    .text                                    0x08002f24   Section        0  stm32f4xx_rcc.o(.text)
    .text                                    0x0800355c   Section        0  stm32f4xx_spi.o(.text)
    .text                                    0x080039ac   Section        0  stm32f4xx_tim.o(.text)
    TI4_Config                               0x0800414b   Thumb Code    80  stm32f4xx_tim.o(.text)
    TI3_Config                               0x080041ad   Thumb Code    72  stm32f4xx_tim.o(.text)
    TI2_Config                               0x0800420f   Thumb Code    90  stm32f4xx_tim.o(.text)
    TI1_Config                               0x0800427b   Thumb Code    58  stm32f4xx_tim.o(.text)
    .text                                    0x08004650   Section        0  stm32f4xx_usart.o(.text)
    .text                                    0x08004aa4   Section       64  startup_stm32f429_439xx.o(.text)
    $v0                                      0x08004aa4   Number         0  startup_stm32f429_439xx.o(.text)
    .text                                    0x08004ae4   Section        0  system_stm32f4xx.o(.text)
    SetSysClock                              0x08004ae5   Thumb Code   272  system_stm32f4xx.o(.text)
    .text                                    0x08004d28   Section       68  rt_memclr.o(.text)
    .text                                    0x08004d6c   Section        0  heapauxi.o(.text)
    .text                                    0x08004d72   Section       78  rt_memclr_w.o(.text)
    .text                                    0x08004dc0   Section       74  sys_stackheap_outer.o(.text)
    .text                                    0x08004e0a   Section        0  exit.o(.text)
    .text                                    0x08004e1c   Section        8  libspace.o(.text)
    .text                                    0x08004e24   Section        0  sys_exit.o(.text)
    .text                                    0x08004e30   Section        2  use_no_semi.o(.text)
    .text                                    0x08004e32   Section        0  indicate_semi.o(.text)
    x$fpl$fpinit                             0x08004e32   Section       10  fpinit.o(x$fpl$fpinit)
    $v0                                      0x08004e32   Number         0  fpinit.o(x$fpl$fpinit)
    .constdata                               0x08004e3c   Section      244  ov7670_control.o(.constdata)
    .constdata                               0x08004f30   Section    10260  lcd_fonts.o(.constdata)
    .data                                    0x20000000   Section        6  main.o(.data)
    STM_mode                                 0x20000000   Data           1  main.o(.data)
    btn_pressed                              0x20000001   Data           1  main.o(.data)
    sett_mode                                0x20000002   Data           1  main.o(.data)
    frame_flag                               0x20000003   Data           1  main.o(.data)
    old_state                                0x20000004   Data           1  main.o(.data)
    init                                     0x20000005   Data           1  main.o(.data)
    .data                                    0x20000008   Section       24  lcd_fonts.o(.data)
    .data                                    0x20000020   Section       11  lcd_ili9341.o(.data)
    .data                                    0x2000002b   Section       16  stm32f4xx_rcc.o(.data)
    APBAHBPrescTable                         0x2000002b   Data          16  stm32f4xx_rcc.o(.data)
    .data                                    0x2000003c   Section       20  system_stm32f4xx.o(.data)
    .bss                                     0x20000050   Section    28800  main.o(.bss)
    .bss                                     0x200070d0   Section    153600  ov7670_control.o(.bss)
    .bss                                     0x2002c8d0   Section       96  libspace.o(.bss)
    HEAP                                     0x2002c930   Section      512  startup_stm32f429_439xx.o(HEAP)
    Heap_Mem                                 0x2002c930   Data         512  startup_stm32f429_439xx.o(HEAP)
    STACK                                    0x2002cb30   Section     1024  startup_stm32f429_439xx.o(STACK)
    Stack_Mem                                0x2002cb30   Data        1024  startup_stm32f429_439xx.o(STACK)
    __initial_sp                             0x2002cf30   Data           0  startup_stm32f429_439xx.o(STACK)

    Global Symbols

    Symbol Name                              Value     Ov Type        Size  Object(Section)

    BuildAttributes$$THM_ISAv4$E$P$D$K$B$S$7EM$VFPi3$EXTD16$VFPS$VFMA$PE$A:L22UL41UL21$X:L11$S22US41US21$IEEE1$IW$USESV6$~STKCKD$USESV7$~SHL$OSPACE$ROPI$EBA8$UX$STANDARDLIB$REQ8$PRES8$EABIv2 0x00000000   Number         0  anon$$obj.o ABSOLUTE
    __ARM_use_no_argv                        0x00000000   Number         0  main.o ABSOLUTE
    __ARM_exceptions_init                     - Undefined Weak Reference
    __alloca_initialize                       - Undefined Weak Reference
    __arm_preinit_                            - Undefined Weak Reference
    __cpp_initialize__aeabi_                  - Undefined Weak Reference
    __cxa_finalize                            - Undefined Weak Reference
    __rt_locale                               - Undefined Weak Reference
    __sigvec_lookup                           - Undefined Weak Reference
    _atexit_init                              - Undefined Weak Reference
    _call_atexit_fns                          - Undefined Weak Reference
    _clock_init                               - Undefined Weak Reference
    _fp_trap_init                             - Undefined Weak Reference
    _fp_trap_shutdown                         - Undefined Weak Reference
    _get_lc_collate                           - Undefined Weak Reference
    _get_lc_ctype                             - Undefined Weak Reference
    _get_lc_monetary                          - Undefined Weak Reference
    _get_lc_numeric                           - Undefined Weak Reference
    _get_lc_time                              - Undefined Weak Reference
    _getenv_init                              - Undefined Weak Reference
    _handle_redirection                       - Undefined Weak Reference
    _init_alloc                               - Undefined Weak Reference
    _init_user_alloc                          - Undefined Weak Reference
    _initio                                   - Undefined Weak Reference
    _rand_init                                - Undefined Weak Reference
    _signal_finish                            - Undefined Weak Reference
    _signal_init                              - Undefined Weak Reference
    _terminate_alloc                          - Undefined Weak Reference
    _terminate_user_alloc                     - Undefined Weak Reference
    _terminateio                              - Undefined Weak Reference
    __Vectors_Size                           0x000001ac   Number         0  startup_stm32f429_439xx.o ABSOLUTE
    __Vectors                                0x08000000   Data           4  startup_stm32f429_439xx.o(RESET)
    __Vectors_End                            0x080001ac   Data           0  startup_stm32f429_439xx.o(RESET)
    __main                                   0x080001ad   Thumb Code     8  __main.o(!!!main)
    __scatterload                            0x080001b5   Thumb Code     0  __scatter.o(!!!scatter)
    __scatterload_rt2                        0x080001b5   Thumb Code    44  __scatter.o(!!!scatter)
    __scatterload_rt2_thumb_only             0x080001b5   Thumb Code     0  __scatter.o(!!!scatter)
    __scatterload_null                       0x080001c3   Thumb Code     0  __scatter.o(!!!scatter)
    __scatterload_copy                       0x080001e9   Thumb Code    26  __scatter_copy.o(!!handler_copy)
    __scatterload_zeroinit                   0x08000205   Thumb Code    28  __scatter_zi.o(!!handler_zi)
    __rt_lib_init                            0x08000221   Thumb Code     0  libinit.o(.ARM.Collect$$libinit$$00000000)
    __rt_lib_init_fp_1                       0x08000223   Thumb Code     0  libinit2.o(.ARM.Collect$$libinit$$00000001)
    __rt_lib_init_alloca_1                   0x08000227   Thumb Code     0  libinit2.o(.ARM.Collect$$libinit$$0000002E)
    __rt_lib_init_argv_1                     0x08000227   Thumb Code     0  libinit2.o(.ARM.Collect$$libinit$$0000002C)
    __rt_lib_init_atexit_1                   0x08000227   Thumb Code     0  libinit2.o(.ARM.Collect$$libinit$$0000001B)
    __rt_lib_init_clock_1                    0x08000227   Thumb Code     0  libinit2.o(.ARM.Collect$$libinit$$00000021)
    __rt_lib_init_cpp_1                      0x08000227   Thumb Code     0  libinit2.o(.ARM.Collect$$libinit$$00000032)
    __rt_lib_init_exceptions_1               0x08000227   Thumb Code     0  libinit2.o(.ARM.Collect$$libinit$$00000030)
    __rt_lib_init_fp_trap_1                  0x08000227   Thumb Code     0  libinit2.o(.ARM.Collect$$libinit$$0000001F)
    __rt_lib_init_getenv_1                   0x08000227   Thumb Code     0  libinit2.o(.ARM.Collect$$libinit$$00000023)
    __rt_lib_init_heap_1                     0x08000227   Thumb Code     0  libinit2.o(.ARM.Collect$$libinit$$0000000A)
    __rt_lib_init_lc_collate_1               0x08000227   Thumb Code     0  libinit2.o(.ARM.Collect$$libinit$$00000011)
    __rt_lib_init_lc_ctype_1                 0x08000227   Thumb Code     0  libinit2.o(.ARM.Collect$$libinit$$00000013)
    __rt_lib_init_lc_monetary_1              0x08000227   Thumb Code     0  libinit2.o(.ARM.Collect$$libinit$$00000015)
    __rt_lib_init_lc_numeric_1               0x08000227   Thumb Code     0  libinit2.o(.ARM.Collect$$libinit$$00000017)
    __rt_lib_init_lc_time_1                  0x08000227   Thumb Code     0  libinit2.o(.ARM.Collect$$libinit$$00000019)
    __rt_lib_init_preinit_1                  0x08000227   Thumb Code     0  libinit2.o(.ARM.Collect$$libinit$$00000004)
    __rt_lib_init_rand_1                     0x08000227   Thumb Code     0  libinit2.o(.ARM.Collect$$libinit$$0000000E)
    __rt_lib_init_return                     0x08000227   Thumb Code     0  libinit2.o(.ARM.Collect$$libinit$$00000033)
    __rt_lib_init_signal_1                   0x08000227   Thumb Code     0  libinit2.o(.ARM.Collect$$libinit$$0000001D)
    __rt_lib_init_stdio_1                    0x08000227   Thumb Code     0  libinit2.o(.ARM.Collect$$libinit$$00000025)
    __rt_lib_init_user_alloc_1               0x08000227   Thumb Code     0  libinit2.o(.ARM.Collect$$libinit$$0000000C)
    __rt_lib_shutdown                        0x08000229   Thumb Code     0  libshutdown.o(.ARM.Collect$$libshutdown$$00000000)
    __rt_lib_shutdown_cpp_1                  0x0800022b   Thumb Code     0  libshutdown2.o(.ARM.Collect$$libshutdown$$00000002)
    __rt_lib_shutdown_fp_trap_1              0x0800022b   Thumb Code     0  libshutdown2.o(.ARM.Collect$$libshutdown$$00000007)
    __rt_lib_shutdown_heap_1                 0x0800022b   Thumb Code     0  libshutdown2.o(.ARM.Collect$$libshutdown$$0000000F)
    __rt_lib_shutdown_return                 0x0800022b   Thumb Code     0  libshutdown2.o(.ARM.Collect$$libshutdown$$00000010)
    __rt_lib_shutdown_signal_1               0x0800022b   Thumb Code     0  libshutdown2.o(.ARM.Collect$$libshutdown$$0000000A)
    __rt_lib_shutdown_stdio_1                0x0800022b   Thumb Code     0  libshutdown2.o(.ARM.Collect$$libshutdown$$00000004)
    __rt_lib_shutdown_user_alloc_1           0x0800022b   Thumb Code     0  libshutdown2.o(.ARM.Collect$$libshutdown$$0000000C)
    __rt_entry                               0x0800022d   Thumb Code     0  __rtentry.o(.ARM.Collect$$rtentry$$00000000)
    __rt_entry_presh_1                       0x0800022d   Thumb Code     0  __rtentry2.o(.ARM.Collect$$rtentry$$00000002)
    __rt_entry_sh                            0x0800022d   Thumb Code     0  __rtentry4.o(.ARM.Collect$$rtentry$$00000004)
    __rt_entry_li                            0x08000233   Thumb Code     0  __rtentry2.o(.ARM.Collect$$rtentry$$0000000A)
    __rt_entry_postsh_1                      0x08000233   Thumb Code     0  __rtentry2.o(.ARM.Collect$$rtentry$$00000009)
    __rt_entry_main                          0x08000237   Thumb Code     0  __rtentry2.o(.ARM.Collect$$rtentry$$0000000D)
    __rt_entry_postli_1                      0x08000237   Thumb Code     0  __rtentry2.o(.ARM.Collect$$rtentry$$0000000C)
    __rt_exit                                0x0800023f   Thumb Code     0  rtexit.o(.ARM.Collect$$rtexit$$00000000)
    __rt_exit_ls                             0x08000241   Thumb Code     0  rtexit2.o(.ARM.Collect$$rtexit$$00000003)
    __rt_exit_prels_1                        0x08000241   Thumb Code     0  rtexit2.o(.ARM.Collect$$rtexit$$00000002)
    __rt_exit_exit                           0x08000245   Thumb Code     0  rtexit2.o(.ARM.Collect$$rtexit$$00000004)
    main                                     0x0800024d   Thumb Code   220  main.o(.text)
    TIM3_IRQHandler                          0x08000329   Thumb Code    96  main.o(.text)
    TIM4_IRQHandler                          0x08000389   Thumb Code    74  main.o(.text)
    DMA2_Stream1_IRQHandler                  0x080003d3   Thumb Code    36  main.o(.text)
    STM_LedInit                              0x08000455   Thumb Code    48  system_control.o(.text)
    STM_ButtonInit                           0x08000485   Thumb Code    46  system_control.o(.text)
    STM_LedOn                                0x080004b3   Thumb Code    14  system_control.o(.text)
    STM_LedOff                               0x080004c1   Thumb Code    14  system_control.o(.text)
    STM_ButtonPressed                        0x080004cf   Thumb Code    12  system_control.o(.text)
    STM_TimerInit                            0x080004db   Thumb Code   184  system_control.o(.text)
    Delay                                    0x080005a5   Thumb Code    20  ov7670_control.o(.text)
    MCO1_init                                0x080005b9   Thumb Code    76  ov7670_control.o(.text)
    SCCB_init                                0x08000605   Thumb Code   150  ov7670_control.o(.text)
    SCCB_write_reg                           0x0800069b   Thumb Code   190  ov7670_control.o(.text)
    OV7670_init                              0x08000759   Thumb Code    78  ov7670_control.o(.text)
    DCMI_DMA_init                            0x080007a7   Thumb Code   492  ov7670_control.o(.text)
    LCD_ILI9341_SendCommand                  0x080009c9   Thumb Code    40  lcd_ili9341.o(.text)
    LCD_ILI9341_Delay                        0x080009f1   Thumb Code    18  lcd_ili9341.o(.text)
    LCD_ILI9341_SendData                     0x08000a03   Thumb Code    40  lcd_ili9341.o(.text)
    LCD_ILI9341_InitLCD                      0x08000a2b   Thumb Code   590  lcd_ili9341.o(.text)
    LCD_ILI9341_Init                         0x08000c79   Thumb Code   136  lcd_ili9341.o(.text)
    LCD_ILI9341_SetCursorPosition            0x08000d01   Thumb Code    76  lcd_ili9341.o(.text)
    LCD_ILI9341_DrawPixel                    0x08000d4d   Thumb Code    40  lcd_ili9341.o(.text)
    LCD_ILI9341_Fill                         0x08000d75   Thumb Code   100  lcd_ili9341.o(.text)
    LCD_ILI9341_Display_bit_Image            0x08000dd9   Thumb Code   140  lcd_ili9341.o(.text)
    LCD_ILI9341_DisplayImage                 0x08000e65   Thumb Code   534  lcd_ili9341.o(.text)
    LCD_ILI9341_Rotate                       0x0800107b   Thumb Code    96  lcd_ili9341.o(.text)
    LCD_ILI9341_Putc                         0x080010db   Thumb Code   172  lcd_ili9341.o(.text)
    LCD_ILI9341_Puts                         0x08001187   Thumb Code   160  lcd_ili9341.o(.text)
    LCD_ILI9341_GetStringSize                0x08001227   Thumb Code    28  lcd_ili9341.o(.text)
    LCD_ILI9341_DrawLine                     0x08001243   Thumb Code   230  lcd_ili9341.o(.text)
    LCD_ILI9341_DrawRectangle                0x08001329   Thumb Code    74  lcd_ili9341.o(.text)
    LCD_ILI9341_DrawFilledRectangle          0x08001373   Thumb Code    46  lcd_ili9341.o(.text)
    LCD_ILI9341_DrawCircle                   0x080013a1   Thumb Code   260  lcd_ili9341.o(.text)
    LCD_ILI9341_DrawFilledCircle             0x080014a5   Thumb Code   348  lcd_ili9341.o(.text)
    LCD_SPI_Init                             0x08001601   Thumb Code   158  lcd_spi.o(.text)
    LCD_SPI_Send                             0x0800169f   Thumb Code    56  lcd_spi.o(.text)
    LCD_SPI_SendMulti                        0x080016d7   Thumb Code    38  lcd_spi.o(.text)
    LCD_SPI_WriteMulti                       0x080016fd   Thumb Code    34  lcd_spi.o(.text)
    LCD_SPI_ReadMulti                        0x0800171f   Thumb Code    38  lcd_spi.o(.text)
    LCD_SPI_BaudRateUp                       0x08001745   Thumb Code    98  lcd_spi.o(.text)
    bit_shift                                0x080017b1   Thumb Code    42  cv.o(.text)
    yellow_filter                            0x080017db   Thumb Code   432  cv.o(.text)
    compare                                  0x0800198b   Thumb Code   522  cv.o(.text)
    get_originYellow                         0x08001b95   Thumb Code   180  cv.o(.text)
    set_adc                                  0x08001c49   Thumb Code   128  adc.o(.text)
    ADC_Read                                 0x08001cc9   Thumb Code    30  adc.o(.text)
    set_uart                                 0x08001cf1   Thumb Code   130  uart.o(.text)
    USART_Send                               0x08001d73   Thumb Code    30  uart.o(.text)
    USART_String_Send                        0x08001d91   Thumb Code    40  uart.o(.text)
    NVIC_PriorityGroupConfig                 0x08001dc1   Thumb Code    10  misc.o(.text)
    NVIC_Init                                0x08001dcb   Thumb Code   106  misc.o(.text)
    NVIC_SetVectorTable                      0x08001e35   Thumb Code    14  misc.o(.text)
    NVIC_SystemLPConfig                      0x08001e43   Thumb Code    34  misc.o(.text)
    SysTick_CLKSourceConfig                  0x08001e65   Thumb Code    40  misc.o(.text)
    ADC_DeInit                               0x08001ea1   Thumb Code    22  stm32f4xx_adc.o(.text)
    ADC_Init                                 0x08001eb7   Thumb Code    74  stm32f4xx_adc.o(.text)
    ADC_StructInit                           0x08001f01   Thumb Code    20  stm32f4xx_adc.o(.text)
    ADC_CommonInit                           0x08001f15   Thumb Code    34  stm32f4xx_adc.o(.text)
    ADC_CommonStructInit                     0x08001f37   Thumb Code    12  stm32f4xx_adc.o(.text)
    ADC_Cmd                                  0x08001f43   Thumb Code    22  stm32f4xx_adc.o(.text)
    ADC_AnalogWatchdogCmd                    0x08001f59   Thumb Code    16  stm32f4xx_adc.o(.text)
    ADC_AnalogWatchdogThresholdsConfig       0x08001f69   Thumb Code     6  stm32f4xx_adc.o(.text)
    ADC_AnalogWatchdogSingleChannelConfig    0x08001f6f   Thumb Code    16  stm32f4xx_adc.o(.text)
    ADC_TempSensorVrefintCmd                 0x08001f7f   Thumb Code    34  stm32f4xx_adc.o(.text)
    ADC_VBATCmd                              0x08001fa1   Thumb Code    34  stm32f4xx_adc.o(.text)
    ADC_RegularChannelConfig                 0x08001fc3   Thumb Code   184  stm32f4xx_adc.o(.text)
    ADC_SoftwareStartConv                    0x0800207b   Thumb Code    10  stm32f4xx_adc.o(.text)
    ADC_GetSoftwareStartConvStatus           0x08002085   Thumb Code    20  stm32f4xx_adc.o(.text)
    ADC_EOCOnEachRegularChannelCmd           0x08002099   Thumb Code    22  stm32f4xx_adc.o(.text)
    ADC_ContinuousModeCmd                    0x080020af   Thumb Code    22  stm32f4xx_adc.o(.text)
    ADC_DiscModeChannelCountConfig           0x080020c5   Thumb Code    24  stm32f4xx_adc.o(.text)
    ADC_DiscModeCmd                          0x080020dd   Thumb Code    22  stm32f4xx_adc.o(.text)
    ADC_GetConversionValue                   0x080020f3   Thumb Code     8  stm32f4xx_adc.o(.text)
    ADC_GetMultiModeConversionValue          0x080020fb   Thumb Code     8  stm32f4xx_adc.o(.text)
    ADC_DMACmd                               0x08002103   Thumb Code    22  stm32f4xx_adc.o(.text)
    ADC_DMARequestAfterLastTransferCmd       0x08002119   Thumb Code    22  stm32f4xx_adc.o(.text)
    ADC_MultiModeDMARequestAfterLastTransferCmd 0x0800212f   Thumb Code    34  stm32f4xx_adc.o(.text)
    ADC_InjectedChannelConfig                0x08002151   Thumb Code   130  stm32f4xx_adc.o(.text)
    ADC_InjectedSequencerLengthConfig        0x080021d3   Thumb Code    24  stm32f4xx_adc.o(.text)
    ADC_SetInjectedOffset                    0x080021eb   Thumb Code    20  stm32f4xx_adc.o(.text)
    ADC_ExternalTrigInjectedConvConfig       0x080021ff   Thumb Code    16  stm32f4xx_adc.o(.text)
    ADC_ExternalTrigInjectedConvEdgeConfig   0x0800220f   Thumb Code    16  stm32f4xx_adc.o(.text)
    ADC_SoftwareStartInjectedConv            0x0800221f   Thumb Code    10  stm32f4xx_adc.o(.text)
    ADC_GetSoftwareStartInjectedConvCmdStatus 0x08002229   Thumb Code    20  stm32f4xx_adc.o(.text)
    ADC_AutoInjectedConvCmd                  0x0800223d   Thumb Code    22  stm32f4xx_adc.o(.text)
    ADC_InjectedDiscModeCmd                  0x08002253   Thumb Code    22  stm32f4xx_adc.o(.text)
    ADC_GetInjectedConversionValue           0x08002269   Thumb Code    28  stm32f4xx_adc.o(.text)
    ADC_ITConfig                             0x08002285   Thumb Code    56  stm32f4xx_adc.o(.text)
    ADC_GetFlagStatus                        0x080022bd   Thumb Code    18  stm32f4xx_adc.o(.text)
    ADC_ClearFlag                            0x080022cf   Thumb Code     6  stm32f4xx_adc.o(.text)
    ADC_GetITStatus                          0x080022d5   Thumb Code    38  stm32f4xx_adc.o(.text)
    ADC_ClearITPendingBit                    0x080022fb   Thumb Code    10  stm32f4xx_adc.o(.text)
    DCMI_DeInit                              0x08002305   Thumb Code    24  stm32f4xx_dcmi.o(.text)
    DCMI_Init                                0x0800231d   Thumb Code    60  stm32f4xx_dcmi.o(.text)
    DCMI_StructInit                          0x08002359   Thumb Code    18  stm32f4xx_dcmi.o(.text)
    DCMI_CROPConfig                          0x0800236b   Thumb Code    26  stm32f4xx_dcmi.o(.text)
    DCMI_CROPCmd                             0x08002385   Thumb Code    30  stm32f4xx_dcmi.o(.text)
    DCMI_SetEmbeddedSynchroCodes             0x080023a3   Thumb Code    26  stm32f4xx_dcmi.o(.text)
    DCMI_JPEGCmd                             0x080023bd   Thumb Code    30  stm32f4xx_dcmi.o(.text)
    DCMI_Cmd                                 0x080023db   Thumb Code    30  stm32f4xx_dcmi.o(.text)
    DCMI_CaptureCmd                          0x080023f9   Thumb Code    30  stm32f4xx_dcmi.o(.text)
    DCMI_ReadData                            0x08002417   Thumb Code     6  stm32f4xx_dcmi.o(.text)
    DCMI_ITConfig                            0x0800241d   Thumb Code    30  stm32f4xx_dcmi.o(.text)
    DCMI_GetFlagStatus                       0x0800243b   Thumb Code    46  stm32f4xx_dcmi.o(.text)
    DCMI_ClearFlag                           0x08002469   Thumb Code     6  stm32f4xx_dcmi.o(.text)
    DCMI_GetITStatus                         0x0800246f   Thumb Code    24  stm32f4xx_dcmi.o(.text)
    DCMI_ClearITPendingBit                   0x08002487   Thumb Code     6  stm32f4xx_dcmi.o(.text)
    DMA_DeInit                               0x08002491   Thumb Code   324  stm32f4xx_dma.o(.text)
    DMA_Init                                 0x080025d5   Thumb Code    82  stm32f4xx_dma.o(.text)
    DMA_StructInit                           0x08002627   Thumb Code    34  stm32f4xx_dma.o(.text)
    DMA_Cmd                                  0x08002649   Thumb Code    22  stm32f4xx_dma.o(.text)
    DMA_PeriphIncOffsetSizeConfig            0x0800265f   Thumb Code    22  stm32f4xx_dma.o(.text)
    DMA_FlowControllerConfig                 0x08002675   Thumb Code    22  stm32f4xx_dma.o(.text)
    DMA_SetCurrDataCounter                   0x0800268b   Thumb Code     4  stm32f4xx_dma.o(.text)
    DMA_GetCurrDataCounter                   0x0800268f   Thumb Code     8  stm32f4xx_dma.o(.text)
    DMA_DoubleBufferModeConfig               0x08002697   Thumb Code    24  stm32f4xx_dma.o(.text)
    DMA_DoubleBufferModeCmd                  0x080026af   Thumb Code    22  stm32f4xx_dma.o(.text)
    DMA_MemoryTargetConfig                   0x080026c5   Thumb Code    10  stm32f4xx_dma.o(.text)
    DMA_GetCurrentMemoryTarget               0x080026cf   Thumb Code    20  stm32f4xx_dma.o(.text)
    DMA_GetCmdStatus                         0x080026e3   Thumb Code    20  stm32f4xx_dma.o(.text)
    DMA_GetFIFOStatus                        0x080026f7   Thumb Code    12  stm32f4xx_dma.o(.text)
    DMA_GetFlagStatus                        0x08002703   Thumb Code    56  stm32f4xx_dma.o(.text)
    DMA_ClearFlag                            0x0800273b   Thumb Code    40  stm32f4xx_dma.o(.text)
    DMA_ITConfig                             0x08002763   Thumb Code    58  stm32f4xx_dma.o(.text)
    DMA_GetITStatus                          0x0800279d   Thumb Code    84  stm32f4xx_dma.o(.text)
    DMA_ClearITPendingBit                    0x080027f1   Thumb Code    40  stm32f4xx_dma.o(.text)
    GPIO_DeInit                              0x08002839   Thumb Code   268  stm32f4xx_gpio.o(.text)
    GPIO_Init                                0x08002945   Thumb Code   144  stm32f4xx_gpio.o(.text)
    GPIO_StructInit                          0x080029d5   Thumb Code    18  stm32f4xx_gpio.o(.text)
    GPIO_PinLockConfig                       0x080029e7   Thumb Code    34  stm32f4xx_gpio.o(.text)
    GPIO_ReadInputDataBit                    0x08002a09   Thumb Code    18  stm32f4xx_gpio.o(.text)
    GPIO_ReadInputData                       0x08002a1b   Thumb Code     8  stm32f4xx_gpio.o(.text)
    GPIO_ReadOutputDataBit                   0x08002a23   Thumb Code    18  stm32f4xx_gpio.o(.text)
    GPIO_ReadOutputData                      0x08002a35   Thumb Code     8  stm32f4xx_gpio.o(.text)
    GPIO_SetBits                             0x08002a3d   Thumb Code     4  stm32f4xx_gpio.o(.text)
    GPIO_ResetBits                           0x08002a41   Thumb Code     4  stm32f4xx_gpio.o(.text)
    GPIO_WriteBit                            0x08002a45   Thumb Code    10  stm32f4xx_gpio.o(.text)
    GPIO_Write                               0x08002a4f   Thumb Code     4  stm32f4xx_gpio.o(.text)
    GPIO_ToggleBits                          0x08002a53   Thumb Code     8  stm32f4xx_gpio.o(.text)
    GPIO_PinAFConfig                         0x08002a5b   Thumb Code    70  stm32f4xx_gpio.o(.text)
    I2C_DeInit                               0x08002acd   Thumb Code    82  stm32f4xx_i2c.o(.text)
    I2C_Init                                 0x08002b1f   Thumb Code   218  stm32f4xx_i2c.o(.text)
    I2C_StructInit                           0x08002bf9   Thumb Code    30  stm32f4xx_i2c.o(.text)
    I2C_Cmd                                  0x08002c17   Thumb Code    24  stm32f4xx_i2c.o(.text)
    I2C_AnalogFilterCmd                      0x08002c2f   Thumb Code    24  stm32f4xx_i2c.o(.text)
    I2C_DigitalFilterConfig                  0x08002c47   Thumb Code    22  stm32f4xx_i2c.o(.text)
    I2C_GenerateSTART                        0x08002c5d   Thumb Code    24  stm32f4xx_i2c.o(.text)
    I2C_GenerateSTOP                         0x08002c75   Thumb Code    24  stm32f4xx_i2c.o(.text)
    I2C_Send7bitAddress                      0x08002c8d   Thumb Code    16  stm32f4xx_i2c.o(.text)
    I2C_AcknowledgeConfig                    0x08002c9d   Thumb Code    24  stm32f4xx_i2c.o(.text)
    I2C_OwnAddress2Config                    0x08002cb5   Thumb Code    22  stm32f4xx_i2c.o(.text)
    I2C_DualAddressCmd                       0x08002ccb   Thumb Code    24  stm32f4xx_i2c.o(.text)
    I2C_GeneralCallCmd                       0x08002ce3   Thumb Code    24  stm32f4xx_i2c.o(.text)
    I2C_SoftwareResetCmd                     0x08002cfb   Thumb Code    22  stm32f4xx_i2c.o(.text)
    I2C_StretchClockCmd                      0x08002d11   Thumb Code    24  stm32f4xx_i2c.o(.text)
    I2C_FastModeDutyCycleConfig              0x08002d29   Thumb Code    28  stm32f4xx_i2c.o(.text)
    I2C_NACKPositionConfig                   0x08002d45   Thumb Code    28  stm32f4xx_i2c.o(.text)
    I2C_SMBusAlertConfig                     0x08002d61   Thumb Code    28  stm32f4xx_i2c.o(.text)
    I2C_ARPCmd                               0x08002d7d   Thumb Code    24  stm32f4xx_i2c.o(.text)
    I2C_SendData                             0x08002d95   Thumb Code     4  stm32f4xx_i2c.o(.text)
    I2C_ReceiveData                          0x08002d99   Thumb Code     8  stm32f4xx_i2c.o(.text)
    I2C_TransmitPEC                          0x08002da1   Thumb Code    24  stm32f4xx_i2c.o(.text)
    I2C_PECPositionConfig                    0x08002db9   Thumb Code    28  stm32f4xx_i2c.o(.text)
    I2C_CalculatePEC                         0x08002dd5   Thumb Code    24  stm32f4xx_i2c.o(.text)
    I2C_GetPEC                               0x08002ded   Thumb Code     8  stm32f4xx_i2c.o(.text)
    I2C_DMACmd                               0x08002df5   Thumb Code    24  stm32f4xx_i2c.o(.text)
    I2C_DMALastTransferCmd                   0x08002e0d   Thumb Code    24  stm32f4xx_i2c.o(.text)
    I2C_ReadRegister                         0x08002e25   Thumb Code    22  stm32f4xx_i2c.o(.text)
    I2C_ITConfig                             0x08002e3b   Thumb Code    18  stm32f4xx_i2c.o(.text)
    I2C_CheckEvent                           0x08002e4d   Thumb Code    42  stm32f4xx_i2c.o(.text)
    I2C_GetLastEvent                         0x08002e77   Thumb Code    26  stm32f4xx_i2c.o(.text)
    I2C_GetFlagStatus                        0x08002e91   Thumb Code    84  stm32f4xx_i2c.o(.text)
    I2C_ClearFlag                            0x08002ee5   Thumb Code    12  stm32f4xx_i2c.o(.text)
    I2C_GetITStatus                          0x08002ef1   Thumb Code    38  stm32f4xx_i2c.o(.text)
    I2C_ClearITPendingBit                    0x08002f17   Thumb Code    12  stm32f4xx_i2c.o(.text)
    RCC_DeInit                               0x08002f25   Thumb Code    82  stm32f4xx_rcc.o(.text)
    RCC_HSEConfig                            0x08002f77   Thumb Code    14  stm32f4xx_rcc.o(.text)
    RCC_GetFlagStatus                        0x08002f85   Thumb Code    60  stm32f4xx_rcc.o(.text)
    RCC_WaitForHSEStartUp                    0x08002fc1   Thumb Code    56  stm32f4xx_rcc.o(.text)
    RCC_AdjustHSICalibrationValue            0x08002ff9   Thumb Code    20  stm32f4xx_rcc.o(.text)
    RCC_HSICmd                               0x0800300d   Thumb Code     6  stm32f4xx_rcc.o(.text)
    RCC_LSEConfig                            0x08003013   Thumb Code    46  stm32f4xx_rcc.o(.text)
    RCC_LSICmd                               0x08003041   Thumb Code     6  stm32f4xx_rcc.o(.text)
    RCC_PLLConfig                            0x08003047   Thumb Code    32  stm32f4xx_rcc.o(.text)
    RCC_PLLCmd                               0x08003067   Thumb Code     6  stm32f4xx_rcc.o(.text)
    RCC_PLLI2SConfig                         0x0800306d   Thumb Code    20  stm32f4xx_rcc.o(.text)
    RCC_PLLI2SCmd                            0x08003081   Thumb Code     6  stm32f4xx_rcc.o(.text)
    RCC_PLLSAIConfig                         0x08003087   Thumb Code    20  stm32f4xx_rcc.o(.text)
    RCC_PLLSAICmd                            0x0800309b   Thumb Code     6  stm32f4xx_rcc.o(.text)
    RCC_ClockSecuritySystemCmd               0x080030a1   Thumb Code     6  stm32f4xx_rcc.o(.text)
    RCC_MCO1Config                           0x080030a7   Thumb Code    28  stm32f4xx_rcc.o(.text)
    RCC_MCO2Config                           0x080030c3   Thumb Code    28  stm32f4xx_rcc.o(.text)
    RCC_SYSCLKConfig                         0x080030df   Thumb Code    20  stm32f4xx_rcc.o(.text)
    RCC_GetSYSCLKSource                      0x080030f3   Thumb Code    12  stm32f4xx_rcc.o(.text)
    RCC_HCLKConfig                           0x080030ff   Thumb Code    20  stm32f4xx_rcc.o(.text)
    RCC_PCLK1Config                          0x08003113   Thumb Code    20  stm32f4xx_rcc.o(.text)
    RCC_PCLK2Config                          0x08003127   Thumb Code    22  stm32f4xx_rcc.o(.text)
    RCC_GetClocksFreq                        0x0800313d   Thumb Code   222  stm32f4xx_rcc.o(.text)
    RCC_RTCCLKConfig                         0x0800321b   Thumb Code    54  stm32f4xx_rcc.o(.text)
    RCC_RTCCLKCmd                            0x08003251   Thumb Code     8  stm32f4xx_rcc.o(.text)
    RCC_BackupResetCmd                       0x08003259   Thumb Code     8  stm32f4xx_rcc.o(.text)
    RCC_I2SCLKConfig                         0x08003261   Thumb Code     6  stm32f4xx_rcc.o(.text)
    RCC_SAIPLLI2SClkDivConfig                0x08003267   Thumb Code    26  stm32f4xx_rcc.o(.text)
    RCC_SAIPLLSAIClkDivConfig                0x08003281   Thumb Code    28  stm32f4xx_rcc.o(.text)
    RCC_SAIBlockACLKConfig                   0x0800329d   Thumb Code    20  stm32f4xx_rcc.o(.text)
    RCC_SAIBlockBCLKConfig                   0x080032b1   Thumb Code    20  stm32f4xx_rcc.o(.text)
    RCC_LTDCCLKDivConfig                     0x080032c5   Thumb Code    20  stm32f4xx_rcc.o(.text)
    RCC_TIMCLKPresConfig                     0x080032d9   Thumb Code     6  stm32f4xx_rcc.o(.text)
    RCC_AHB1PeriphClockCmd                   0x080032df   Thumb Code    82  stm32f4xx_rcc.o(.text)
    RCC_AHB2PeriphClockCmd                   0x08003331   Thumb Code    26  stm32f4xx_rcc.o(.text)
    RCC_AHB3PeriphClockCmd                   0x0800334b   Thumb Code    34  stm32f4xx_rcc.o(.text)
    RCC_APB1PeriphClockCmd                   0x0800336d   Thumb Code    34  stm32f4xx_rcc.o(.text)
    RCC_APB2PeriphClockCmd                   0x0800338f   Thumb Code    34  stm32f4xx_rcc.o(.text)
    RCC_AHB1PeriphResetCmd                   0x080033b1   Thumb Code    34  stm32f4xx_rcc.o(.text)
    RCC_AHB2PeriphResetCmd                   0x080033d3   Thumb Code    34  stm32f4xx_rcc.o(.text)
    RCC_AHB3PeriphResetCmd                   0x080033f5   Thumb Code    34  stm32f4xx_rcc.o(.text)
    RCC_APB1PeriphResetCmd                   0x08003417   Thumb Code    34  stm32f4xx_rcc.o(.text)
    RCC_APB2PeriphResetCmd                   0x08003439   Thumb Code    34  stm32f4xx_rcc.o(.text)
    RCC_AHB1PeriphClockLPModeCmd             0x0800345b   Thumb Code    34  stm32f4xx_rcc.o(.text)
    RCC_AHB2PeriphClockLPModeCmd             0x0800347d   Thumb Code    34  stm32f4xx_rcc.o(.text)
    RCC_AHB3PeriphClockLPModeCmd             0x0800349f   Thumb Code    34  stm32f4xx_rcc.o(.text)
    RCC_APB1PeriphClockLPModeCmd             0x080034c1   Thumb Code    34  stm32f4xx_rcc.o(.text)
    RCC_APB2PeriphClockLPModeCmd             0x080034e3   Thumb Code    34  stm32f4xx_rcc.o(.text)
    RCC_ITConfig                             0x08003505   Thumb Code    34  stm32f4xx_rcc.o(.text)
    RCC_ClearFlag                            0x08003527   Thumb Code    18  stm32f4xx_rcc.o(.text)
    RCC_GetITStatus                          0x08003539   Thumb Code    22  stm32f4xx_rcc.o(.text)
    RCC_ClearITPendingBit                    0x0800354f   Thumb Code     8  stm32f4xx_rcc.o(.text)
    SPI_I2S_DeInit                           0x0800355d   Thumb Code   152  stm32f4xx_spi.o(.text)
    SPI_Init                                 0x080035f5   Thumb Code    60  stm32f4xx_spi.o(.text)
    I2S_Init                                 0x08003631   Thumb Code   350  stm32f4xx_spi.o(.text)
    SPI_StructInit                           0x0800378f   Thumb Code    24  stm32f4xx_spi.o(.text)
    I2S_StructInit                           0x080037a7   Thumb Code    20  stm32f4xx_spi.o(.text)
    SPI_Cmd                                  0x080037bb   Thumb Code    24  stm32f4xx_spi.o(.text)
    I2S_Cmd                                  0x080037d3   Thumb Code    24  stm32f4xx_spi.o(.text)
    SPI_DataSizeConfig                       0x080037eb   Thumb Code    18  stm32f4xx_spi.o(.text)
    SPI_BiDirectionalLineConfig              0x080037fd   Thumb Code    28  stm32f4xx_spi.o(.text)
    SPI_NSSInternalSoftwareConfig            0x08003819   Thumb Code    30  stm32f4xx_spi.o(.text)
    SPI_SSOutputCmd                          0x08003837   Thumb Code    24  stm32f4xx_spi.o(.text)
    SPI_TIModeCmd                            0x0800384f   Thumb Code    24  stm32f4xx_spi.o(.text)
    I2S_FullDuplexConfig                     0x08003867   Thumb Code    80  stm32f4xx_spi.o(.text)
    SPI_I2S_ReceiveData                      0x080038b7   Thumb Code     6  stm32f4xx_spi.o(.text)
    SPI_I2S_SendData                         0x080038bd   Thumb Code     4  stm32f4xx_spi.o(.text)
    SPI_CalculateCRC                         0x080038c1   Thumb Code    24  stm32f4xx_spi.o(.text)
    SPI_TransmitCRC                          0x080038d9   Thumb Code    10  stm32f4xx_spi.o(.text)
    SPI_GetCRC                               0x080038e3   Thumb Code    16  stm32f4xx_spi.o(.text)
    SPI_GetCRCPolynomial                     0x080038f3   Thumb Code     6  stm32f4xx_spi.o(.text)
    SPI_I2S_DMACmd                           0x080038f9   Thumb Code    18  stm32f4xx_spi.o(.text)
    SPI_I2S_ITConfig                         0x0800390b   Thumb Code    32  stm32f4xx_spi.o(.text)
    SPI_I2S_GetFlagStatus                    0x0800392b   Thumb Code    50  stm32f4xx_spi.o(.text)
    SPI_I2S_ClearFlag                        0x0800395d   Thumb Code     6  stm32f4xx_spi.o(.text)
    SPI_I2S_GetITStatus                      0x08003963   Thumb Code    52  stm32f4xx_spi.o(.text)
    SPI_I2S_ClearITPendingBit                0x08003997   Thumb Code    20  stm32f4xx_spi.o(.text)
    TIM_DeInit                               0x080039ad   Thumb Code   346  stm32f4xx_tim.o(.text)
    TIM_TimeBaseInit                         0x08003b07   Thumb Code   104  stm32f4xx_tim.o(.text)
    TIM_TimeBaseStructInit                   0x08003b6f   Thumb Code    18  stm32f4xx_tim.o(.text)
    TIM_PrescalerConfig                      0x08003b81   Thumb Code     6  stm32f4xx_tim.o(.text)
    TIM_CounterModeConfig                    0x08003b87   Thumb Code    18  stm32f4xx_tim.o(.text)
    TIM_SetCounter                           0x08003b99   Thumb Code     4  stm32f4xx_tim.o(.text)
    TIM_SetAutoreload                        0x08003b9d   Thumb Code     4  stm32f4xx_tim.o(.text)
    TIM_GetCounter                           0x08003ba1   Thumb Code     6  stm32f4xx_tim.o(.text)
    TIM_GetPrescaler                         0x08003ba7   Thumb Code     6  stm32f4xx_tim.o(.text)
    TIM_UpdateDisableConfig                  0x08003bad   Thumb Code    24  stm32f4xx_tim.o(.text)
    TIM_UpdateRequestConfig                  0x08003bc5   Thumb Code    24  stm32f4xx_tim.o(.text)
    TIM_ARRPreloadConfig                     0x08003bdd   Thumb Code    24  stm32f4xx_tim.o(.text)
    TIM_SelectOnePulseMode                   0x08003bf5   Thumb Code    18  stm32f4xx_tim.o(.text)
    TIM_SetClockDivision                     0x08003c07   Thumb Code    18  stm32f4xx_tim.o(.text)
    TIM_Cmd                                  0x08003c19   Thumb Code    24  stm32f4xx_tim.o(.text)
    TIM_OC1Init                              0x08003c31   Thumb Code   114  stm32f4xx_tim.o(.text)
    TIM_OC2Init                              0x08003ca3   Thumb Code   154  stm32f4xx_tim.o(.text)
    TIM_OC3Init                              0x08003d3d   Thumb Code   204  stm32f4xx_tim.o(.text)
    TIM_OC4Init                              0x08003e09   Thumb Code   112  stm32f4xx_tim.o(.text)
    TIM_OCStructInit                         0x08003e79   Thumb Code    20  stm32f4xx_tim.o(.text)
    TIM_SelectOCxM                           0x08003e8d   Thumb Code    86  stm32f4xx_tim.o(.text)
    TIM_SetCompare1                          0x08003ee3   Thumb Code     4  stm32f4xx_tim.o(.text)
    TIM_SetCompare2                          0x08003ee7   Thumb Code     4  stm32f4xx_tim.o(.text)
    TIM_SetCompare3                          0x08003eeb   Thumb Code     4  stm32f4xx_tim.o(.text)
    TIM_SetCompare4                          0x08003eef   Thumb Code     4  stm32f4xx_tim.o(.text)
    TIM_ForcedOC1Config                      0x08003ef3   Thumb Code    18  stm32f4xx_tim.o(.text)
    TIM_ForcedOC2Config                      0x08003f05   Thumb Code    26  stm32f4xx_tim.o(.text)
    TIM_ForcedOC3Config                      0x08003f1f   Thumb Code    18  stm32f4xx_tim.o(.text)
    TIM_ForcedOC4Config                      0x08003f31   Thumb Code    26  stm32f4xx_tim.o(.text)
    TIM_OC1PreloadConfig                     0x08003f4b   Thumb Code    18  stm32f4xx_tim.o(.text)
    TIM_OC2PreloadConfig                     0x08003f5d   Thumb Code    26  stm32f4xx_tim.o(.text)
    TIM_OC3PreloadConfig                     0x08003f77   Thumb Code    18  stm32f4xx_tim.o(.text)
    TIM_OC4PreloadConfig                     0x08003f89   Thumb Code    26  stm32f4xx_tim.o(.text)
    TIM_OC1FastConfig                        0x08003fa3   Thumb Code    18  stm32f4xx_tim.o(.text)
    TIM_OC2FastConfig                        0x08003fb5   Thumb Code    26  stm32f4xx_tim.o(.text)
    TIM_OC3FastConfig                        0x08003fcf   Thumb Code    18  stm32f4xx_tim.o(.text)
    TIM_OC4FastConfig                        0x08003fe1   Thumb Code    26  stm32f4xx_tim.o(.text)
    TIM_ClearOC1Ref                          0x08003ffb   Thumb Code    18  stm32f4xx_tim.o(.text)
    TIM_ClearOC2Ref                          0x0800400d   Thumb Code    24  stm32f4xx_tim.o(.text)
    TIM_ClearOC3Ref                          0x08004025   Thumb Code    18  stm32f4xx_tim.o(.text)
    TIM_ClearOC4Ref                          0x08004037   Thumb Code    24  stm32f4xx_tim.o(.text)
    TIM_OC1PolarityConfig                    0x0800404f   Thumb Code    18  stm32f4xx_tim.o(.text)
    TIM_OC1NPolarityConfig                   0x08004061   Thumb Code    18  stm32f4xx_tim.o(.text)
    TIM_OC2PolarityConfig                    0x08004073   Thumb Code    26  stm32f4xx_tim.o(.text)
    TIM_OC2NPolarityConfig                   0x0800408d   Thumb Code    26  stm32f4xx_tim.o(.text)
    TIM_OC3PolarityConfig                    0x080040a7   Thumb Code    26  stm32f4xx_tim.o(.text)
    TIM_OC3NPolarityConfig                   0x080040c1   Thumb Code    26  stm32f4xx_tim.o(.text)
    TIM_OC4PolarityConfig                    0x080040db   Thumb Code    26  stm32f4xx_tim.o(.text)
    TIM_CCxCmd                               0x080040f5   Thumb Code    30  stm32f4xx_tim.o(.text)
    TIM_CCxNCmd                              0x08004113   Thumb Code    30  stm32f4xx_tim.o(.text)
    TIM_SetIC4Prescaler                      0x08004131   Thumb Code    26  stm32f4xx_tim.o(.text)
    TIM_SetIC3Prescaler                      0x0800419b   Thumb Code    18  stm32f4xx_tim.o(.text)
    TIM_SetIC2Prescaler                      0x080041f5   Thumb Code    26  stm32f4xx_tim.o(.text)
    TIM_SetIC1Prescaler                      0x08004269   Thumb Code    18  stm32f4xx_tim.o(.text)
    TIM_ICInit                               0x080042b5   Thumb Code   110  stm32f4xx_tim.o(.text)
    TIM_ICStructInit                         0x08004323   Thumb Code    18  stm32f4xx_tim.o(.text)
    TIM_PWMIConfig                           0x08004335   Thumb Code   124  stm32f4xx_tim.o(.text)
    TIM_GetCapture1                          0x080043b1   Thumb Code     6  stm32f4xx_tim.o(.text)
    TIM_GetCapture2                          0x080043b7   Thumb Code     6  stm32f4xx_tim.o(.text)
    TIM_GetCapture3                          0x080043bd   Thumb Code     6  stm32f4xx_tim.o(.text)
    TIM_GetCapture4                          0x080043c3   Thumb Code     6  stm32f4xx_tim.o(.text)
    TIM_BDTRConfig                           0x080043c9   Thumb Code    32  stm32f4xx_tim.o(.text)
    TIM_BDTRStructInit                       0x080043e9   Thumb Code    18  stm32f4xx_tim.o(.text)
    TIM_CtrlPWMOutputs                       0x080043fb   Thumb Code    30  stm32f4xx_tim.o(.text)
    TIM_SelectCOM                            0x08004419   Thumb Code    24  stm32f4xx_tim.o(.text)
    TIM_CCPreloadControl                     0x08004431   Thumb Code    24  stm32f4xx_tim.o(.text)
    TIM_ITConfig                             0x08004449   Thumb Code    18  stm32f4xx_tim.o(.text)
    TIM_GenerateEvent                        0x0800445b   Thumb Code     4  stm32f4xx_tim.o(.text)
    TIM_GetFlagStatus                        0x0800445f   Thumb Code    18  stm32f4xx_tim.o(.text)
    TIM_ClearFlag                            0x08004471   Thumb Code     6  stm32f4xx_tim.o(.text)
    TIM_GetITStatus                          0x08004477   Thumb Code    34  stm32f4xx_tim.o(.text)
    TIM_ClearITPendingBit                    0x08004499   Thumb Code     6  stm32f4xx_tim.o(.text)
    TIM_DMAConfig                            0x0800449f   Thumb Code    10  stm32f4xx_tim.o(.text)
    TIM_DMACmd                               0x080044a9   Thumb Code    18  stm32f4xx_tim.o(.text)
    TIM_SelectCCDMA                          0x080044bb   Thumb Code    24  stm32f4xx_tim.o(.text)
    TIM_InternalClockConfig                  0x080044d3   Thumb Code    12  stm32f4xx_tim.o(.text)
    TIM_SelectInputTrigger                   0x080044df   Thumb Code    18  stm32f4xx_tim.o(.text)
    TIM_ITRxExternalClockConfig              0x080044f1   Thumb Code    24  stm32f4xx_tim.o(.text)
    TIM_TIxExternalClockConfig               0x08004509   Thumb Code    62  stm32f4xx_tim.o(.text)
    TIM_ETRConfig                            0x08004547   Thumb Code    28  stm32f4xx_tim.o(.text)
    TIM_ETRClockMode1Config                  0x08004563   Thumb Code    54  stm32f4xx_tim.o(.text)
    TIM_ETRClockMode2Config                  0x08004599   Thumb Code    32  stm32f4xx_tim.o(.text)
    TIM_SelectOutputTrigger                  0x080045b9   Thumb Code    18  stm32f4xx_tim.o(.text)
    TIM_SelectSlaveMode                      0x080045cb   Thumb Code    18  stm32f4xx_tim.o(.text)
    TIM_SelectMasterSlaveMode                0x080045dd   Thumb Code    18  stm32f4xx_tim.o(.text)
    TIM_EncoderInterfaceConfig               0x080045ef   Thumb Code    66  stm32f4xx_tim.o(.text)
    TIM_SelectHallSensor                     0x08004631   Thumb Code    24  stm32f4xx_tim.o(.text)
    TIM_RemapConfig                          0x08004649   Thumb Code     6  stm32f4xx_tim.o(.text)
    USART_DeInit                             0x08004651   Thumb Code   206  stm32f4xx_usart.o(.text)
    USART_Init                               0x0800471f   Thumb Code   204  stm32f4xx_usart.o(.text)
    USART_StructInit                         0x080047eb   Thumb Code    24  stm32f4xx_usart.o(.text)
    USART_ClockInit                          0x08004803   Thumb Code    32  stm32f4xx_usart.o(.text)
    USART_ClockStructInit                    0x08004823   Thumb Code    12  stm32f4xx_usart.o(.text)
    USART_Cmd                                0x0800482f   Thumb Code    24  stm32f4xx_usart.o(.text)
    USART_SetPrescaler                       0x08004847   Thumb Code    16  stm32f4xx_usart.o(.text)
    USART_OverSampling8Cmd                   0x08004857   Thumb Code    22  stm32f4xx_usart.o(.text)
    USART_OneBitMethodCmd                    0x0800486d   Thumb Code    24  stm32f4xx_usart.o(.text)
    USART_SendData                           0x08004885   Thumb Code     8  stm32f4xx_usart.o(.text)
    USART_ReceiveData                        0x0800488d   Thumb Code    10  stm32f4xx_usart.o(.text)
    USART_SetAddress                         0x08004897   Thumb Code    18  stm32f4xx_usart.o(.text)
    USART_ReceiverWakeUpCmd                  0x080048a9   Thumb Code    24  stm32f4xx_usart.o(.text)
    USART_WakeUpConfig                       0x080048c1   Thumb Code    18  stm32f4xx_usart.o(.text)
    USART_LINBreakDetectLengthConfig         0x080048d3   Thumb Code    18  stm32f4xx_usart.o(.text)
    USART_LINCmd                             0x080048e5   Thumb Code    24  stm32f4xx_usart.o(.text)
    USART_SendBreak                          0x080048fd   Thumb Code    10  stm32f4xx_usart.o(.text)
    USART_HalfDuplexCmd                      0x08004907   Thumb Code    24  stm32f4xx_usart.o(.text)
    USART_SetGuardTime                       0x0800491f   Thumb Code    16  stm32f4xx_usart.o(.text)
    USART_SmartCardCmd                       0x0800492f   Thumb Code    24  stm32f4xx_usart.o(.text)
    USART_SmartCardNACKCmd                   0x08004947   Thumb Code    24  stm32f4xx_usart.o(.text)
    USART_IrDAConfig                         0x0800495f   Thumb Code    18  stm32f4xx_usart.o(.text)
    USART_IrDACmd                            0x08004971   Thumb Code    24  stm32f4xx_usart.o(.text)
    USART_DMACmd                             0x08004989   Thumb Code    18  stm32f4xx_usart.o(.text)
    USART_ITConfig                           0x0800499b   Thumb Code    74  stm32f4xx_usart.o(.text)
    USART_GetFlagStatus                      0x080049e5   Thumb Code    26  stm32f4xx_usart.o(.text)
    USART_ClearFlag                          0x080049ff   Thumb Code    18  stm32f4xx_usart.o(.text)
    USART_GetITStatus                        0x08004a11   Thumb Code   118  stm32f4xx_usart.o(.text)
    USART_ClearITPendingBit                  0x08004a87   Thumb Code    30  stm32f4xx_usart.o(.text)
    Reset_Handler                            0x08004aa5   Thumb Code     8  startup_stm32f429_439xx.o(.text)
    NMI_Handler                              0x08004aad   Thumb Code     2  startup_stm32f429_439xx.o(.text)
    HardFault_Handler                        0x08004aaf   Thumb Code     2  startup_stm32f429_439xx.o(.text)
    MemManage_Handler                        0x08004ab1   Thumb Code     2  startup_stm32f429_439xx.o(.text)
    BusFault_Handler                         0x08004ab3   Thumb Code     2  startup_stm32f429_439xx.o(.text)
    UsageFault_Handler                       0x08004ab5   Thumb Code     2  startup_stm32f429_439xx.o(.text)
    SVC_Handler                              0x08004ab7   Thumb Code     2  startup_stm32f429_439xx.o(.text)
    DebugMon_Handler                         0x08004ab9   Thumb Code     2  startup_stm32f429_439xx.o(.text)
    PendSV_Handler                           0x08004abb   Thumb Code     2  startup_stm32f429_439xx.o(.text)
    SysTick_Handler                          0x08004abd   Thumb Code     2  startup_stm32f429_439xx.o(.text)
    ADC_IRQHandler                           0x08004abf   Thumb Code     0  startup_stm32f429_439xx.o(.text)
    CAN1_RX0_IRQHandler                      0x08004abf   Thumb Code     0  startup_stm32f429_439xx.o(.text)
    CAN1_RX1_IRQHandler                      0x08004abf   Thumb Code     0  startup_stm32f429_439xx.o(.text)
    CAN1_SCE_IRQHandler                      0x08004abf   Thumb Code     0  startup_stm32f429_439xx.o(.text)
    CAN1_TX_IRQHandler                       0x08004abf   Thumb Code     0  startup_stm32f429_439xx.o(.text)
    CAN2_RX0_IRQHandler                      0x08004abf   Thumb Code     0  startup_stm32f429_439xx.o(.text)
    CAN2_RX1_IRQHandler                      0x08004abf   Thumb Code     0  startup_stm32f429_439xx.o(.text)
    CAN2_SCE_IRQHandler                      0x08004abf   Thumb Code     0  startup_stm32f429_439xx.o(.text)
    CAN2_TX_IRQHandler                       0x08004abf   Thumb Code     0  startup_stm32f429_439xx.o(.text)
    CRYP_IRQHandler                          0x08004abf   Thumb Code     0  startup_stm32f429_439xx.o(.text)
    DCMI_IRQHandler                          0x08004abf   Thumb Code     0  startup_stm32f429_439xx.o(.text)
    DMA1_Stream0_IRQHandler                  0x08004abf   Thumb Code     0  startup_stm32f429_439xx.o(.text)
    DMA1_Stream1_IRQHandler                  0x08004abf   Thumb Code     0  startup_stm32f429_439xx.o(.text)
    DMA1_Stream2_IRQHandler                  0x08004abf   Thumb Code     0  startup_stm32f429_439xx.o(.text)
    DMA1_Stream3_IRQHandler                  0x08004abf   Thumb Code     0  startup_stm32f429_439xx.o(.text)
    DMA1_Stream4_IRQHandler                  0x08004abf   Thumb Code     0  startup_stm32f429_439xx.o(.text)
    DMA1_Stream5_IRQHandler                  0x08004abf   Thumb Code     0  startup_stm32f429_439xx.o(.text)
    DMA1_Stream6_IRQHandler                  0x08004abf   Thumb Code     0  startup_stm32f429_439xx.o(.text)
    DMA1_Stream7_IRQHandler                  0x08004abf   Thumb Code     0  startup_stm32f429_439xx.o(.text)
    DMA2D_IRQHandler                         0x08004abf   Thumb Code     0  startup_stm32f429_439xx.o(.text)
    DMA2_Stream0_IRQHandler                  0x08004abf   Thumb Code     0  startup_stm32f429_439xx.o(.text)
    DMA2_Stream2_IRQHandler                  0x08004abf   Thumb Code     0  startup_stm32f429_439xx.o(.text)
    DMA2_Stream3_IRQHandler                  0x08004abf   Thumb Code     0  startup_stm32f429_439xx.o(.text)
    DMA2_Stream4_IRQHandler                  0x08004abf   Thumb Code     0  startup_stm32f429_439xx.o(.text)
    DMA2_Stream5_IRQHandler                  0x08004abf   Thumb Code     0  startup_stm32f429_439xx.o(.text)
    DMA2_Stream6_IRQHandler                  0x08004abf   Thumb Code     0  startup_stm32f429_439xx.o(.text)
    DMA2_Stream7_IRQHandler                  0x08004abf   Thumb Code     0  startup_stm32f429_439xx.o(.text)
    ETH_IRQHandler                           0x08004abf   Thumb Code     0  startup_stm32f429_439xx.o(.text)
    ETH_WKUP_IRQHandler                      0x08004abf   Thumb Code     0  startup_stm32f429_439xx.o(.text)
    EXTI0_IRQHandler                         0x08004abf   Thumb Code     0  startup_stm32f429_439xx.o(.text)
    EXTI15_10_IRQHandler                     0x08004abf   Thumb Code     0  startup_stm32f429_439xx.o(.text)
    EXTI1_IRQHandler                         0x08004abf   Thumb Code     0  startup_stm32f429_439xx.o(.text)
    EXTI2_IRQHandler                         0x08004abf   Thumb Code     0  startup_stm32f429_439xx.o(.text)
    EXTI3_IRQHandler                         0x08004abf   Thumb Code     0  startup_stm32f429_439xx.o(.text)
    EXTI4_IRQHandler                         0x08004abf   Thumb Code     0  startup_stm32f429_439xx.o(.text)
    EXTI9_5_IRQHandler                       0x08004abf   Thumb Code     0  startup_stm32f429_439xx.o(.text)
    FLASH_IRQHandler                         0x08004abf   Thumb Code     0  startup_stm32f429_439xx.o(.text)
    FMC_IRQHandler                           0x08004abf   Thumb Code     0  startup_stm32f429_439xx.o(.text)
    FPU_IRQHandler                           0x08004abf   Thumb Code     0  startup_stm32f429_439xx.o(.text)
    HASH_RNG_IRQHandler                      0x08004abf   Thumb Code     0  startup_stm32f429_439xx.o(.text)
    I2C1_ER_IRQHandler                       0x08004abf   Thumb Code     0  startup_stm32f429_439xx.o(.text)
    I2C1_EV_IRQHandler                       0x08004abf   Thumb Code     0  startup_stm32f429_439xx.o(.text)
    I2C2_ER_IRQHandler                       0x08004abf   Thumb Code     0  startup_stm32f429_439xx.o(.text)
    I2C2_EV_IRQHandler                       0x08004abf   Thumb Code     0  startup_stm32f429_439xx.o(.text)
    I2C3_ER_IRQHandler                       0x08004abf   Thumb Code     0  startup_stm32f429_439xx.o(.text)
    I2C3_EV_IRQHandler                       0x08004abf   Thumb Code     0  startup_stm32f429_439xx.o(.text)
    LTDC_ER_IRQHandler                       0x08004abf   Thumb Code     0  startup_stm32f429_439xx.o(.text)
    LTDC_IRQHandler                          0x08004abf   Thumb Code     0  startup_stm32f429_439xx.o(.text)
    OTG_FS_IRQHandler                        0x08004abf   Thumb Code     0  startup_stm32f429_439xx.o(.text)
    OTG_FS_WKUP_IRQHandler                   0x08004abf   Thumb Code     0  startup_stm32f429_439xx.o(.text)
    OTG_HS_EP1_IN_IRQHandler                 0x08004abf   Thumb Code     0  startup_stm32f429_439xx.o(.text)
    OTG_HS_EP1_OUT_IRQHandler                0x08004abf   Thumb Code     0  startup_stm32f429_439xx.o(.text)
    OTG_HS_IRQHandler                        0x08004abf   Thumb Code     0  startup_stm32f429_439xx.o(.text)
    OTG_HS_WKUP_IRQHandler                   0x08004abf   Thumb Code     0  startup_stm32f429_439xx.o(.text)
    PVD_IRQHandler                           0x08004abf   Thumb Code     0  startup_stm32f429_439xx.o(.text)
    RCC_IRQHandler                           0x08004abf   Thumb Code     0  startup_stm32f429_439xx.o(.text)
    RTC_Alarm_IRQHandler                     0x08004abf   Thumb Code     0  startup_stm32f429_439xx.o(.text)
    RTC_WKUP_IRQHandler                      0x08004abf   Thumb Code     0  startup_stm32f429_439xx.o(.text)
    SAI1_IRQHandler                          0x08004abf   Thumb Code     0  startup_stm32f429_439xx.o(.text)
    SDIO_IRQHandler                          0x08004abf   Thumb Code     0  startup_stm32f429_439xx.o(.text)
    SPI1_IRQHandler                          0x08004abf   Thumb Code     0  startup_stm32f429_439xx.o(.text)
    SPI2_IRQHandler                          0x08004abf   Thumb Code     0  startup_stm32f429_439xx.o(.text)
    SPI3_IRQHandler                          0x08004abf   Thumb Code     0  startup_stm32f429_439xx.o(.text)
    SPI4_IRQHandler                          0x08004abf   Thumb Code     0  startup_stm32f429_439xx.o(.text)
    SPI5_IRQHandler                          0x08004abf   Thumb Code     0  startup_stm32f429_439xx.o(.text)
    SPI6_IRQHandler                          0x08004abf   Thumb Code     0  startup_stm32f429_439xx.o(.text)
    TAMP_STAMP_IRQHandler                    0x08004abf   Thumb Code     0  startup_stm32f429_439xx.o(.text)
    TIM1_BRK_TIM9_IRQHandler                 0x08004abf   Thumb Code     0  startup_stm32f429_439xx.o(.text)
    TIM1_CC_IRQHandler                       0x08004abf   Thumb Code     0  startup_stm32f429_439xx.o(.text)
    TIM1_TRG_COM_TIM11_IRQHandler            0x08004abf   Thumb Code     0  startup_stm32f429_439xx.o(.text)
    TIM1_UP_TIM10_IRQHandler                 0x08004abf   Thumb Code     0  startup_stm32f429_439xx.o(.text)
    TIM2_IRQHandler                          0x08004abf   Thumb Code     0  startup_stm32f429_439xx.o(.text)
    TIM5_IRQHandler                          0x08004abf   Thumb Code     0  startup_stm32f429_439xx.o(.text)
    TIM6_DAC_IRQHandler                      0x08004abf   Thumb Code     0  startup_stm32f429_439xx.o(.text)
    TIM7_IRQHandler                          0x08004abf   Thumb Code     0  startup_stm32f429_439xx.o(.text)
    TIM8_BRK_TIM12_IRQHandler                0x08004abf   Thumb Code     0  startup_stm32f429_439xx.o(.text)
    TIM8_CC_IRQHandler                       0x08004abf   Thumb Code     0  startup_stm32f429_439xx.o(.text)
    TIM8_TRG_COM_TIM14_IRQHandler            0x08004abf   Thumb Code     0  startup_stm32f429_439xx.o(.text)
    TIM8_UP_TIM13_IRQHandler                 0x08004abf   Thumb Code     0  startup_stm32f429_439xx.o(.text)
    UART4_IRQHandler                         0x08004abf   Thumb Code     0  startup_stm32f429_439xx.o(.text)
    UART5_IRQHandler                         0x08004abf   Thumb Code     0  startup_stm32f429_439xx.o(.text)
    UART7_IRQHandler                         0x08004abf   Thumb Code     0  startup_stm32f429_439xx.o(.text)
    UART8_IRQHandler                         0x08004abf   Thumb Code     0  startup_stm32f429_439xx.o(.text)
    USART1_IRQHandler                        0x08004abf   Thumb Code     0  startup_stm32f429_439xx.o(.text)
    USART2_IRQHandler                        0x08004abf   Thumb Code     0  startup_stm32f429_439xx.o(.text)
    USART3_IRQHandler                        0x08004abf   Thumb Code     0  startup_stm32f429_439xx.o(.text)
    USART6_IRQHandler                        0x08004abf   Thumb Code     0  startup_stm32f429_439xx.o(.text)
    WWDG_IRQHandler                          0x08004abf   Thumb Code     0  startup_stm32f429_439xx.o(.text)
    __user_initial_stackheap                 0x08004ac1   Thumb Code     0  startup_stm32f429_439xx.o(.text)
    SystemInit                               0x08004bf5   Thumb Code    88  system_stm32f4xx.o(.text)
    SystemCoreClockUpdate                    0x08004c4d   Thumb Code   174  system_stm32f4xx.o(.text)
    __aeabi_memclr                           0x08004d29   Thumb Code     0  rt_memclr.o(.text)
    __rt_memclr                              0x08004d29   Thumb Code    68  rt_memclr.o(.text)
    _memset                                  0x08004d2d   Thumb Code     0  rt_memclr.o(.text)
    __use_two_region_memory                  0x08004d6d   Thumb Code     2  heapauxi.o(.text)
    __rt_heap_escrow$2region                 0x08004d6f   Thumb Code     2  heapauxi.o(.text)
    __rt_heap_expand$2region                 0x08004d71   Thumb Code     2  heapauxi.o(.text)
    __aeabi_memclr4                          0x08004d73   Thumb Code     0  rt_memclr_w.o(.text)
    __aeabi_memclr8                          0x08004d73   Thumb Code     0  rt_memclr_w.o(.text)
    __rt_memclr_w                            0x08004d73   Thumb Code    78  rt_memclr_w.o(.text)
    _memset_w                                0x08004d77   Thumb Code     0  rt_memclr_w.o(.text)
    __user_setup_stackheap                   0x08004dc1   Thumb Code    74  sys_stackheap_outer.o(.text)
    exit                                     0x08004e0b   Thumb Code    18  exit.o(.text)
    __user_libspace                          0x08004e1d   Thumb Code     8  libspace.o(.text)
    __user_perproc_libspace                  0x08004e1d   Thumb Code     0  libspace.o(.text)
    __user_perthread_libspace                0x08004e1d   Thumb Code     0  libspace.o(.text)
    _sys_exit                                0x08004e25   Thumb Code     8  sys_exit.o(.text)
    __I$use$semihosting                      0x08004e31   Thumb Code     0  use_no_semi.o(.text)
    __use_no_semihosting_swi                 0x08004e31   Thumb Code     2  use_no_semi.o(.text)
    __semihosting_library_function           0x08004e33   Thumb Code     0  indicate_semi.o(.text)
    _fp_init                                 0x08004e33   Thumb Code    10  fpinit.o(x$fpl$fpinit)
    __fplib_config_fpu_vfp                   0x08004e3b   Thumb Code     0  fpinit.o(x$fpl$fpinit)
    __fplib_config_pureend_doubles           0x08004e3b   Thumb Code     0  fpinit.o(x$fpl$fpinit)
    OV7670_reg                               0x08004e3c   Data         244  ov7670_control.o(.constdata)
    LCD_Font7x10                             0x08004f30   Data        1900  lcd_fonts.o(.constdata)
    LCD_Font11x18                            0x0800569c   Data        3420  lcd_fonts.o(.constdata)
    LCD_Font16x26                            0x080063f8   Data        4940  lcd_fonts.o(.constdata)
    Region$$Table$$Base                      0x08007744   Number         0  anon$$obj.o(Region$$Table)
    Region$$Table$$Limit                     0x08007764   Number         0  anon$$obj.o(Region$$Table)
    LCD_Font_7x10                            0x20000008   Data           8  lcd_fonts.o(.data)
    LCD_Font_11x18                           0x20000010   Data           8  lcd_fonts.o(.data)
    LCD_Font_16x26                           0x20000018   Data           8  lcd_fonts.o(.data)
    ILI9341_x                                0x20000020   Data           2  lcd_ili9341.o(.data)
    ILI9341_y                                0x20000022   Data           2  lcd_ili9341.o(.data)
    ILI9341_Opts                             0x20000024   Data           6  lcd_ili9341.o(.data)
    ILI9341_INT_CalledFromPuts               0x2000002a   Data           1  lcd_ili9341.o(.data)
    SystemCoreClock                          0x2000003c   Data           4  system_stm32f4xx.o(.data)
    AHBPrescTable                            0x20000040   Data          16  system_stm32f4xx.o(.data)
    b1                                       0x20000050   Data        9600  main.o(.bss)
    b2                                       0x200025d0   Data        9600  main.o(.bss)
    origin                                   0x20004b50   Data        9600  main.o(.bss)
    frame_buffer                             0x200070d0   Data       153600  ov7670_control.o(.bss)
    __libspace_start                         0x2002c8d0   Data          96  libspace.o(.bss)
    __temporary_stack_top$libspace           0x2002c930   Data           0  libspace.o(.bss)



==============================================================================

Memory Map of the image

  Image Entry point : 0x08004aa5

  Load Region LR_1 (Base: 0x08000000, Size: 0x000077b4, Max: 0xffffffff, ABSOLUTE)

    Execution Region ER_RO (Exec base: 0x08000000, Load base: 0x08000000, Size: 0x00007764, Max: 0xffffffff, ABSOLUTE)

    Exec Addr    Load Addr    Size         Type   Attr      Idx    E Section Name        Object

    0x08000000   0x08000000   0x000001ac   Data   RO          581    RESET               startup_stm32f429_439xx.o
    0x080001ac   0x080001ac   0x00000008   Code   RO          622  * !!!main             c_w.l(__main.o)
    0x080001b4   0x080001b4   0x00000034   Code   RO          781    !!!scatter          c_w.l(__scatter.o)
    0x080001e8   0x080001e8   0x0000001a   Code   RO          783    !!handler_copy      c_w.l(__scatter_copy.o)
    0x08000202   0x08000202   0x00000002   PAD
    0x08000204   0x08000204   0x0000001c   Code   RO          785    !!handler_zi        c_w.l(__scatter_zi.o)
    0x08000220   0x08000220   0x00000002   Code   RO          651    .ARM.Collect$$libinit$$00000000  c_w.l(libinit.o)
    0x08000222   0x08000222   0x00000004   Code   RO          657    .ARM.Collect$$libinit$$00000001  c_w.l(libinit2.o)
    0x08000226   0x08000226   0x00000000   Code   RO          660    .ARM.Collect$$libinit$$00000004  c_w.l(libinit2.o)
    0x08000226   0x08000226   0x00000000   Code   RO          663    .ARM.Collect$$libinit$$0000000A  c_w.l(libinit2.o)
    0x08000226   0x08000226   0x00000000   Code   RO          665    .ARM.Collect$$libinit$$0000000C  c_w.l(libinit2.o)
    0x08000226   0x08000226   0x00000000   Code   RO          667    .ARM.Collect$$libinit$$0000000E  c_w.l(libinit2.o)
    0x08000226   0x08000226   0x00000000   Code   RO          670    .ARM.Collect$$libinit$$00000011  c_w.l(libinit2.o)
    0x08000226   0x08000226   0x00000000   Code   RO          672    .ARM.Collect$$libinit$$00000013  c_w.l(libinit2.o)
    0x08000226   0x08000226   0x00000000   Code   RO          674    .ARM.Collect$$libinit$$00000015  c_w.l(libinit2.o)
    0x08000226   0x08000226   0x00000000   Code   RO          676    .ARM.Collect$$libinit$$00000017  c_w.l(libinit2.o)
    0x08000226   0x08000226   0x00000000   Code   RO          678    .ARM.Collect$$libinit$$00000019  c_w.l(libinit2.o)
    0x08000226   0x08000226   0x00000000   Code   RO          680    .ARM.Collect$$libinit$$0000001B  c_w.l(libinit2.o)
    0x08000226   0x08000226   0x00000000   Code   RO          682    .ARM.Collect$$libinit$$0000001D  c_w.l(libinit2.o)
    0x08000226   0x08000226   0x00000000   Code   RO          684    .ARM.Collect$$libinit$$0000001F  c_w.l(libinit2.o)
    0x08000226   0x08000226   0x00000000   Code   RO          686    .ARM.Collect$$libinit$$00000021  c_w.l(libinit2.o)
    0x08000226   0x08000226   0x00000000   Code   RO          688    .ARM.Collect$$libinit$$00000023  c_w.l(libinit2.o)
    0x08000226   0x08000226   0x00000000   Code   RO          690    .ARM.Collect$$libinit$$00000025  c_w.l(libinit2.o)
    0x08000226   0x08000226   0x00000000   Code   RO          694    .ARM.Collect$$libinit$$0000002C  c_w.l(libinit2.o)
    0x08000226   0x08000226   0x00000000   Code   RO          696    .ARM.Collect$$libinit$$0000002E  c_w.l(libinit2.o)
    0x08000226   0x08000226   0x00000000   Code   RO          698    .ARM.Collect$$libinit$$00000030  c_w.l(libinit2.o)
    0x08000226   0x08000226   0x00000000   Code   RO          700    .ARM.Collect$$libinit$$00000032  c_w.l(libinit2.o)
    0x08000226   0x08000226   0x00000002   Code   RO          701    .ARM.Collect$$libinit$$00000033  c_w.l(libinit2.o)
    0x08000228   0x08000228   0x00000002   Code   RO          721    .ARM.Collect$$libshutdown$$00000000  c_w.l(libshutdown.o)
    0x0800022a   0x0800022a   0x00000000   Code   RO          734    .ARM.Collect$$libshutdown$$00000002  c_w.l(libshutdown2.o)
    0x0800022a   0x0800022a   0x00000000   Code   RO          736    .ARM.Collect$$libshutdown$$00000004  c_w.l(libshutdown2.o)
    0x0800022a   0x0800022a   0x00000000   Code   RO          739    .ARM.Collect$$libshutdown$$00000007  c_w.l(libshutdown2.o)
    0x0800022a   0x0800022a   0x00000000   Code   RO          742    .ARM.Collect$$libshutdown$$0000000A  c_w.l(libshutdown2.o)
    0x0800022a   0x0800022a   0x00000000   Code   RO          744    .ARM.Collect$$libshutdown$$0000000C  c_w.l(libshutdown2.o)
    0x0800022a   0x0800022a   0x00000000   Code   RO          747    .ARM.Collect$$libshutdown$$0000000F  c_w.l(libshutdown2.o)
    0x0800022a   0x0800022a   0x00000002   Code   RO          748    .ARM.Collect$$libshutdown$$00000010  c_w.l(libshutdown2.o)
    0x0800022c   0x0800022c   0x00000000   Code   RO          624    .ARM.Collect$$rtentry$$00000000  c_w.l(__rtentry.o)
    0x0800022c   0x0800022c   0x00000000   Code   RO          628    .ARM.Collect$$rtentry$$00000002  c_w.l(__rtentry2.o)
    0x0800022c   0x0800022c   0x00000006   Code   RO          640    .ARM.Collect$$rtentry$$00000004  c_w.l(__rtentry4.o)
    0x08000232   0x08000232   0x00000000   Code   RO          630    .ARM.Collect$$rtentry$$00000009  c_w.l(__rtentry2.o)
    0x08000232   0x08000232   0x00000004   Code   RO          631    .ARM.Collect$$rtentry$$0000000A  c_w.l(__rtentry2.o)
    0x08000236   0x08000236   0x00000000   Code   RO          633    .ARM.Collect$$rtentry$$0000000C  c_w.l(__rtentry2.o)
    0x08000236   0x08000236   0x00000008   Code   RO          634    .ARM.Collect$$rtentry$$0000000D  c_w.l(__rtentry2.o)
    0x0800023e   0x0800023e   0x00000002   Code   RO          655    .ARM.Collect$$rtexit$$00000000  c_w.l(rtexit.o)
    0x08000240   0x08000240   0x00000000   Code   RO          703    .ARM.Collect$$rtexit$$00000002  c_w.l(rtexit2.o)
    0x08000240   0x08000240   0x00000004   Code   RO          704    .ARM.Collect$$rtexit$$00000003  c_w.l(rtexit2.o)
    0x08000244   0x08000244   0x00000006   Code   RO          705    .ARM.Collect$$rtexit$$00000004  c_w.l(rtexit2.o)
    0x0800024a   0x0800024a   0x00000002   PAD
    0x0800024c   0x0800024c   0x00000208   Code   RO            4    .text               main.o
    0x08000454   0x08000454   0x00000150   Code   RO          133    .text               system_control.o
    0x080005a4   0x080005a4   0x00000424   Code   RO          157    .text               ov7670_control.o
    0x080009c8   0x080009c8   0x00000c38   Code   RO          213    .text               lcd_ili9341.o
    0x08001600   0x08001600   0x000001b0   Code   RO          244    .text               lcd_spi.o
    0x080017b0   0x080017b0   0x00000498   Code   RO          268    .text               cv.o
    0x08001c48   0x08001c48   0x000000a8   Code   RO          292    .text               adc.o
    0x08001cf0   0x08001cf0   0x000000d0   Code   RO          316    .text               uart.o
    0x08001dc0   0x08001dc0   0x000000e0   Code   RO          340    .text               misc.o
    0x08001ea0   0x08001ea0   0x00000464   Code   RO          364    .text               stm32f4xx_adc.o
    0x08002304   0x08002304   0x0000018c   Code   RO          388    .text               stm32f4xx_dcmi.o
    0x08002490   0x08002490   0x000003a8   Code   RO          412    .text               stm32f4xx_dma.o
    0x08002838   0x08002838   0x00000294   Code   RO          436    .text               stm32f4xx_gpio.o
    0x08002acc   0x08002acc   0x00000456   Code   RO          460    .text               stm32f4xx_i2c.o
    0x08002f22   0x08002f22   0x00000002   PAD
    0x08002f24   0x08002f24   0x00000638   Code   RO          484    .text               stm32f4xx_rcc.o
    0x0800355c   0x0800355c   0x0000044e   Code   RO          510    .text               stm32f4xx_spi.o
    0x080039aa   0x080039aa   0x00000002   PAD
    0x080039ac   0x080039ac   0x00000ca2   Code   RO          534    .text               stm32f4xx_tim.o
    0x0800464e   0x0800464e   0x00000002   PAD
    0x08004650   0x08004650   0x00000454   Code   RO          558    .text               stm32f4xx_usart.o
    0x08004aa4   0x08004aa4   0x00000040   Code   RO          582  * .text               startup_stm32f429_439xx.o
    0x08004ae4   0x08004ae4   0x00000244   Code   RO          589    .text               system_stm32f4xx.o
    0x08004d28   0x08004d28   0x00000044   Code   RO          618    .text               c_w.l(rt_memclr.o)
    0x08004d6c   0x08004d6c   0x00000006   Code   RO          620    .text               c_w.l(heapauxi.o)
    0x08004d72   0x08004d72   0x0000004e   Code   RO          625    .text               c_w.l(rt_memclr_w.o)
    0x08004dc0   0x08004dc0   0x0000004a   Code   RO          642    .text               c_w.l(sys_stackheap_outer.o)
    0x08004e0a   0x08004e0a   0x00000012   Code   RO          644    .text               c_w.l(exit.o)
    0x08004e1c   0x08004e1c   0x00000008   Code   RO          652    .text               c_w.l(libspace.o)
    0x08004e24   0x08004e24   0x0000000c   Code   RO          713    .text               c_w.l(sys_exit.o)
    0x08004e30   0x08004e30   0x00000002   Code   RO          724    .text               c_w.l(use_no_semi.o)
    0x08004e32   0x08004e32   0x00000000   Code   RO          726    .text               c_w.l(indicate_semi.o)
    0x08004e32   0x08004e32   0x0000000a   Code   RO          711    x$fpl$fpinit        fz_wm.l(fpinit.o)
    0x08004e3c   0x08004e3c   0x000000f4   Data   RO          159    .constdata          ov7670_control.o
    0x08004f30   0x08004f30   0x00002814   Data   RO          191    .constdata          lcd_fonts.o
    0x08007744   0x08007744   0x00000020   Data   RO          779    Region$$Table       anon$$obj.o


    Execution Region ER_RW (Exec base: 0x20000000, Load base: 0x08007764, Size: 0x00000050, Max: 0xffffffff, ABSOLUTE)

    Exec Addr    Load Addr    Size         Type   Attr      Idx    E Section Name        Object

    0x20000000   0x08007764   0x00000006   Data   RW            6    .data               main.o
    0x20000006   0x0800776a   0x00000002   PAD
    0x20000008   0x0800776c   0x00000018   Data   RW          192    .data               lcd_fonts.o
    0x20000020   0x08007784   0x0000000b   Data   RW          214    .data               lcd_ili9341.o
    0x2000002b   0x0800778f   0x00000010   Data   RW          485    .data               stm32f4xx_rcc.o
    0x2000003b   0x0800779f   0x00000001   PAD
    0x2000003c   0x080077a0   0x00000014   Data   RW          590    .data               system_stm32f4xx.o


    Execution Region ER_ZI (Exec base: 0x20000050, Load base: 0x080077b4, Size: 0x0002cee0, Max: 0xffffffff, ABSOLUTE)

    Exec Addr    Load Addr    Size         Type   Attr      Idx    E Section Name        Object

    0x20000050        -       0x00007080   Zero   RW            5    .bss                main.o
    0x200070d0        -       0x00025800   Zero   RW          158    .bss                ov7670_control.o
    0x2002c8d0        -       0x00000060   Zero   RW          653    .bss                c_w.l(libspace.o)
    0x2002c930        -       0x00000200   Zero   RW          580    HEAP                startup_stm32f429_439xx.o
    0x2002cb30        -       0x00000400   Zero   RW          579    STACK               startup_stm32f429_439xx.o


==============================================================================

Image component sizes


      Code (inc. data)   RO Data    RW Data    ZI Data      Debug   Object Name

       168         10          0          0          0        783   adc.o
      1176         16          0          0          0       2947   cv.o
         0          0      10260         24          0        723   lcd_fonts.o
      3128         86          0         11          0       8686   lcd_ili9341.o
       432         10          0          0          0       2398   lcd_spi.o
       520         94          0          6      28800     358328   main.o
       224         20          0          0          0       2025   misc.o
      1060         54        244          0     153600       2895   ov7670_control.o
        64         26        428          0       1536        868   startup_stm32f429_439xx.o
      1124         24          0          0          0      10894   stm32f4xx_adc.o
       396          4          0          0          0       3686   stm32f4xx_dcmi.o
       936         32          0          0          0       6601   stm32f4xx_dma.o
       660         44          0          0          0       4365   stm32f4xx_gpio.o
      1110         26          0          0          0       8883   stm32f4xx_i2c.o
      1592         54          0         16          0      13162   stm32f4xx_rcc.o
      1102         32          0          0          0       7137   stm32f4xx_spi.o
      3234         60          0          0          0      23220   stm32f4xx_tim.o
      1108         34          0          0          0       8088   stm32f4xx_usart.o
       336         18          0          0          0       1450   system_control.o
       580         46          0         20          0       1979   system_stm32f4xx.o
       208          8          0          0          0       1320   uart.o

    ----------------------------------------------------------------------
     19164        698      10964         80     183936     470438   Object Totals
         0          0         32          0          0          0   (incl. Generated)
         6          0          0          3          0          0   (incl. Padding)

    ----------------------------------------------------------------------

      Code (inc. data)   RO Data    RW Data    ZI Data      Debug   Library Member Name

         8          0          0          0          0         68   __main.o
         0          0          0          0          0          0   __rtentry.o
        12          0          0          0          0          0   __rtentry2.o
         6          0          0          0          0          0   __rtentry4.o
        52          8          0          0          0          0   __scatter.o
        26          0          0          0          0          0   __scatter_copy.o
        28          0          0          0          0          0   __scatter_zi.o
        18          0          0          0          0         80   exit.o
         6          0          0          0          0        152   heapauxi.o
         0          0          0          0          0          0   indicate_semi.o
         2          0          0          0          0          0   libinit.o
         6          0          0          0          0          0   libinit2.o
         2          0          0          0          0          0   libshutdown.o
         2          0          0          0          0          0   libshutdown2.o
         8          4          0          0         96         68   libspace.o
        68          0          0          0          0         68   rt_memclr.o
        78          0          0          0          0         80   rt_memclr_w.o
         2          0          0          0          0          0   rtexit.o
        10          0          0          0          0          0   rtexit2.o
        12          4          0          0          0         68   sys_exit.o
        74          0          0          0          0         80   sys_stackheap_outer.o
         2          0          0          0          0         68   use_no_semi.o
        10          0          0          0          0        116   fpinit.o

    ----------------------------------------------------------------------
       436         16          0          0         96        848   Library Totals
         4          0          0          0          0          0   (incl. Padding)

    ----------------------------------------------------------------------

      Code (inc. data)   RO Data    RW Data    ZI Data      Debug   Library Name

       422         16          0          0         96        732   c_w.l
        10          0          0          0          0        116   fz_wm.l

    ----------------------------------------------------------------------
       436         16          0          0         96        848   Library Totals

    ----------------------------------------------------------------------

==============================================================================


      Code (inc. data)   RO Data    RW Data    ZI Data      Debug   

     19600        714      10964         80     184032     466526   Grand Totals
     19600        714      10964         80     184032     466526   ELF Image Totals
     19600        714      10964         80          0          0   ROM Totals

==============================================================================

    Total RO  Size (Code + RO Data)                30564 (  29.85kB)
    Total RW  Size (RW Data + ZI Data)            184112 ( 179.80kB)
    Total ROM Size (Code + RO Data + RW Data)      30644 (  29.93kB)

==============================================================================

