Component: ARM Compiler 5.06 update 6 (build 750) Tool: armlink [4d35ed]

==============================================================================

Section Cross References

    main.o(.text) refers to _printf_percent.o(.ARM.Collect$$_printf_percent$$00000000) for _printf_percent
    main.o(.text) refers to _printf_d.o(.ARM.Collect$$_printf_percent$$00000009) for _printf_d
    main.o(.text) refers to _printf_dec.o(.text) for _printf_int_dec
    main.o(.text) refers to system_stm32f4xx.o(.text) for SystemInit
    main.o(.text) refers to system_control.o(.text) for STM_LedInit
    main.o(.text) refers to ov7670_control.o(.text) for MCO1_init
    main.o(.text) refers to lcd_ili9341.o(.text) for LCD_ILI9341_Init
    main.o(.text) refers to adc.o(.text) for set_adc
    main.o(.text) refers to uart.o(.text) for set_uart
    main.o(.text) refers to gpio.o(.text) for set_gpio
    main.o(.text) refers to rt_memclr.o(.text) for __aeabi_memclr
    main.o(.text) refers to lcd_spi.o(.text) for LCD_SPI_BaudRateUp
    main.o(.text) refers to stm32f4xx_dcmi.o(.text) for DCMI_CaptureCmd
    main.o(.text) refers to cv.o(.text) for get_originYellow
    main.o(.text) refers to noretval__2sprintf.o(.text) for __2sprintf
    main.o(.text) refers to stm32f4xx_gpio.o(.text) for GPIO_ReadInputDataBit
    main.o(.text) refers to stm32f4xx_tim.o(.text) for TIM_GetITStatus
    main.o(.text) refers to stm32f4xx_dma.o(.text) for DMA_GetITStatus
    main.o(.text) refers to main.o(.bss) for origin
    main.o(.text) refers to lcd_fonts.o(.data) for LCD_Font_16x26
    main.o(.text) refers to ov7670_control.o(.bss) for frame_buffer
    main.o(.text) refers to main.o(.data) for old_state
    system_control.o(.text) refers to stm32f4xx_rcc.o(.text) for RCC_AHB1PeriphClockCmd
    system_control.o(.text) refers to stm32f4xx_gpio.o(.text) for GPIO_Init
    system_control.o(.text) refers to stm32f4xx_tim.o(.text) for TIM_TimeBaseInit
    system_control.o(.text) refers to misc.o(.text) for NVIC_Init
    ov7670_control.o(.text) refers to stm32f4xx_rcc.o(.text) for RCC_ClockSecuritySystemCmd
    ov7670_control.o(.text) refers to stm32f4xx_gpio.o(.text) for GPIO_Init
    ov7670_control.o(.text) refers to stm32f4xx_i2c.o(.text) for I2C_DeInit
    ov7670_control.o(.text) refers to lcd_ili9341.o(.text) for LCD_ILI9341_DrawLine
    ov7670_control.o(.text) refers to stm32f4xx_dcmi.o(.text) for DCMI_DeInit
    ov7670_control.o(.text) refers to stm32f4xx_dma.o(.text) for DMA_DeInit
    ov7670_control.o(.text) refers to misc.o(.text) for NVIC_Init
    ov7670_control.o(.text) refers to ov7670_control.o(.constdata) for OV7670_reg
    ov7670_control.o(.text) refers to ov7670_control.o(.bss) for frame_buffer
    lcd_fonts.o(.data) refers to lcd_fonts.o(.constdata) for LCD_Font7x10
    lcd_ili9341.o(.text) refers to stm32f4xx_gpio.o(.text) for GPIO_ResetBits
    lcd_ili9341.o(.text) refers to lcd_spi.o(.text) for LCD_SPI_Send
    lcd_ili9341.o(.text) refers to stm32f4xx_rcc.o(.text) for RCC_AHB1PeriphClockCmd
    lcd_ili9341.o(.text) refers to lcd_ili9341.o(.data) for ILI9341_y
    lcd_ili9341.o(.text) refers to cv.o(.text) for bit_shift
    lcd_spi.o(.text) refers to stm32f4xx_rcc.o(.text) for RCC_AHB1PeriphClockCmd
    lcd_spi.o(.text) refers to stm32f4xx_gpio.o(.text) for GPIO_Init
    lcd_spi.o(.text) refers to stm32f4xx_spi.o(.text) for SPI_StructInit
    cv.o(.text) refers to stm32f4xx_dcmi.o(.text) for DCMI_CaptureCmd
    adc.o(.text) refers to stm32f4xx_rcc.o(.text) for RCC_APB2PeriphClockCmd
    adc.o(.text) refers to stm32f4xx_gpio.o(.text) for GPIO_Init
    adc.o(.text) refers to stm32f4xx_adc.o(.text) for ADC_CommonInit
    uart.o(.text) refers to _printf_percent.o(.ARM.Collect$$_printf_percent$$00000000) for _printf_percent
    uart.o(.text) refers to _printf_c.o(.ARM.Collect$$_printf_percent$$00000013) for _printf_c
    uart.o(.text) refers to _printf_str.o(.text) for _printf_str
    uart.o(.text) refers to _printf_d.o(.ARM.Collect$$_printf_percent$$00000009) for _printf_d
    uart.o(.text) refers to _printf_dec.o(.text) for _printf_int_dec
    uart.o(.text) refers to stm32f4xx_rcc.o(.text) for RCC_AHB1PeriphClockCmd
    uart.o(.text) refers to stm32f4xx_gpio.o(.text) for GPIO_PinAFConfig
    uart.o(.text) refers to stm32f4xx_usart.o(.text) for USART_Init
    uart.o(.text) refers to rt_memclr_w.o(.text) for __aeabi_memclr4
    uart.o(.text) refers to noretval__2sprintf.o(.text) for __2sprintf
    uart.o(.text) refers to ov7670_control.o(.text) for Delay
    gpio.o(.text) refers to stm32f4xx_rcc.o(.text) for RCC_AHB1PeriphClockCmd
    gpio.o(.text) refers to stm32f4xx_gpio.o(.text) for GPIO_Init
    stm32f4xx_adc.o(.text) refers to stm32f4xx_rcc.o(.text) for RCC_APB2PeriphResetCmd
    stm32f4xx_gpio.o(.text) refers to stm32f4xx_rcc.o(.text) for RCC_AHB1PeriphResetCmd
    stm32f4xx_i2c.o(.text) refers to stm32f4xx_rcc.o(.text) for RCC_APB1PeriphResetCmd
    stm32f4xx_rcc.o(.text) refers to stm32f4xx_rcc.o(.data) for APBAHBPrescTable
[...]
    !!!scatter                               0x080001b4   Section       52  __scatter.o(!!!scatter)
    !!handler_copy                           0x080001e8   Section       26  __scatter_copy.o(!!handler_copy)
    !!handler_zi                             0x08000204   Section       28  __scatter_zi.o(!!handler_zi)
    .ARM.Collect$$_printf_percent$$00000000  0x08000220   Section        0  _printf_percent.o(.ARM.Collect$$_printf_percent$$00000000)
    .ARM.Collect$$_printf_percent$$00000009  0x08000220   Section        6  _printf_d.o(.ARM.Collect$$_printf_percent$$00000009)
    .ARM.Collect$$_printf_percent$$00000013  0x08000226   Section        6  _printf_c.o(.ARM.Collect$$_printf_percent$$00000013)
    .ARM.Collect$$_printf_percent$$00000017  0x0800022c   Section        4  _printf_percent_end.o(.ARM.Collect$$_printf_percent$$00000017)
    .ARM.Collect$$libinit$$00000000          0x08000230   Section        2  libinit.o(.ARM.Collect$$libinit$$00000000)
    .ARM.Collect$$libinit$$00000001          0x08000232   Section        4  libinit2.o(.ARM.Collect$$libinit$$00000001)
    .ARM.Collect$$libinit$$00000004          0x08000236   Section        0  libinit2.o(.ARM.Collect$$libinit$$00000004)
    .ARM.Collect$$libinit$$0000000A          0x08000236   Section        0  libinit2.o(.ARM.Collect$$libinit$$0000000A)
    .ARM.Collect$$libinit$$0000000C          0x08000236   Section        0  libinit2.o(.ARM.Collect$$libinit$$0000000C)
    .ARM.Collect$$libinit$$0000000E          0x08000236   Section        0  libinit2.o(.ARM.Collect$$libinit$$0000000E)
    .ARM.Collect$$libinit$$00000011          0x08000236   Section        0  libinit2.o(.ARM.Collect$$libinit$$00000011)
    .ARM.Collect$$libinit$$00000013          0x08000236   Section        0  libinit2.o(.ARM.Collect$$libinit$$00000013)
    .ARM.Collect$$libinit$$00000015          0x08000236   Section        0  libinit2.o(.ARM.Collect$$libinit$$00000015)
    .ARM.Collect$$libinit$$00000017          0x08000236   Section        0  libinit2.o(.ARM.Collect$$libinit$$00000017)
    .ARM.Collect$$libinit$$00000019          0x08000236   Section        0  libinit2.o(.ARM.Collect$$libinit$$00000019)
    .ARM.Collect$$libinit$$0000001B          0x08000236   Section        0  libinit2.o(.ARM.Collect$$libinit$$0000001B)
    .ARM.Collect$$libinit$$0000001D          0x08000236   Section        0  libinit2.o(.ARM.Collect$$libinit$$0000001D)
    .ARM.Collect$$libinit$$0000001F          0x08000236   Section        0  libinit2.o(.ARM.Collect$$libinit$$0000001F)
    .ARM.Collect$$libinit$$00000021          0x08000236   Section        0  libinit2.o(.ARM.Collect$$libinit$$00000021)
    .ARM.Collect$$libinit$$00000023          0x08000236   Section        0  libinit2.o(.ARM.Collect$$libinit$$00000023)
    .ARM.Collect$$libinit$$00000025          0x08000236   Section        0  libinit2.o(.ARM.Collect$$libinit$$00000025)
    .ARM.Collect$$libinit$$0000002C          0x08000236   Section        0  libinit2.o(.ARM.Collect$$libinit$$0000002C)
    .ARM.Collect$$libinit$$0000002E          0x08000236   Section        0  libinit2.o(.ARM.Collect$$libinit$$0000002E)
    .ARM.Collect$$libinit$$00000030          0x08000236   Section        0  libinit2.o(.ARM.Collect$$libinit$$00000030)
    .ARM.Collect$$libinit$$00000032          0x08000236   Section        0  libinit2.o(.ARM.Collect$$libinit$$00000032)
    .ARM.Collect$$libinit$$00000033          0x08000236   Section        2  libinit2.o(.ARM.Collect$$libinit$$00000033)
    .ARM.Collect$$libshutdown$$00000000      0x08000238   Section        2  libshutdown.o(.ARM.Collect$$libshutdown$$00000000)
    .ARM.Collect$$libshutdown$$00000002      0x0800023a   Section        0  libshutdown2.o(.ARM.Collect$$libshutdown$$00000002)
    .ARM.Collect$$libshutdown$$00000004      0x0800023a   Section        0  libshutdown2.o(.ARM.Collect$$libshutdown$$00000004)
    .ARM.Collect$$libshutdown$$00000007      0x0800023a   Section        0  libshutdown2.o(.ARM.Collect$$libshutdown$$00000007)
    .ARM.Collect$$libshutdown$$0000000A      0x0800023a   Section        0  libshutdown2.o(.ARM.Collect$$libshutdown$$0000000A)
    .ARM.Collect$$libshutdown$$0000000C      0x0800023a   Section        0  libshutdown2.o(.ARM.Collect$$libshutdown$$0000000C)
    .ARM.Collect$$libshutdown$$0000000F      0x0800023a   Section        0  libshutdown2.o(.ARM.Collect$$libshutdown$$0000000F)
    .ARM.Collect$$libshutdown$$00000010      0x0800023a   Section        2  libshutdown2.o(.ARM.Collect$$libshutdown$$00000010)
    .ARM.Collect$$rtentry$$00000000          0x0800023c   Section        0  __rtentry.o(.ARM.Collect$$rtentry$$00000000)
    .ARM.Collect$$rtentry$$00000002          0x0800023c   Section        0  __rtentry2.o(.ARM.Collect$$rtentry$$00000002)
    .ARM.Collect$$rtentry$$00000004          0x0800023c   Section        6  __rtentry4.o(.ARM.Collect$$rtentry$$00000004)
    .ARM.Collect$$rtentry$$00000009          0x08000242   Section        0  __rtentry2.o(.ARM.Collect$$rtentry$$00000009)
    .ARM.Collect$$rtentry$$0000000A          0x08000242   Section        4  __rtentry2.o(.ARM.Collect$$rtentry$$0000000A)
    .ARM.Collect$$rtentry$$0000000C          0x08000246   Section        0  __rtentry2.o(.ARM.Collect$$rtentry$$0000000C)
    .ARM.Collect$$rtentry$$0000000D          0x08000246   Section        8  __rtentry2.o(.ARM.Collect$$rtentry$$0000000D)
    .ARM.Collect$$rtexit$$00000000           0x0800024e   Section        2  rtexit.o(.ARM.Collect$$rtexit$$00000000)
    .ARM.Collect$$rtexit$$00000002           0x08000250   Section        0  rtexit2.o(.ARM.Collect$$rtexit$$00000002)
    .ARM.Collect$$rtexit$$00000003           0x08000250   Section        4  rtexit2.o(.ARM.Collect$$rtexit$$00000003)
    .ARM.Collect$$rtexit$$00000004           0x08000254   Section        6  rtexit2.o(.ARM.Collect$$rtexit$$00000004)
    .text                                    0x0800025c   Section        0  main.o(.text)
    .text                                    0x08000540   Section        0  system_control.o(.text)
    .text                                    0x08000690   Section        0  ov7670_control.o(.text)
    .text                                    0x08000ab4   Section        0  lcd_ili9341.o(.text)
    .text                                    0x080016ec   Section        0  lcd_spi.o(.text)
    .text                                    0x0800189c   Section        0  cv.o(.text)
    .text                                    0x08001bf8   Section        0  adc.o(.text)
    .text                                    0x08001ca0   Section        0  uart.o(.text)
    .text                                    0x080022c0   Section        0  gpio.o(.text)
    .text                                    0x08002310   Section        0  misc.o(.text)
    .text                                    0x080023f0   Section        0  stm32f4xx_adc.o(.text)
    .text                                    0x08002854   Section        0  stm32f4xx_dcmi.o(.text)
    .text                                    0x080029e0   Section        0  stm32f4xx_dma.o(.text)
    .text                                    0x08002d88   Section        0  stm32f4xx_gpio.o(.text)
    .text                                    0x0800301c   Section        0  stm32f4xx_i2c.o(.text)
    .text                                    0x08003474   Section        0  stm32f4xx_rcc.o(.text)
    .text                                    0x08003aac   Section        0  stm32f4xx_spi.o(.text)
    .text                                    0x08003efc   Section        0  stm32f4xx_tim.o(.text)
    TI4_Config                               0x0800469b   Thumb Code    80  stm32f4xx_tim.o(.text)
    TI3_Config                               0x080046fd   Thumb Code    72  stm32f4xx_tim.o(.text)
    TI2_Config                               0x0800475f   Thumb Code    90  stm32f4xx_tim.o(.text)
    TI1_Config                               0x080047cb   Thumb Code    58  stm32f4xx_tim.o(.text)
    .text                                    0x08004ba0   Section        0  stm32f4xx_usart.o(.text)
    .text                                    0x08004ff4   Section       64  startup_stm32f429_439xx.o(.text)
    $v0                                      0x08004ff4   Number         0  startup_stm32f429_439xx.o(.text)
    .text                                    0x08005034   Section        0  system_stm32f4xx.o(.text)
    SetSysClock                              0x08005035   Thumb Code   272  system_stm32f4xx.o(.text)
    .text                                    0x08005278   Section        0  noretval__2sprintf.o(.text)
    .text                                    0x080052a0   Section        0  __printf.o(.text)
    .text                                    0x08005308   Section        0  _printf_str.o(.text)
    .text                                    0x0800535c   Section        0  _printf_dec.o(.text)
    .text                                    0x080053d4   Section       68  rt_memclr.o(.text)
    .text                                    0x08005418   Section       78  rt_memclr_w.o(.text)
    .text                                    0x08005466   Section        0  heapauxi.o(.text)
    .text                                    0x0800546c   Section        0  _printf_intcommon.o(.text)
    .text                                    0x08005520   Section        0  _printf_char_common.o(.text)
    _printf_input_char                       0x08005521   Thumb Code    10  _printf_char_common.o(.text)
    .text                                    0x08005550   Section        0  _sputc.o(.text)
    .text                                    0x0800555a   Section        0  _printf_char.o(.text)
    .text                                    0x08005586   Section       74  sys_stackheap_outer.o(.text)
    .text                                    0x080055d0   Section        0  exit.o(.text)
    .text                                    0x080055e4   Section        8  libspace.o(.text)
    .text                                    0x080055ec   Section        0  sys_exit.o(.text)
    .text                                    0x080055f8   Section        2  use_no_semi.o(.text)
    .text                                    0x080055fa   Section        0  indicate_semi.o(.text)
    x$fpl$fpinit                             0x080055fa   Section       10  fpinit.o(x$fpl$fpinit)
    $v0                                      0x080055fa   Number         0  fpinit.o(x$fpl$fpinit)
    .constdata                               0x08005604   Section      244  ov7670_control.o(.constdata)
    .constdata                               0x080056f8   Section    10260  lcd_fonts.o(.constdata)
    .data                                    0x20000000   Section        6  main.o(.data)
    STM_mode                                 0x20000000   Data           1  main.o(.data)
    btn_pressed                              0x20000001   Data           1  main.o(.data)
    sett_mode                                0x20000002   Data           1  main.o(.data)
    frame_flag                               0x20000003   Data           1  main.o(.data)
    old_state                                0x20000004   Data           1  main.o(.data)
    init                                     0x20000005   Data           1  main.o(.data)
    .data                                    0x20000008   Section       24  lcd_fonts.o(.data)
    .data                                    0x20000020   Section       11  lcd_ili9341.o(.data)
    .data                                    0x2000002b   Section       16  stm32f4xx_rcc.o(.data)
    APBAHBPrescTable                         0x2000002b   Data          16  stm32f4xx_rcc.o(.data)
    .data                                    0x2000003c   Section       20  system_stm32f4xx.o(.data)
    .bss                                     0x20000050   Section    28800  main.o(.bss)
    .bss                                     0x200070d0   Section    153600  ov7670_control.o(.bss)
    .bss                                     0x2002c8d0   Section       96  libspace.o(.bss)
    HEAP                                     0x2002c930   Section      512  startup_stm32f429_439xx.o(HEAP)
    Heap_Mem                                 0x2002c930   Data         512  startup_stm32f429_439xx.o(HEAP)
    STACK                                    0x2002cb30   Section     1024  startup_stm32f429_439xx.o(STACK)
    Stack_Mem                                0x2002cb30   Data        1024  startup_stm32f429_439xx.o(STACK)
    __initial_sp                             0x2002cf30   Data           0  startup_stm32f429_439xx.o(STACK)

    Global Symbols

    Symbol Name                              Value     Ov Type        Size  Object(Section)

    BuildAttributes$$THM_ISAv4$E$P$D$K$B$S$7EM$VFPi3$EXTD16$VFPS$VFMA$PE$A:L22UL41UL21$X:L11$S22US41US21$IEEE1$IW$USESV6$~STKCKD$USESV7$~SHL$OSPACE$ROPI$EBA8$UX$STANDARDLIB$REQ8$PRES8$EABIv2 0x00000000   Number         0  anon$$obj.o ABSOLUTE
    __ARM_use_no_argv                        0x00000000   Number         0  main.o ABSOLUTE
    __ARM_exceptions_init                     - Undefined Weak Reference
    __alloca_initialize                       - Undefined Weak Reference
    __arm_preinit_                            - Undefined Weak Reference
    __cpp_initialize__aeabi_                  - Undefined Weak Reference
    __cxa_finalize                            - Undefined Weak Reference
    __rt_locale                               - Undefined Weak Reference
    __sigvec_lookup                           - Undefined Weak Reference
    _atexit_init                              - Undefined Weak Reference
    _call_atexit_fns                          - Undefined Weak Reference
    _clock_init                               - Undefined Weak Reference
    _fp_trap_init                             - Undefined Weak Reference
    _fp_trap_shutdown                         - Undefined Weak Reference
    _get_lc_collate                           - Undefined Weak Reference
    _get_lc_ctype                             - Undefined Weak Reference
    _get_lc_monetary                          - Undefined Weak Reference
    _get_lc_numeric                           - Undefined Weak Reference
    _get_lc_time                              - Undefined Weak Reference
    _getenv_init                              - Undefined Weak Reference
    _handle_redirection                       - Undefined Weak Reference
    _init_alloc                               - Undefined Weak Reference
    _init_user_alloc                          - Undefined Weak Reference
    _initio                                   - Undefined Weak Reference
    _printf_mbtowc                            - Undefined Weak Reference
    _printf_post_padding                      - Undefined Weak Reference
    _printf_pre_padding                       - Undefined Weak Reference
    _printf_truncate_signed                   - Undefined Weak Reference
    _printf_truncate_unsigned                 - Undefined Weak Reference
    _rand_init                                - Undefined Weak Reference
    _signal_finish                            - Undefined Weak Reference
    _signal_init                              - Undefined Weak Reference
    _terminate_alloc                          - Undefined Weak Reference
    _terminate_user_alloc                     - Undefined Weak Reference
    _terminateio                              - Undefined Weak Reference
    __Vectors_Size                           0x000001ac   Number         0  startup_stm32f429_439xx.o ABSOLUTE
    __Vectors                                0x08000000   Data           4  startup_stm32f429_439xx.o(RESET)
    __Vectors_End                            0x080001ac   Data           0  startup_stm32f429_439xx.o(RESET)
    __main                                   0x080001ad   Thumb Code     8  __main.o(!!!main)
    __scatterload                            0x080001b5   Thumb Code     0  __scatter.o(!!!scatter)
    __scatterload_rt2                        0x080001b5   Thumb Code    44  __scatter.o(!!!scatter)
    __scatterload_rt2_thumb_only             0x080001b5   Thumb Code     0  __scatter.o(!!!scatter)
    __scatterload_null                       0x080001c3   Thumb Code     0  __scatter.o(!!!scatter)
    __scatterload_copy                       0x080001e9   Thumb Code    26  __scatter_copy.o(!!handler_copy)
    __scatterload_zeroinit                   0x08000205   Thumb Code    28  __scatter_zi.o(!!handler_zi)
    _printf_d                                0x08000221   Thumb Code     0  _printf_d.o(.ARM.Collect$$_printf_percent$$00000009)
    _printf_percent                          0x08000221   Thumb Code     0  _printf_percent.o(.ARM.Collect$$_printf_percent$$00000000)
    _printf_c                                0x08000227   Thumb Code     0  _printf_c.o(.ARM.Collect$$_printf_percent$$00000013)
    _printf_percent_end                      0x0800022d   Thumb Code     0  _printf_percent_end.o(.ARM.Collect$$_printf_percent$$00000017)
    __rt_lib_init                            0x08000231   Thumb Code     0  libinit.o(.ARM.Collect$$libinit$$00000000)
    __rt_lib_init_fp_1                       0x08000233   Thumb Code     0  libinit2.o(.ARM.Collect$$libinit$$00000001)
    __rt_lib_init_alloca_1                   0x08000237   Thumb Code     0  libinit2.o(.ARM.Collect$$libinit$$0000002E)
    __rt_lib_init_argv_1                     0x08000237   Thumb Code     0  libinit2.o(.ARM.Collect$$libinit$$0000002C)
    __rt_lib_init_atexit_1                   0x08000237   Thumb Code     0  libinit2.o(.ARM.Collect$$libinit$$0000001B)
    __rt_lib_init_clock_1                    0x08000237   Thumb Code     0  libinit2.o(.ARM.Collect$$libinit$$00000021)
    __rt_lib_init_cpp_1                      0x08000237   Thumb Code     0  libinit2.o(.ARM.Collect$$libinit$$00000032)
    __rt_lib_init_exceptions_1               0x08000237   Thumb Code     0  libinit2.o(.ARM.Collect$$libinit$$00000030)
    __rt_lib_init_fp_trap_1                  0x08000237   Thumb Code     0  libinit2.o(.ARM.Collect$$libinit$$0000001F)
    __rt_lib_init_getenv_1                   0x08000237   Thumb Code     0  libinit2.o(.ARM.Collect$$libinit$$00000023)
    __rt_lib_init_heap_1                     0x08000237   Thumb Code     0  libinit2.o(.ARM.Collect$$libinit$$0000000A)
    __rt_lib_init_lc_collate_1               0x08000237   Thumb Code     0  libinit2.o(.ARM.Collect$$libinit$$00000011)
    __rt_lib_init_lc_ctype_1                 0x08000237   Thumb Code     0  libinit2.o(.ARM.Collect$$libinit$$00000013)
    __rt_lib_init_lc_monetary_1              0x08000237   Thumb Code     0  libinit2.o(.ARM.Collect$$libinit$$00000015)
    __rt_lib_init_lc_numeric_1               0x08000237   Thumb Code     0  libinit2.o(.ARM.Collect$$libinit$$00000017)
    __rt_lib_init_lc_time_1                  0x08000237   Thumb Code     0  libinit2.o(.ARM.Collect$$libinit$$00000019)
    __rt_lib_init_preinit_1                  0x08000237   Thumb Code     0  libinit2.o(.ARM.Collect$$libinit$$00000004)
    __rt_lib_init_rand_1                     0x08000237   Thumb Code     0  libinit2.o(.ARM.Collect$$libinit$$0000000E)
    __rt_lib_init_return                     0x08000237   Thumb Code     0  libinit2.o(.ARM.Collect$$libinit$$00000033)
    __rt_lib_init_signal_1                   0x08000237   Thumb Code     0  libinit2.o(.ARM.Collect$$libinit$$0000001D)
    __rt_lib_init_stdio_1                    0x08000237   Thumb Code     0  libinit2.o(.ARM.Collect$$libinit$$00000025)
    __rt_lib_init_user_alloc_1               0x08000237   Thumb Code     0  libinit2.o(.ARM.Collect$$libinit$$0000000C)
    __rt_lib_shutdown                        0x08000239   Thumb Code     0  libshutdown.o(.ARM.Collect$$libshutdown$$00000000)
    __rt_lib_shutdown_cpp_1                  0x0800023b   Thumb Code     0  libshutdown2.o(.ARM.Collect$$libshutdown$$00000002)
    __rt_lib_shutdown_fp_trap_1              0x0800023b   Thumb Code     0  libshutdown2.o(.ARM.Collect$$libshutdown$$00000007)
    __rt_lib_shutdown_heap_1                 0x0800023b   Thumb Code     0  libshutdown2.o(.ARM.Collect$$libshutdown$$0000000F)
    __rt_lib_shutdown_return                 0x0800023b   Thumb Code     0  libshutdown2.o(.ARM.Collect$$libshutdown$$00000010)
    __rt_lib_shutdown_signal_1               0x0800023b   Thumb Code     0  libshutdown2.o(.ARM.Collect$$libshutdown$$0000000A)
    __rt_lib_shutdown_stdio_1                0x0800023b   Thumb Code     0  libshutdown2.o(.ARM.Collect$$libshutdown$$00000004)
    __rt_lib_shutdown_user_alloc_1           0x0800023b   Thumb Code     0  libshutdown2.o(.ARM.Collect$$libshutdown$$0000000C)
    __rt_entry                               0x0800023d   Thumb Code     0  __rtentry.o(.ARM.Collect$$rtentry$$00000000)
    __rt_entry_presh_1                       0x0800023d   Thumb Code     0  __rtentry2.o(.ARM.Collect$$rtentry$$00000002)
    __rt_entry_sh                            0x0800023d   Thumb Code     0  __rtentry4.o(.ARM.Collect$$rtentry$$00000004)
    __rt_entry_li                            0x08000243   Thumb Code     0  __rtentry2.o(.ARM.Collect$$rtentry$$0000000A)
    __rt_entry_postsh_1                      0x08000243   Thumb Code     0  __rtentry2.o(.ARM.Collect$$rtentry$$00000009)
    __rt_entry_main                          0x08000247   Thumb Code     0  __rtentry2.o(.ARM.Collect$$rtentry$$0000000D)
    __rt_entry_postli_1                      0x08000247   Thumb Code     0  __rtentry2.o(.ARM.Collect$$rtentry$$0000000C)
    __rt_exit                                0x0800024f   Thumb Code     0  rtexit.o(.ARM.Collect$$rtexit$$00000000)
    __rt_exit_ls                             0x08000251   Thumb Code     0  rtexit2.o(.ARM.Collect$$rtexit$$00000003)
    __rt_exit_prels_1                        0x08000251   Thumb Code     0  rtexit2.o(.ARM.Collect$$rtexit$$00000002)
    __rt_exit_exit                           0x08000255   Thumb Code     0  rtexit2.o(.ARM.Collect$$rtexit$$00000004)
    main                                     0x0800025d   Thumb Code   390  main.o(.text)
    TIM3_IRQHandler                          0x080003e3   Thumb Code    96  main.o(.text)
    TIM4_IRQHandler                          0x08000443   Thumb Code    74  main.o(.text)
    DMA2_Stream1_IRQHandler                  0x0800048d   Thumb Code    36  main.o(.text)
    STM_LedInit                              0x08000541   Thumb Code    48  system_control.o(.text)
    STM_ButtonInit                           0x08000571   Thumb Code    46  system_control.o(.text)
    STM_LedOn                                0x0800059f   Thumb Code    14  system_control.o(.text)
    STM_LedOff                               0x080005ad   Thumb Code    14  system_control.o(.text)
    STM_ButtonPressed                        0x080005bb   Thumb Code    12  system_control.o(.text)
    STM_TimerInit                            0x080005c7   Thumb Code   184  system_control.o(.text)
    Delay                                    0x08000691   Thumb Code    20  ov7670_control.o(.text)
    MCO1_init                                0x080006a5   Thumb Code    76  ov7670_control.o(.text)
    SCCB_init                                0x080006f1   Thumb Code   150  ov7670_control.o(.text)
    SCCB_write_reg                           0x08000787   Thumb Code   190  ov7670_control.o(.text)
    OV7670_init                              0x08000845   Thumb Code    78  ov7670_control.o(.text)
    DCMI_DMA_init                            0x08000893   Thumb Code   492  ov7670_control.o(.text)
    LCD_ILI9341_SendCommand                  0x08000ab5   Thumb Code    40  lcd_ili9341.o(.text)
    LCD_ILI9341_Delay                        0x08000add   Thumb Code    18  lcd_ili9341.o(.text)
    LCD_ILI9341_SendData                     0x08000aef   Thumb Code    40  lcd_ili9341.o(.text)
    LCD_ILI9341_InitLCD                      0x08000b17   Thumb Code   590  lcd_ili9341.o(.text)
    LCD_ILI9341_Init                         0x08000d65   Thumb Code   136  lcd_ili9341.o(.text)
    LCD_ILI9341_SetCursorPosition            0x08000ded   Thumb Code    76  lcd_ili9341.o(.text)
    LCD_ILI9341_DrawPixel                    0x08000e39   Thumb Code    40  lcd_ili9341.o(.text)
    LCD_ILI9341_Fill                         0x08000e61   Thumb Code   100  lcd_ili9341.o(.text)
    LCD_ILI9341_Display_bit_Image            0x08000ec5   Thumb Code   140  lcd_ili9341.o(.text)
    LCD_ILI9341_DisplayImage                 0x08000f51   Thumb Code   534  lcd_ili9341.o(.text)
    LCD_ILI9341_Rotate                       0x08001167   Thumb Code    96  lcd_ili9341.o(.text)
    LCD_ILI9341_Putc                         0x080011c7   Thumb Code   172  lcd_ili9341.o(.text)
    LCD_ILI9341_Puts                         0x08001273   Thumb Code   160  lcd_ili9341.o(.text)
    LCD_ILI9341_GetStringSize                0x08001313   Thumb Code    28  lcd_ili9341.o(.text)
    LCD_ILI9341_DrawLine                     0x0800132f   Thumb Code   230  lcd_ili9341.o(.text)
    LCD_ILI9341_DrawRectangle                0x08001415   Thumb Code    74  lcd_ili9341.o(.text)
    LCD_ILI9341_DrawFilledRectangle          0x0800145f   Thumb Code    46  lcd_ili9341.o(.text)
    LCD_ILI9341_DrawCircle                   0x0800148d   Thumb Code   260  lcd_ili9341.o(.text)
    LCD_ILI9341_DrawFilledCircle             0x08001591   Thumb Code   348  lcd_ili9341.o(.text)
    LCD_SPI_Init                             0x080016ed   Thumb Code   158  lcd_spi.o(.text)
    LCD_SPI_Send                             0x0800178b   Thumb Code    56  lcd_spi.o(.text)
    LCD_SPI_SendMulti                        0x080017c3   Thumb Code    38  lcd_spi.o(.text)
    LCD_SPI_WriteMulti                       0x080017e9   Thumb Code    34  lcd_spi.o(.text)
    LCD_SPI_ReadMulti                        0x0800180b   Thumb Code    38  lcd_spi.o(.text)
    LCD_SPI_BaudRateUp                       0x08001831   Thumb Code    98  lcd_spi.o(.text)
    bit_shift                                0x0800189d   Thumb Code    42  cv.o(.text)
    yellow_filter                            0x080018c7   Thumb Code   432  cv.o(.text)
    compare                                  0x08001a77   Thumb Code   204  cv.o(.text)
    get_originYellow                         0x08001b43   Thumb Code   164  cv.o(.text)
    set_adc                                  0x08001bf9   Thumb Code   128  adc.o(.text)
    ADC_Read                                 0x08001c79   Thumb Code    30  adc.o(.text)
    set_uart                                 0x08001ca1   Thumb Code   250  uart.o(.text)
    USART_Send                               0x08001d9b   Thumb Code    30  uart.o(.text)
    USART_String_Send                        0x08001db9   Thumb Code    40  uart.o(.text)
    USART_AT_String_Send                     0x08001de1   Thumb Code    84  uart.o(.text)
    motionSend                               0x08001e35   Thumb Code   192  uart.o(.text)
    gassend                                  0x08001ef5   Thumb Code   194  uart.o(.text)
    adcSend                                  0x08001fb7   Thumb Code   330  uart.o(.text)
    LoRa_send                                0x08002101   Thumb Code   434  uart.o(.text)
    set_gpio                                 0x080022c1   Thumb Code    76  gpio.o(.text)
    NVIC_PriorityGroupConfig                 0x08002311   Thumb Code    10  misc.o(.text)
    NVIC_Init                                0x0800231b   Thumb Code   106  misc.o(.text)
    NVIC_SetVectorTable                      0x08002385   Thumb Code    14  misc.o(.text)
    NVIC_SystemLPConfig                      0x08002393   Thumb Code    34  misc.o(.text)
    SysTick_CLKSourceConfig                  0x080023b5   Thumb Code    40  misc.o(.text)
    ADC_DeInit                               0x080023f1   Thumb Code    22  stm32f4xx_adc.o(.text)
    ADC_Init                                 0x08002407   Thumb Code    74  stm32f4xx_adc.o(.text)
    ADC_StructInit                           0x08002451   Thumb Code    20  stm32f4xx_adc.o(.text)
    ADC_CommonInit                           0x08002465   Thumb Code    34  stm32f4xx_adc.o(.text)
    ADC_CommonStructInit                     0x08002487   Thumb Code    12  stm32f4xx_adc.o(.text)
    ADC_Cmd                                  0x08002493   Thumb Code    22  stm32f4xx_adc.o(.text)
    ADC_AnalogWatchdogCmd                    0x080024a9   Thumb Code    16  stm32f4xx_adc.o(.text)
    ADC_AnalogWatchdogThresholdsConfig       0x080024b9   Thumb Code     6  stm32f4xx_adc.o(.text)
    ADC_AnalogWatchdogSingleChannelConfig    0x080024bf   Thumb Code    16  stm32f4xx_adc.o(.text)
    ADC_TempSensorVrefintCmd                 0x080024cf   Thumb Code    34  stm32f4xx_adc.o(.text)
    ADC_VBATCmd                              0x080024f1   Thumb Code    34  stm32f4xx_adc.o(.text)
    ADC_RegularChannelConfig                 0x08002513   Thumb Code   184  stm32f4xx_adc.o(.text)
    ADC_SoftwareStartConv                    0x080025cb   Thumb Code    10  stm32f4xx_adc.o(.text)
    ADC_GetSoftwareStartConvStatus           0x080025d5   Thumb Code    20  stm32f4xx_adc.o(.text)
    ADC_EOCOnEachRegularChannelCmd           0x080025e9   Thumb Code    22  stm32f4xx_adc.o(.text)
    ADC_ContinuousModeCmd                    0x080025ff   Thumb Code    22  stm32f4xx_adc.o(.text)
    ADC_DiscModeChannelCountConfig           0x08002615   Thumb Code    24  stm32f4xx_adc.o(.text)
    ADC_DiscModeCmd                          0x0800262d   Thumb Code    22  stm32f4xx_adc.o(.text)
    ADC_GetConversionValue                   0x08002643   Thumb Code     8  stm32f4xx_adc.o(.text)
    ADC_GetMultiModeConversionValue          0x0800264b   Thumb Code     8  stm32f4xx_adc.o(.text)
    ADC_DMACmd                               0x08002653   Thumb Code    22  stm32f4xx_adc.o(.text)
    ADC_DMARequestAfterLastTransferCmd       0x08002669   Thumb Code    22  stm32f4xx_adc.o(.text)
    ADC_MultiModeDMARequestAfterLastTransferCmd 0x0800267f   Thumb Code    34  stm32f4xx_adc.o(.text)
    ADC_InjectedChannelConfig                0x080026a1   Thumb Code   130  stm32f4xx_adc.o(.text)
    ADC_InjectedSequencerLengthConfig        0x08002723   Thumb Code    24  stm32f4xx_adc.o(.text)
    ADC_SetInjectedOffset                    0x0800273b   Thumb Code    20  stm32f4xx_adc.o(.text)
    ADC_ExternalTrigInjectedConvConfig       0x0800274f   Thumb Code    16  stm32f4xx_adc.o(.text)
    ADC_ExternalTrigInjectedConvEdgeConfig   0x0800275f   Thumb Code    16  stm32f4xx_adc.o(.text)
    ADC_SoftwareStartInjectedConv            0x0800276f   Thumb Code    10  stm32f4xx_adc.o(.text)
    ADC_GetSoftwareStartInjectedConvCmdStatus 0x08002779   Thumb Code    20  stm32f4xx_adc.o(.text)
    ADC_AutoInjectedConvCmd                  0x0800278d   Thumb Code    22  stm32f4xx_adc.o(.text)
    ADC_InjectedDiscModeCmd                  0x080027a3   Thumb Code    22  stm32f4xx_adc.o(.text)
    ADC_GetInjectedConversionValue           0x080027b9   Thumb Code    28  stm32f4xx_adc.o(.text)
    ADC_ITConfig                             0x080027d5   Thumb Code    56  stm32f4xx_adc.o(.text)
    ADC_GetFlagStatus                        0x0800280d   Thumb Code    18  stm32f4xx_adc.o(.text)
    ADC_ClearFlag                            0x0800281f   Thumb Code     6  stm32f4xx_adc.o(.text)
    ADC_GetITStatus                          0x08002825   Thumb Code    38  stm32f4xx_adc.o(.text)
    ADC_ClearITPendingBit                    0x0800284b   Thumb Code    10  stm32f4xx_adc.o(.text)
    DCMI_DeInit                              0x08002855   Thumb Code    24  stm32f4xx_dcmi.o(.text)
    DCMI_Init                                0x0800286d   Thumb Code    60  stm32f4xx_dcmi.o(.text)
    DCMI_StructInit                          0x080028a9   Thumb Code    18  stm32f4xx_dcmi.o(.text)
    DCMI_CROPConfig                          0x080028bb   Thumb Code    26  stm32f4xx_dcmi.o(.text)
    DCMI_CROPCmd                             0x080028d5   Thumb Code    30  stm32f4xx_dcmi.o(.text)
    DCMI_SetEmbeddedSynchroCodes             0x080028f3   Thumb Code    26  stm32f4xx_dcmi.o(.text)
    DCMI_JPEGCmd                             0x0800290d   Thumb Code    30  stm32f4xx_dcmi.o(.text)
    DCMI_Cmd                                 0x0800292b   Thumb Code    30  stm32f4xx_dcmi.o(.text)
    DCMI_CaptureCmd                          0x08002949   Thumb Code    30  stm32f4xx_dcmi.o(.text)
    DCMI_ReadData                            0x08002967   Thumb Code     6  stm32f4xx_dcmi.o(.text)
    DCMI_ITConfig                            0x0800296d   Thumb Code    30  stm32f4xx_dcmi.o(.text)
    DCMI_GetFlagStatus                       0x0800298b   Thumb Code    46  stm32f4xx_dcmi.o(.text)
    DCMI_ClearFlag                           0x080029b9   Thumb Code     6  stm32f4xx_dcmi.o(.text)
    DCMI_GetITStatus                         0x080029bf   Thumb Code    24  stm32f4xx_dcmi.o(.text)
    DCMI_ClearITPendingBit                   0x080029d7   Thumb Code     6  stm32f4xx_dcmi.o(.text)
    DMA_DeInit                               0x080029e1   Thumb Code   324  stm32f4xx_dma.o(.text)
    DMA_Init                                 0x08002b25   Thumb Code    82  stm32f4xx_dma.o(.text)
    DMA_StructInit                           0x08002b77   Thumb Code    34  stm32f4xx_dma.o(.text)
    DMA_Cmd                                  0x08002b99   Thumb Code    22  stm32f4xx_dma.o(.text)
    DMA_PeriphIncOffsetSizeConfig            0x08002baf   Thumb Code    22  stm32f4xx_dma.o(.text)
    DMA_FlowControllerConfig                 0x08002bc5   Thumb Code    22  stm32f4xx_dma.o(.text)
    DMA_SetCurrDataCounter                   0x08002bdb   Thumb Code     4  stm32f4xx_dma.o(.text)
    DMA_GetCurrDataCounter                   0x08002bdf   Thumb Code     8  stm32f4xx_dma.o(.text)
    DMA_DoubleBufferModeConfig               0x08002be7   Thumb Code    24  stm32f4xx_dma.o(.text)
    DMA_DoubleBufferModeCmd                  0x08002bff   Thumb Code    22  stm32f4xx_dma.o(.text)
    DMA_MemoryTargetConfig                   0x08002c15   Thumb Code    10  stm32f4xx_dma.o(.text)
    DMA_GetCurrentMemoryTarget               0x08002c1f   Thumb Code    20  stm32f4xx_dma.o(.text)
    DMA_GetCmdStatus                         0x08002c33   Thumb Code    20  stm32f4xx_dma.o(.text)
    DMA_GetFIFOStatus                        0x08002c47   Thumb Code    12  stm32f4xx_dma.o(.text)
    DMA_GetFlagStatus                        0x08002c53   Thumb Code    56  stm32f4xx_dma.o(.text)
    DMA_ClearFlag                            0x08002c8b   Thumb Code    40  stm32f4xx_dma.o(.text)
    DMA_ITConfig                             0x08002cb3   Thumb Code    58  stm32f4xx_dma.o(.text)
    DMA_GetITStatus                          0x08002ced   Thumb Code    84  stm32f4xx_dma.o(.text)
    DMA_ClearITPendingBit                    0x08002d41   Thumb Code    40  stm32f4xx_dma.o(.text)
    GPIO_DeInit                              0x08002d89   Thumb Code   268  stm32f4xx_gpio.o(.text)
    GPIO_Init                                0x08002e95   Thumb Code   144  stm32f4xx_gpio.o(.text)
    GPIO_StructInit                          0x08002f25   Thumb Code    18  stm32f4xx_gpio.o(.text)
    GPIO_PinLockConfig                       0x08002f37   Thumb Code    34  stm32f4xx_gpio.o(.text)
    GPIO_ReadInputDataBit                    0x08002f59   Thumb Code    18  stm32f4xx_gpio.o(.text)
    GPIO_ReadInputData                       0x08002f6b   Thumb Code     8  stm32f4xx_gpio.o(.text)
    GPIO_ReadOutputDataBit                   0x08002f73   Thumb Code    18  stm32f4xx_gpio.o(.text)
    GPIO_ReadOutputData                      0x08002f85   Thumb Code     8  stm32f4xx_gpio.o(.text)
    GPIO_SetBits                             0x08002f8d   Thumb Code     4  stm32f4xx_gpio.o(.text)
    GPIO_ResetBits                           0x08002f91   Thumb Code     4  stm32f4xx_gpio.o(.text)
    GPIO_WriteBit                            0x08002f95   Thumb Code    10  stm32f4xx_gpio.o(.text)
    GPIO_Write                               0x08002f9f   Thumb Code     4  stm32f4xx_gpio.o(.text)
    GPIO_ToggleBits                          0x08002fa3   Thumb Code     8  stm32f4xx_gpio.o(.text)
    GPIO_PinAFConfig                         0x08002fab   Thumb Code    70  stm32f4xx_gpio.o(.text)
    I2C_DeInit                               0x0800301d   Thumb Code    82  stm32f4xx_i2c.o(.text)
    I2C_Init                                 0x0800306f   Thumb Code   218  stm32f4xx_i2c.o(.text)
    I2C_StructInit                           0x08003149   Thumb Code    30  stm32f4xx_i2c.o(.text)
    I2C_Cmd                                  0x08003167   Thumb Code    24  stm32f4xx_i2c.o(.text)
    I2C_AnalogFilterCmd                      0x0800317f   Thumb Code    24  stm32f4xx_i2c.o(.text)
    I2C_DigitalFilterConfig                  0x08003197   Thumb Code    22  stm32f4xx_i2c.o(.text)
    I2C_GenerateSTART                        0x080031ad   Thumb Code    24  stm32f4xx_i2c.o(.text)
    I2C_GenerateSTOP                         0x080031c5   Thumb Code    24  stm32f4xx_i2c.o(.text)
    I2C_Send7bitAddress                      0x080031dd   Thumb Code    16  stm32f4xx_i2c.o(.text)
    I2C_AcknowledgeConfig                    0x080031ed   Thumb Code    24  stm32f4xx_i2c.o(.text)
    I2C_OwnAddress2Config                    0x08003205   Thumb Code    22  stm32f4xx_i2c.o(.text)
    I2C_DualAddressCmd                       0x0800321b   Thumb Code    24  stm32f4xx_i2c.o(.text)
    I2C_GeneralCallCmd                       0x08003233   Thumb Code    24  stm32f4xx_i2c.o(.text)
    I2C_SoftwareResetCmd                     0x0800324b   Thumb Code    22  stm32f4xx_i2c.o(.text)
    I2C_StretchClockCmd                      0x08003261   Thumb Code    24  stm32f4xx_i2c.o(.text)
    I2C_FastModeDutyCycleConfig              0x08003279   Thumb Code    28  stm32f4xx_i2c.o(.text)
    I2C_NACKPositionConfig                   0x08003295   Thumb Code    28  stm32f4xx_i2c.o(.text)
    I2C_SMBusAlertConfig                     0x080032b1   Thumb Code    28  stm32f4xx_i2c.o(.text)
    I2C_ARPCmd                               0x080032cd   Thumb Code    24  stm32f4xx_i2c.o(.text)
    I2C_SendData                             0x080032e5   Thumb Code     4  stm32f4xx_i2c.o(.text)
    I2C_ReceiveData                          0x080032e9   Thumb Code     8  stm32f4xx_i2c.o(.text)
    I2C_TransmitPEC                          0x080032f1   Thumb Code    24  stm32f4xx_i2c.o(.text)
    I2C_PECPositionConfig                    0x08003309   Thumb Code    28  stm32f4xx_i2c.o(.text)
    I2C_CalculatePEC                         0x08003325   Thumb Code    24  stm32f4xx_i2c.o(.text)
    I2C_GetPEC                               0x0800333d   Thumb Code     8  stm32f4xx_i2c.o(.text)
    I2C_DMACmd                               0x08003345   Thumb Code    24  stm32f4xx_i2c.o(.text)
    I2C_DMALastTransferCmd                   0x0800335d   Thumb Code    24  stm32f4xx_i2c.o(.text)
    I2C_ReadRegister                         0x08003375   Thumb Code    22  stm32f4xx_i2c.o(.text)
    I2C_ITConfig                             0x0800338b   Thumb Code    18  stm32f4xx_i2c.o(.text)
    I2C_CheckEvent                           0x0800339d   Thumb Code    42  stm32f4xx_i2c.o(.text)
    I2C_GetLastEvent                         0x080033c7   Thumb Code    26  stm32f4xx_i2c.o(.text)
    I2C_GetFlagStatus                        0x080033e1   Thumb Code    84  stm32f4xx_i2c.o(.text)
    I2C_ClearFlag                            0x08003435   Thumb Code    12  stm32f4xx_i2c.o(.text)
    I2C_GetITStatus                          0x08003441   Thumb Code    38  stm32f4xx_i2c.o(.text)
    I2C_ClearITPendingBit                    0x08003467   Thumb Code    12  stm32f4xx_i2c.o(.text)
    RCC_DeInit                               0x08003475   Thumb Code    82  stm32f4xx_rcc.o(.text)
    RCC_HSEConfig                            0x080034c7   Thumb Code    14  stm32f4xx_rcc.o(.text)
    RCC_GetFlagStatus                        0x080034d5   Thumb Code    60  stm32f4xx_rcc.o(.text)
    RCC_WaitForHSEStartUp                    0x08003511   Thumb Code    56  stm32f4xx_rcc.o(.text)
    RCC_AdjustHSICalibrationValue            0x08003549   Thumb Code    20  stm32f4xx_rcc.o(.text)
    RCC_HSICmd                               0x0800355d   Thumb Code     6  stm32f4xx_rcc.o(.text)
    RCC_LSEConfig                            0x08003563   Thumb Code    46  stm32f4xx_rcc.o(.text)
    RCC_LSICmd                               0x08003591   Thumb Code     6  stm32f4xx_rcc.o(.text)
    RCC_PLLConfig                            0x08003597   Thumb Code    32  stm32f4xx_rcc.o(.text)
    RCC_PLLCmd                               0x080035b7   Thumb Code     6  stm32f4xx_rcc.o(.text)
    RCC_PLLI2SConfig                         0x080035bd   Thumb Code    20  stm32f4xx_rcc.o(.text)
    RCC_PLLI2SCmd                            0x080035d1   Thumb Code     6  stm32f4xx_rcc.o(.text)
    RCC_PLLSAIConfig                         0x080035d7   Thumb Code    20  stm32f4xx_rcc.o(.text)
    RCC_PLLSAICmd                            0x080035eb   Thumb Code     6  stm32f4xx_rcc.o(.text)
    RCC_ClockSecuritySystemCmd               0x080035f1   Thumb Code     6  stm32f4xx_rcc.o(.text)
    RCC_MCO1Config                           0x080035f7   Thumb Code    28  stm32f4xx_rcc.o(.text)
    RCC_MCO2Config                           0x08003613   Thumb Code    28  stm32f4xx_rcc.o(.text)
    RCC_SYSCLKConfig                         0x0800362f   Thumb Code    20  stm32f4xx_rcc.o(.text)
    RCC_GetSYSCLKSource                      0x08003643   Thumb Code    12  stm32f4xx_rcc.o(.text)
    RCC_HCLKConfig                           0x0800364f   Thumb Code    20  stm32f4xx_rcc.o(.text)
    RCC_PCLK1Config                          0x08003663   Thumb Code    20  stm32f4xx_rcc.o(.text)
    RCC_PCLK2Config                          0x08003677   Thumb Code    22  stm32f4xx_rcc.o(.text)
    RCC_GetClocksFreq                        0x0800368d   Thumb Code   222  stm32f4xx_rcc.o(.text)
    RCC_RTCCLKConfig                         0x0800376b   Thumb Code    54  stm32f4xx_rcc.o(.text)
    RCC_RTCCLKCmd                            0x080037a1   Thumb Code     8  stm32f4xx_rcc.o(.text)
    RCC_BackupResetCmd                       0x080037a9   Thumb Code     8  stm32f4xx_rcc.o(.text)
    RCC_I2SCLKConfig                         0x080037b1   Thumb Code     6  stm32f4xx_rcc.o(.text)
    RCC_SAIPLLI2SClkDivConfig                0x080037b7   Thumb Code    26  stm32f4xx_rcc.o(.text)
    RCC_SAIPLLSAIClkDivConfig                0x080037d1   Thumb Code    28  stm32f4xx_rcc.o(.text)
    RCC_SAIBlockACLKConfig                   0x080037ed   Thumb Code    20  stm32f4xx_rcc.o(.text)
    RCC_SAIBlockBCLKConfig                   0x08003801   Thumb Code    20  stm32f4xx_rcc.o(.text)
    RCC_LTDCCLKDivConfig                     0x08003815   Thumb Code    20  stm32f4xx_rcc.o(.text)
    RCC_TIMCLKPresConfig                     0x08003829   Thumb Code     6  stm32f4xx_rcc.o(.text)
    RCC_AHB1PeriphClockCmd                   0x0800382f   Thumb Code    82  stm32f4xx_rcc.o(.text)
    RCC_AHB2PeriphClockCmd                   0x08003881   Thumb Code    26  stm32f4xx_rcc.o(.text)
    RCC_AHB3PeriphClockCmd                   0x0800389b   Thumb Code    34  stm32f4xx_rcc.o(.text)
    RCC_APB1PeriphClockCmd                   0x080038bd   Thumb Code    34  stm32f4xx_rcc.o(.text)
    RCC_APB2PeriphClockCmd                   0x080038df   Thumb Code    34  stm32f4xx_rcc.o(.text)
    RCC_AHB1PeriphResetCmd                   0x08003901   Thumb Code    34  stm32f4xx_rcc.o(.text)
    RCC_AHB2PeriphResetCmd                   0x08003923   Thumb Code    34  stm32f4xx_rcc.o(.text)
    RCC_AHB3PeriphResetCmd                   0x08003945   Thumb Code    34  stm32f4xx_rcc.o(.text)
    RCC_APB1PeriphResetCmd                   0x08003967   Thumb Code    34  stm32f4xx_rcc.o(.text)
    RCC_APB2PeriphResetCmd                   0x08003989   Thumb Code    34  stm32f4xx_rcc.o(.text)
    RCC_AHB1PeriphClockLPModeCmd             0x080039ab   Thumb Code    34  stm32f4xx_rcc.o(.text)
    RCC_AHB2PeriphClockLPModeCmd             0x080039cd   Thumb Code    34  stm32f4xx_rcc.o(.text)
    RCC_AHB3PeriphClockLPModeCmd             0x080039ef   Thumb Code    34  stm32f4xx_rcc.o(.text)
    RCC_APB1PeriphClockLPModeCmd             0x08003a11   Thumb Code    34  stm32f4xx_rcc.o(.text)
    RCC_APB2PeriphClockLPModeCmd             0x08003a33   Thumb Code    34  stm32f4xx_rcc.o(.text)
    RCC_ITConfig                             0x08003a55   Thumb Code    34  stm32f4xx_rcc.o(.text)
    RCC_ClearFlag                            0x08003a77   Thumb Code    18  stm32f4xx_rcc.o(.text)
    RCC_GetITStatus                          0x08003a89   Thumb Code    22  stm32f4xx_rcc.o(.text)
    RCC_ClearITPendingBit                    0x08003a9f   Thumb Code     8  stm32f4xx_rcc.o(.text)
    SPI_I2S_DeInit                           0x08003aad   Thumb Code   152  stm32f4xx_spi.o(.text)
    SPI_Init                                 0x08003b45   Thumb Code    60  stm32f4xx_spi.o(.text)
    I2S_Init                                 0x08003b81   Thumb Code   350  stm32f4xx_spi.o(.text)
    SPI_StructInit                           0x08003cdf   Thumb Code    24  stm32f4xx_spi.o(.text)
    I2S_StructInit                           0x08003cf7   Thumb Code    20  stm32f4xx_spi.o(.text)
    SPI_Cmd                                  0x08003d0b   Thumb Code    24  stm32f4xx_spi.o(.text)
    I2S_Cmd                                  0x08003d23   Thumb Code    24  stm32f4xx_spi.o(.text)
    SPI_DataSizeConfig                       0x08003d3b   Thumb Code    18  stm32f4xx_spi.o(.text)
    SPI_BiDirectionalLineConfig              0x08003d4d   Thumb Code    28  stm32f4xx_spi.o(.text)
    SPI_NSSInternalSoftwareConfig            0x08003d69   Thumb Code    30  stm32f4xx_spi.o(.text)
    SPI_SSOutputCmd                          0x08003d87   Thumb Code    24  stm32f4xx_spi.o(.text)
    SPI_TIModeCmd                            0x08003d9f   Thumb Code    24  stm32f4xx_spi.o(.text)
    I2S_FullDuplexConfig                     0x08003db7   Thumb Code    80  stm32f4xx_spi.o(.text)
    SPI_I2S_ReceiveData                      0x08003e07   Thumb Code     6  stm32f4xx_spi.o(.text)
    SPI_I2S_SendData                         0x08003e0d   Thumb Code     4  stm32f4xx_spi.o(.text)
    SPI_CalculateCRC                         0x08003e11   Thumb Code    24  stm32f4xx_spi.o(.text)
    SPI_TransmitCRC                          0x08003e29   Thumb Code    10  stm32f4xx_spi.o(.text)
    SPI_GetCRC                               0x08003e33   Thumb Code    16  stm32f4xx_spi.o(.text)
    SPI_GetCRCPolynomial                     0x08003e43   Thumb Code     6  stm32f4xx_spi.o(.text)
    SPI_I2S_DMACmd                           0x08003e49   Thumb Code    18  stm32f4xx_spi.o(.text)
    SPI_I2S_ITConfig                         0x08003e5b   Thumb Code    32  stm32f4xx_spi.o(.text)
    SPI_I2S_GetFlagStatus                    0x08003e7b   Thumb Code    50  stm32f4xx_spi.o(.text)
    SPI_I2S_ClearFlag                        0x08003ead   Thumb Code     6  stm32f4xx_spi.o(.text)
    SPI_I2S_GetITStatus                      0x08003eb3   Thumb Code    52  stm32f4xx_spi.o(.text)
    SPI_I2S_ClearITPendingBit                0x08003ee7   Thumb Code    20  stm32f4xx_spi.o(.text)
    TIM_DeInit                               0x08003efd   Thumb Code   346  stm32f4xx_tim.o(.text)
    TIM_TimeBaseInit                         0x08004057   Thumb Code   104  stm32f4xx_tim.o(.text)
    TIM_TimeBaseStructInit                   0x080040bf   Thumb Code    18  stm32f4xx_tim.o(.text)
    TIM_PrescalerConfig                      0x080040d1   Thumb Code     6  stm32f4xx_tim.o(.text)
    TIM_CounterModeConfig                    0x080040d7   Thumb Code    18  stm32f4xx_tim.o(.text)
    TIM_SetCounter                           0x080040e9   Thumb Code     4  stm32f4xx_tim.o(.text)
    TIM_SetAutoreload                        0x080040ed   Thumb Code     4  stm32f4xx_tim.o(.text)
    TIM_GetCounter                           0x080040f1   Thumb Code     6  stm32f4xx_tim.o(.text)
    TIM_GetPrescaler                         0x080040f7   Thumb Code     6  stm32f4xx_tim.o(.text)
    TIM_UpdateDisableConfig                  0x080040fd   Thumb Code    24  stm32f4xx_tim.o(.text)
    TIM_UpdateRequestConfig                  0x08004115   Thumb Code    24  stm32f4xx_tim.o(.text)
    TIM_ARRPreloadConfig                     0x0800412d   Thumb Code    24  stm32f4xx_tim.o(.text)
    TIM_SelectOnePulseMode                   0x08004145   Thumb Code    18  stm32f4xx_tim.o(.text)
    TIM_SetClockDivision                     0x08004157   Thumb Code    18  stm32f4xx_tim.o(.text)
    TIM_Cmd                                  0x08004169   Thumb Code    24  stm32f4xx_tim.o(.text)
    TIM_OC1Init                              0x08004181   Thumb Code   114  stm32f4xx_tim.o(.text)
    TIM_OC2Init                              0x080041f3   Thumb Code   154  stm32f4xx_tim.o(.text)
    TIM_OC3Init                              0x0800428d   Thumb Code   204  stm32f4xx_tim.o(.text)
    TIM_OC4Init                              0x08004359   Thumb Code   112  stm32f4xx_tim.o(.text)
    TIM_OCStructInit                         0x080043c9   Thumb Code    20  stm32f4xx_tim.o(.text)
    TIM_SelectOCxM                           0x080043dd   Thumb Code    86  stm32f4xx_tim.o(.text)
    TIM_SetCompare1                          0x08004433   Thumb Code     4  stm32f4xx_tim.o(.text)
    TIM_SetCompare2                          0x08004437   Thumb Code     4  stm32f4xx_tim.o(.text)
    TIM_SetCompare3                          0x0800443b   Thumb Code     4  stm32f4xx_tim.o(.text)
    TIM_SetCompare4                          0x0800443f   Thumb Code     4  stm32f4xx_tim.o(.text)
    TIM_ForcedOC1Config                      0x08004443   Thumb Code    18  stm32f4xx_tim.o(.text)
    TIM_ForcedOC2Config                      0x08004455   Thumb Code    26  stm32f4xx_tim.o(.text)
    TIM_ForcedOC3Config                      0x0800446f   Thumb Code    18  stm32f4xx_tim.o(.text)
    TIM_ForcedOC4Config                      0x08004481   Thumb Code    26  stm32f4xx_tim.o(.text)
    TIM_OC1PreloadConfig                     0x0800449b   Thumb Code    18  stm32f4xx_tim.o(.text)
    TIM_OC2PreloadConfig                     0x080044ad   Thumb Code    26  stm32f4xx_tim.o(.text)
    TIM_OC3PreloadConfig                     0x080044c7   Thumb Code    18  stm32f4xx_tim.o(.text)
    TIM_OC4PreloadConfig                     0x080044d9   Thumb Code    26  stm32f4xx_tim.o(.text)
    TIM_OC1FastConfig                        0x080044f3   Thumb Code    18  stm32f4xx_tim.o(.text)
    TIM_OC2FastConfig                        0x08004505   Thumb Code    26  stm32f4xx_tim.o(.text)
    TIM_OC3FastConfig                        0x0800451f   Thumb Code    18  stm32f4xx_tim.o(.text)
    TIM_OC4FastConfig                        0x08004531   Thumb Code    26  stm32f4xx_tim.o(.text)
    TIM_ClearOC1Ref                          0x0800454b   Thumb Code    18  stm32f4xx_tim.o(.text)
    TIM_ClearOC2Ref                          0x0800455d   Thumb Code    24  stm32f4xx_tim.o(.text)
    TIM_ClearOC3Ref                          0x08004575   Thumb Code    18  stm32f4xx_tim.o(.text)
    TIM_ClearOC4Ref                          0x08004587   Thumb Code    24  stm32f4xx_tim.o(.text)
    TIM_OC1PolarityConfig                    0x0800459f   Thumb Code    18  stm32f4xx_tim.o(.text)
    TIM_OC1NPolarityConfig                   0x080045b1   Thumb Code    18  stm32f4xx_tim.o(.text)
    TIM_OC2PolarityConfig                    0x080045c3   Thumb Code    26  stm32f4xx_tim.o(.text)
    TIM_OC2NPolarityConfig                   0x080045dd   Thumb Code    26  stm32f4xx_tim.o(.text)
    TIM_OC3PolarityConfig                    0x080045f7   Thumb Code    26  stm32f4xx_tim.o(.text)
    TIM_OC3NPolarityConfig                   0x08004611   Thumb Code    26  stm32f4xx_tim.o(.text)
    TIM_OC4PolarityConfig                    0x0800462b   Thumb Code    26  stm32f4xx_tim.o(.text)
    TIM_CCxCmd                               0x08004645   Thumb Code    30  stm32f4xx_tim.o(.text)
    TIM_CCxNCmd                              0x08004663   Thumb Code    30  stm32f4xx_tim.o(.text)
    TIM_SetIC4Prescaler                      0x08004681   Thumb Code    26  stm32f4xx_tim.o(.text)
    TIM_SetIC3Prescaler                      0x080046eb   Thumb Code    18  stm32f4xx_tim.o(.text)
    TIM_SetIC2Prescaler                      0x08004745   Thumb Code    26  stm32f4xx_tim.o(.text)
    TIM_SetIC1Prescaler                      0x080047b9   Thumb Code    18  stm32f4xx_tim.o(.text)
    TIM_ICInit                               0x08004805   Thumb Code   110  stm32f4xx_tim.o(.text)
    TIM_ICStructInit                         0x08004873   Thumb Code    18  stm32f4xx_tim.o(.text)
    TIM_PWMIConfig                           0x08004885   Thumb Code   124  stm32f4xx_tim.o(.text)
    TIM_GetCapture1                          0x08004901   Thumb Code     6  stm32f4xx_tim.o(.text)
    TIM_GetCapture2                          0x08004907   Thumb Code     6  stm32f4xx_tim.o(.text)
    TIM_GetCapture3                          0x0800490d   Thumb Code     6  stm32f4xx_tim.o(.text)
    TIM_GetCapture4                          0x08004913   Thumb Code     6  stm32f4xx_tim.o(.text)
    TIM_BDTRConfig                           0x08004919   Thumb Code    32  stm32f4xx_tim.o(.text)
    TIM_BDTRStructInit                       0x08004939   Thumb Code    18  stm32f4xx_tim.o(.text)
    TIM_CtrlPWMOutputs                       0x0800494b   Thumb Code    30  stm32f4xx_tim.o(.text)
    TIM_SelectCOM                            0x08004969   Thumb Code    24  stm32f4xx_tim.o(.text)
    TIM_CCPreloadControl                     0x08004981   Thumb Code    24  stm32f4xx_tim.o(.text)
    TIM_ITConfig                             0x08004999   Thumb Code    18  stm32f4xx_tim.o(.text)
    TIM_GenerateEvent                        0x080049ab   Thumb Code     4  stm32f4xx_tim.o(.text)
    TIM_GetFlagStatus                        0x080049af   Thumb Code    18  stm32f4xx_tim.o(.text)
    TIM_ClearFlag                            0x080049c1   Thumb Code     6  stm32f4xx_tim.o(.text)
    TIM_GetITStatus                          0x080049c7   Thumb Code    34  stm32f4xx_tim.o(.text)
    TIM_ClearITPendingBit                    0x080049e9   Thumb Code     6  stm32f4xx_tim.o(.text)
    TIM_DMAConfig                            0x080049ef   Thumb Code    10  stm32f4xx_tim.o(.text)
    TIM_DMACmd                               0x080049f9   Thumb Code    18  stm32f4xx_tim.o(.text)
    TIM_SelectCCDMA                          0x08004a0b   Thumb Code    24  stm32f4xx_tim.o(.text)
    TIM_InternalClockConfig                  0x08004a23   Thumb Code    12  stm32f4xx_tim.o(.text)
    TIM_SelectInputTrigger                   0x08004a2f   Thumb Code    18  stm32f4xx_tim.o(.text)
    TIM_ITRxExternalClockConfig              0x08004a41   Thumb Code    24  stm32f4xx_tim.o(.text)
    TIM_TIxExternalClockConfig               0x08004a59   Thumb Code    62  stm32f4xx_tim.o(.text)
    TIM_ETRConfig                            0x08004a97   Thumb Code    28  stm32f4xx_tim.o(.text)
    TIM_ETRClockMode1Config                  0x08004ab3   Thumb Code    54  stm32f4xx_tim.o(.text)
    TIM_ETRClockMode2Config                  0x08004ae9   Thumb Code    32  stm32f4xx_tim.o(.text)
    TIM_SelectOutputTrigger                  0x08004b09   Thumb Code    18  stm32f4xx_tim.o(.text)
    TIM_SelectSlaveMode                      0x08004b1b   Thumb Code    18  stm32f4xx_tim.o(.text)
    TIM_SelectMasterSlaveMode                0x08004b2d   Thumb Code    18  stm32f4xx_tim.o(.text)
    TIM_EncoderInterfaceConfig               0x08004b3f   Thumb Code    66  stm32f4xx_tim.o(.text)
    TIM_SelectHallSensor                     0x08004b81   Thumb Code    24  stm32f4xx_tim.o(.text)
    TIM_RemapConfig                          0x08004b99   Thumb Code     6  stm32f4xx_tim.o(.text)
    USART_DeInit                             0x08004ba1   Thumb Code   206  stm32f4xx_usart.o(.text)
    USART_Init                               0x08004c6f   Thumb Code   204  stm32f4xx_usart.o(.text)
    USART_StructInit                         0x08004d3b   Thumb Code    24  stm32f4xx_usart.o(.text)
    USART_ClockInit                          0x08004d53   Thumb Code    32  stm32f4xx_usart.o(.text)
    USART_ClockStructInit                    0x08004d73   Thumb Code    12  stm32f4xx_usart.o(.text)
    USART_Cmd                                0x08004d7f   Thumb Code    24  stm32f4xx_usart.o(.text)
    USART_SetPrescaler                       0x08004d97   Thumb Code    16  stm32f4xx_usart.o(.text)
    USART_OverSampling8Cmd                   0x08004da7   Thumb Code    22  stm32f4xx_usart.o(.text)
    USART_OneBitMethodCmd                    0x08004dbd   Thumb Code    24  stm32f4xx_usart.o(.text)
    USART_SendData                           0x08004dd5   Thumb Code     8  stm32f4xx_usart.o(.text)
    USART_ReceiveData                        0x08004ddd   Thumb Code    10  stm32f4xx_usart.o(.text)
    USART_SetAddress                         0x08004de7   Thumb Code    18  stm32f4xx_usart.o(.text)
    USART_ReceiverWakeUpCmd                  0x08004df9   Thumb Code    24  stm32f4xx_usart.o(.text)
    USART_WakeUpConfig                       0x08004e11   Thumb Code    18  stm32f4xx_usart.o(.text)
    USART_LINBreakDetectLengthConfig         0x08004e23   Thumb Code    18  stm32f4xx_usart.o(.text)
    USART_LINCmd                             0x08004e35   Thumb Code    24  stm32f4xx_usart.o(.text)
    USART_SendBreak                          0x08004e4d   Thumb Code    10  stm32f4xx_usart.o(.text)
    USART_HalfDuplexCmd                      0x08004e57   Thumb Code    24  stm32f4xx_usart.o(.text)
    USART_SetGuardTime                       0x08004e6f   Thumb Code    16  stm32f4xx_usart.o(.text)
    USART_SmartCardCmd                       0x08004e7f   Thumb Code    24  stm32f4xx_usart.o(.text)
    USART_SmartCardNACKCmd                   0x08004e97   Thumb Code    24  stm32f4xx_usart.o(.text)
    USART_IrDAConfig                         0x08004eaf   Thumb Code    18  stm32f4xx_usart.o(.text)
    USART_IrDACmd                            0x08004ec1   Thumb Code    24  stm32f4xx_usart.o(.text)
    USART_DMACmd                             0x08004ed9   Thumb Code    18  stm32f4xx_usart.o(.text)
    USART_ITConfig                           0x08004eeb   Thumb Code    74  stm32f4xx_usart.o(.text)
    USART_GetFlagStatus                      0x08004f35   Thumb Code    26  stm32f4xx_usart.o(.text)
    USART_ClearFlag                          0x08004f4f   Thumb Code    18  stm32f4xx_usart.o(.text)
    USART_GetITStatus                        0x08004f61   Thumb Code   118  stm32f4xx_usart.o(.text)
    USART_ClearITPendingBit                  0x08004fd7   Thumb Code    30  stm32f4xx_usart.o(.text)
    Reset_Handler                            0x08004ff5   Thumb Code     8  startup_stm32f429_439xx.o(.text)
    NMI_Handler                              0x08004ffd   Thumb Code     2  startup_stm32f429_439xx.o(.text)
    HardFault_Handler                        0x08004fff   Thumb Code     2  startup_stm32f429_439xx.o(.text)
    MemManage_Handler                        0x08005001   Thumb Code     2  startup_stm32f429_439xx.o(.text)
    BusFault_Handler                         0x08005003   Thumb Code     2  startup_stm32f429_439xx.o(.text)
    UsageFault_Handler                       0x08005005   Thumb Code     2  startup_stm32f429_439xx.o(.text)
    SVC_Handler                              0x08005007   Thumb Code     2  startup_stm32f429_439xx.o(.text)
    DebugMon_Handler                         0x08005009   Thumb Code     2  startup_stm32f429_439xx.o(.text)
    PendSV_Handler                           0x0800500b   Thumb Code     2  startup_stm32f429_439xx.o(.text)
    SysTick_Handler                          0x0800500d   Thumb Code     2  startup_stm32f429_439xx.o(.text)
    ADC_IRQHandler                           0x0800500f   Thumb Code     0  startup_stm32f429_439xx.o(.text)
    CAN1_RX0_IRQHandler                      0x0800500f   Thumb Code     0  startup_stm32f429_439xx.o(.text)
    CAN1_RX1_IRQHandler                      0x0800500f   Thumb Code     0  startup_stm32f429_439xx.o(.text)
    CAN1_SCE_IRQHandler                      0x0800500f   Thumb Code     0  startup_stm32f429_439xx.o(.text)
    CAN1_TX_IRQHandler                       0x0800500f   Thumb Code     0  startup_stm32f429_439xx.o(.text)
    CAN2_RX0_IRQHandler                      0x0800500f   Thumb Code     0  startup_stm32f429_439xx.o(.text)
    CAN2_RX1_IRQHandler                      0x0800500f   Thumb Code     0  startup_stm32f429_439xx.o(.text)
    CAN2_SCE_IRQHandler                      0x0800500f   Thumb Code     0  startup_stm32f429_439xx.o(.text)
    CAN2_TX_IRQHandler                       0x0800500f   Thumb Code     0  startup_stm32f429_439xx.o(.text)
    CRYP_IRQHandler                          0x0800500f   Thumb Code     0  startup_stm32f429_439xx.o(.text)
    DCMI_IRQHandler                          0x0800500f   Thumb Code     0  startup_stm32f429_439xx.o(.text)
    DMA1_Stream0_IRQHandler                  0x0800500f   Thumb Code     0  startup_stm32f429_439xx.o(.text)
    DMA1_Stream1_IRQHandler                  0x0800500f   Thumb Code     0  startup_stm32f429_439xx.o(.text)
    DMA1_Stream2_IRQHandler                  0x0800500f   Thumb Code     0  startup_stm32f429_439xx.o(.text)
    DMA1_Stream3_IRQHandler                  0x0800500f   Thumb Code     0  startup_stm32f429_439xx.o(.text)
    DMA1_Stream4_IRQHandler                  0x0800500f   Thumb Code     0  startup_stm32f429_439xx.o(.text)
    DMA1_Stream5_IRQHandler                  0x0800500f   Thumb Code     0  startup_stm32f429_439xx.o(.text)
    DMA1_Stream6_IRQHandler                  0x0800500f   Thumb Code     0  startup_stm32f429_439xx.o(.text)
    DMA1_Stream7_IRQHandler                  0x0800500f   Thumb Code     0  startup_stm32f429_439xx.o(.text)
    DMA2D_IRQHandler                         0x0800500f   Thumb Code     0  startup_stm32f429_439xx.o(.text)
    DMA2_Stream0_IRQHandler                  0x0800500f   Thumb Code     0  startup_stm32f429_439xx.o(.text)
    DMA2_Stream2_IRQHandler                  0x0800500f   Thumb Code     0  startup_stm32f429_439xx.o(.text)
    DMA2_Stream3_IRQHandler                  0x0800500f   Thumb Code     0  startup_stm32f429_439xx.o(.text)
    DMA2_Stream4_IRQHandler                  0x0800500f   Thumb Code     0  startup_stm32f429_439xx.o(.text)
    DMA2_Stream5_IRQHandler                  0x0800500f   Thumb Code     0  startup_stm32f429_439xx.o(.text)
    DMA2_Stream6_IRQHandler                  0x0800500f   Thumb Code     0  startup_stm32f429_439xx.o(.text)
    DMA2_Stream7_IRQHandler                  0x0800500f   Thumb Code     0  startup_stm32f429_439xx.o(.text)
    ETH_IRQHandler                           0x0800500f   Thumb Code     0  startup_stm32f429_439xx.o(.text)
    ETH_WKUP_IRQHandler                      0x0800500f   Thumb Code     0  startup_stm32f429_439xx.o(.text)
    EXTI0_IRQHandler                         0x0800500f   Thumb Code     0  startup_stm32f429_439xx.o(.text)
    EXTI15_10_IRQHandler                     0x0800500f   Thumb Code     0  startup_stm32f429_439xx.o(.text)
    EXTI1_IRQHandler                         0x0800500f   Thumb Code     0  startup_stm32f429_439xx.o(.text)
    EXTI2_IRQHandler                         0x0800500f   Thumb Code     0  startup_stm32f429_439xx.o(.text)
    EXTI3_IRQHandler                         0x0800500f   Thumb Code     0  startup_stm32f429_439xx.o(.text)
    EXTI4_IRQHandler                         0x0800500f   Thumb Code     0  startup_stm32f429_439xx.o(.text)
    EXTI9_5_IRQHandler                       0x0800500f   Thumb Code     0  startup_stm32f429_439xx.o(.text)
    FLASH_IRQHandler                         0x0800500f   Thumb Code     0  startup_stm32f429_439xx.o(.text)
    FMC_IRQHandler                           0x0800500f   Thumb Code     0  startup_stm32f429_439xx.o(.text)
    FPU_IRQHandler                           0x0800500f   Thumb Code     0  startup_stm32f429_439xx.o(.text)
    HASH_RNG_IRQHandler                      0x0800500f   Thumb Code     0  startup_stm32f429_439xx.o(.text)
    I2C1_ER_IRQHandler                       0x0800500f   Thumb Code     0  startup_stm32f429_439xx.o(.text)
    I2C1_EV_IRQHandler                       0x0800500f   Thumb Code     0  startup_stm32f429_439xx.o(.text)
    I2C2_ER_IRQHandler                       0x0800500f   Thumb Code     0  startup_stm32f429_439xx.o(.text)
    I2C2_EV_IRQHandler                       0x0800500f   Thumb Code     0  startup_stm32f429_439xx.o(.text)
    I2C3_ER_IRQHandler                       0x0800500f   Thumb Code     0  startup_stm32f429_439xx.o(.text)
    I2C3_EV_IRQHandler                       0x0800500f   Thumb Code     0  startup_stm32f429_439xx.o(.text)
    LTDC_ER_IRQHandler                       0x0800500f   Thumb Code     0  startup_stm32f429_439xx.o(.text)
    LTDC_IRQHandler                          0x0800500f   Thumb Code     0  startup_stm32f429_439xx.o(.text)
    OTG_FS_IRQHandler                        0x0800500f   Thumb Code     0  startup_stm32f429_439xx.o(.text)
    OTG_FS_WKUP_IRQHandler                   0x0800500f   Thumb Code     0  startup_stm32f429_439xx.o(.text)
    OTG_HS_EP1_IN_IRQHandler                 0x0800500f   Thumb Code     0  startup_stm32f429_439xx.o(.text)
    OTG_HS_EP1_OUT_IRQHandler                0x0800500f   Thumb Code     0  startup_stm32f429_439xx.o(.text)
    OTG_HS_IRQHandler                        0x0800500f   Thumb Code     0  startup_stm32f429_439xx.o(.text)
    OTG_HS_WKUP_IRQHandler                   0x0800500f   Thumb Code     0  startup_stm32f429_439xx.o(.text)
    PVD_IRQHandler                           0x0800500f   Thumb Code     0  startup_stm32f429_439xx.o(.text)
    RCC_IRQHandler                           0x0800500f   Thumb Code     0  startup_stm32f429_439xx.o(.text)
    RTC_Alarm_IRQHandler                     0x0800500f   Thumb Code     0  startup_stm32f429_439xx.o(.text)
    RTC_WKUP_IRQHandler                      0x0800500f   Thumb Code     0  startup_stm32f429_439xx.o(.text)
    SAI1_IRQHandler                          0x0800500f   Thumb Code     0  startup_stm32f429_439xx.o(.text)
    SDIO_IRQHandler                          0x0800500f   Thumb Code     0  startup_stm32f429_439xx.o(.text)
    SPI1_IRQHandler                          0x0800500f   Thumb Code     0  startup_stm32f429_439xx.o(.text)
    SPI2_IRQHandler                          0x0800500f   Thumb Code     0  startup_stm32f429_439xx.o(.text)
    SPI3_IRQHandler                          0x0800500f   Thumb Code     0  startup_stm32f429_439xx.o(.text)
    SPI4_IRQHandler                          0x0800500f   Thumb Code     0  startup_stm32f429_439xx.o(.text)
    SPI5_IRQHandler                          0x0800500f   Thumb Code     0  startup_stm32f429_439xx.o(.text)
    SPI6_IRQHandler                          0x0800500f   Thumb Code     0  startup_stm32f429_439xx.o(.text)
    TAMP_STAMP_IRQHandler                    0x0800500f   Thumb Code     0  startup_stm32f429_439xx.o(.text)
    TIM1_BRK_TIM9_IRQHandler                 0x0800500f   Thumb Code     0  startup_stm32f429_439xx.o(.text)
    TIM1_CC_IRQHandler                       0x0800500f   Thumb Code     0  startup_stm32f429_439xx.o(.text)
    TIM1_TRG_COM_TIM11_IRQHandler            0x0800500f   Thumb Code     0  startup_stm32f429_439xx.o(.text)
    TIM1_UP_TIM10_IRQHandler                 0x0800500f   Thumb Code     0  startup_stm32f429_439xx.o(.text)
    TIM2_IRQHandler                          0x0800500f   Thumb Code     0  startup_stm32f429_439xx.o(.text)
    TIM5_IRQHandler                          0x0800500f   Thumb Code     0  startup_stm32f429_439xx.o(.text)
    TIM6_DAC_IRQHandler                      0x0800500f   Thumb Code     0  startup_stm32f429_439xx.o(.text)
    TIM7_IRQHandler                          0x0800500f   Thumb Code     0  startup_stm32f429_439xx.o(.text)
    TIM8_BRK_TIM12_IRQHandler                0x0800500f   Thumb Code     0  startup_stm32f429_439xx.o(.text)
    TIM8_CC_IRQHandler                       0x0800500f   Thumb Code     0  startup_stm32f429_439xx.o(.text)
    TIM8_TRG_COM_TIM14_IRQHandler            0x0800500f   Thumb Code     0  startup_stm32f429_439xx.o(.text)
    TIM8_UP_TIM13_IRQHandler                 0x0800500f   Thumb Code     0  startup_stm32f429_439xx.o(.text)
    UART4_IRQHandler                         0x0800500f   Thumb Code     0  startup_stm32f429_439xx.o(.text)
    UART5_IRQHandler                         0x0800500f   Thumb Code     0  startup_stm32f429_439xx.o(.text)
    UART7_IRQHandler                         0x0800500f   Thumb Code     0  startup_stm32f429_439xx.o(.text)
    UART8_IRQHandler                         0x0800500f   Thumb Code     0  startup_stm32f429_439xx.o(.text)
    USART1_IRQHandler                        0x0800500f   Thumb Code     0  startup_stm32f429_439xx.o(.text)
    USART2_IRQHandler                        0x0800500f   Thumb Code     0  startup_stm32f429_439xx.o(.text)
    USART3_IRQHandler                        0x0800500f   Thumb Code     0  startup_stm32f429_439xx.o(.text)
    USART6_IRQHandler                        0x0800500f   Thumb Code     0  startup_stm32f429_439xx.o(.text)
    WWDG_IRQHandler                          0x0800500f   Thumb Code     0  startup_stm32f429_439xx.o(.text)
    __user_initial_stackheap                 0x08005011   Thumb Code     0  startup_stm32f429_439xx.o(.text)
    SystemInit                               0x08005145   Thumb Code    88  system_stm32f4xx.o(.text)
    SystemCoreClockUpdate                    0x0800519d   Thumb Code   174  system_stm32f4xx.o(.text)
    __2sprintf                               0x08005279   Thumb Code    34  noretval__2sprintf.o(.text)
    __printf                                 0x080052a1   Thumb Code   104  __printf.o(.text)
    _printf_str                              0x08005309   Thumb Code    82  _printf_str.o(.text)
    _printf_int_dec                          0x0800535d   Thumb Code   104  _printf_dec.o(.text)
    __aeabi_memclr                           0x080053d5   Thumb Code     0  rt_memclr.o(.text)
    __rt_memclr                              0x080053d5   Thumb Code    68  rt_memclr.o(.text)
    _memset                                  0x080053d9   Thumb Code     0  rt_memclr.o(.text)
    __aeabi_memclr4                          0x08005419   Thumb Code     0  rt_memclr_w.o(.text)
    __aeabi_memclr8                          0x08005419   Thumb Code     0  rt_memclr_w.o(.text)
    __rt_memclr_w                            0x08005419   Thumb Code    78  rt_memclr_w.o(.text)
    _memset_w                                0x0800541d   Thumb Code     0  rt_memclr_w.o(.text)
    __use_two_region_memory                  0x08005467   Thumb Code     2  heapauxi.o(.text)
    __rt_heap_escrow$2region                 0x08005469   Thumb Code     2  heapauxi.o(.text)
    __rt_heap_expand$2region                 0x0800546b   Thumb Code     2  heapauxi.o(.text)
    _printf_int_common                       0x0800546d   Thumb Code   178  _printf_intcommon.o(.text)
    _printf_char_common                      0x0800552b   Thumb Code    32  _printf_char_common.o(.text)
    _sputc                                   0x08005551   Thumb Code    10  _sputc.o(.text)
    _printf_cs_common                        0x0800555b   Thumb Code    20  _printf_char.o(.text)
    _printf_char                             0x0800556f   Thumb Code    16  _printf_char.o(.text)
    _printf_string                           0x0800557f   Thumb Code     8  _printf_char.o(.text)
    __user_setup_stackheap                   0x08005587   Thumb Code    74  sys_stackheap_outer.o(.text)
    exit                                     0x080055d1   Thumb Code    18  exit.o(.text)
    __user_libspace                          0x080055e5   Thumb Code     8  libspace.o(.text)
    __user_perproc_libspace                  0x080055e5   Thumb Code     0  libspace.o(.text)
    __user_perthread_libspace                0x080055e5   Thumb Code     0  libspace.o(.text)
    _sys_exit                                0x080055ed   Thumb Code     8  sys_exit.o(.text)
    __I$use$semihosting                      0x080055f9   Thumb Code     0  use_no_semi.o(.text)
    __use_no_semihosting_swi                 0x080055f9   Thumb Code     2  use_no_semi.o(.text)
    __semihosting_library_function           0x080055fb   Thumb Code     0  indicate_semi.o(.text)
    _fp_init                                 0x080055fb   Thumb Code    10  fpinit.o(x$fpl$fpinit)
    __fplib_config_fpu_vfp                   0x08005603   Thumb Code     0  fpinit.o(x$fpl$fpinit)
    __fplib_config_pureend_doubles           0x08005603   Thumb Code     0  fpinit.o(x$fpl$fpinit)
    OV7670_reg                               0x08005604   Data         244  ov7670_control.o(.constdata)
    LCD_Font7x10                             0x080056f8   Data        1900  lcd_fonts.o(.constdata)
    LCD_Font11x18                            0x08005e64   Data        3420  lcd_fonts.o(.constdata)
    LCD_Font16x26                            0x08006bc0   Data        4940  lcd_fonts.o(.constdata)
    Region$$Table$$Base                      0x08007f0c   Number         0  anon$$obj.o(Region$$Table)
    Region$$Table$$Limit                     0x08007f2c   Number         0  anon$$obj.o(Region$$Table)
    LCD_Font_7x10                            0x20000008   Data           8  lcd_fonts.o(.data)
    LCD_Font_11x18                           0x20000010   Data           8  lcd_fonts.o(.data)
    LCD_Font_16x26                           0x20000018   Data           8  lcd_fonts.o(.data)
    ILI9341_x                                0x20000020   Data           2  lcd_ili9341.o(.data)
    ILI9341_y                                0x20000022   Data           2  lcd_ili9341.o(.data)
    ILI9341_Opts                             0x20000024   Data           6  lcd_ili9341.o(.data)
    ILI9341_INT_CalledFromPuts               0x2000002a   Data           1  lcd_ili9341.o(.data)
    SystemCoreClock                          0x2000003c   Data           4  system_stm32f4xx.o(.data)
    AHBPrescTable                            0x20000040   Data          16  system_stm32f4xx.o(.data)
    b1                                       0x20000050   Data        9600  main.o(.bss)
    b2                                       0x200025d0   Data        9600  main.o(.bss)
    origin                                   0x20004b50   Data        9600  main.o(.bss)
    frame_buffer                             0x200070d0   Data       153600  ov7670_control.o(.bss)
    __libspace_start                         0x2002c8d0   Data          96  libspace.o(.bss)
    __temporary_stack_top$libspace           0x2002c930   Data           0  libspace.o(.bss)



==============================================================================

Memory Map of the image

  Image Entry point : 0x08004ff5

  Load Region LR_1 (Base: 0x08000000, Size: 0x00007f7c, Max: 0xffffffff, ABSOLUTE)

    Execution Region ER_RO (Exec base: 0x08000000, Load base: 0x08000000, Size: 0x00007f2c, Max: 0xffffffff, ABSOLUTE)

    Exec Addr    Load Addr    Size         Type   Attr      Idx    E Section Name        Object

    0x08000000   0x08000000   0x000001ac   Data   RO          615    RESET               startup_stm32f429_439xx.o
    0x080001ac   0x080001ac   0x00000008   Code   RO          691  * !!!main             c_w.l(__main.o)
    0x080001b4   0x080001b4   0x00000034   Code   RO          859    !!!scatter          c_w.l(__scatter.o)
    0x080001e8   0x080001e8   0x0000001a   Code   RO          861    !!handler_copy      c_w.l(__scatter_copy.o)
    0x08000202   0x08000202   0x00000002   PAD
    0x08000204   0x08000204   0x0000001c   Code   RO          863    !!handler_zi        c_w.l(__scatter_zi.o)
    0x08000220   0x08000220   0x00000000   Code   RO          684    .ARM.Collect$$_printf_percent$$00000000  c_w.l(_printf_percent.o)
    0x08000220   0x08000220   0x00000006   Code   RO          683    .ARM.Collect$$_printf_percent$$00000009  c_w.l(_printf_d.o)
    0x08000226   0x08000226   0x00000006   Code   RO          682    .ARM.Collect$$_printf_percent$$00000013  c_w.l(_printf_c.o)
    0x0800022c   0x0800022c   0x00000004   Code   RO          702    .ARM.Collect$$_printf_percent$$00000017  c_w.l(_printf_percent_end.o)
    0x08000230   0x08000230   0x00000002   Code   RO          729    .ARM.Collect$$libinit$$00000000  c_w.l(libinit.o)
    0x08000232   0x08000232   0x00000004   Code   RO          735    .ARM.Collect$$libinit$$00000001  c_w.l(libinit2.o)
    0x08000236   0x08000236   0x00000000   Code   RO          738    .ARM.Collect$$libinit$$00000004  c_w.l(libinit2.o)
    0x08000236   0x08000236   0x00000000   Code   RO          741    .ARM.Collect$$libinit$$0000000A  c_w.l(libinit2.o)
    0x08000236   0x08000236   0x00000000   Code   RO          743    .ARM.Collect$$libinit$$0000000C  c_w.l(libinit2.o)
    0x08000236   0x08000236   0x00000000   Code   RO          745    .ARM.Collect$$libinit$$0000000E  c_w.l(libinit2.o)
    0x08000236   0x08000236   0x00000000   Code   RO          748    .ARM.Collect$$libinit$$00000011  c_w.l(libinit2.o)
    0x08000236   0x08000236   0x00000000   Code   RO          750    .ARM.Collect$$libinit$$00000013  c_w.l(libinit2.o)
    0x08000236   0x08000236   0x00000000   Code   RO          752    .ARM.Collect$$libinit$$00000015  c_w.l(libinit2.o)
    0x08000236   0x08000236   0x00000000   Code   RO          754    .ARM.Collect$$libinit$$00000017  c_w.l(libinit2.o)
    0x08000236   0x08000236   0x00000000   Code   RO          756    .ARM.Collect$$libinit$$00000019  c_w.l(libinit2.o)
    0x08000236   0x08000236   0x00000000   Code   RO          758    .ARM.Collect$$libinit$$0000001B  c_w.l(libinit2.o)
    0x08000236   0x08000236   0x00000000   Code   RO          760    .ARM.Collect$$libinit$$0000001D  c_w.l(libinit2.o)
    0x08000236   0x08000236   0x00000000   Code   RO          762    .ARM.Collect$$libinit$$0000001F  c_w.l(libinit2.o)
    0x08000236   0x08000236   0x00000000   Code   RO          764    .ARM.Collect$$libinit$$00000021  c_w.l(libinit2.o)
    0x08000236   0x08000236   0x00000000   Code   RO          766    .ARM.Collect$$libinit$$00000023  c_w.l(libinit2.o)
    0x08000236   0x08000236   0x00000000   Code   RO          768    .ARM.Collect$$libinit$$00000025  c_w.l(libinit2.o)
    0x08000236   0x08000236   0x00000000   Code   RO          772    .ARM.Collect$$libinit$$0000002C  c_w.l(libinit2.o)
    0x08000236   0x08000236   0x00000000   Code   RO          774    .ARM.Collect$$libinit$$0000002E  c_w.l(libinit2.o)
    0x08000236   0x08000236   0x00000000   Code   RO          776    .ARM.Collect$$libinit$$00000030  c_w.l(libinit2.o)
    0x08000236   0x08000236   0x00000000   Code   RO          778    .ARM.Collect$$libinit$$00000032  c_w.l(libinit2.o)
    0x08000236   0x08000236   0x00000002   Code   RO          779    .ARM.Collect$$libinit$$00000033  c_w.l(libinit2.o)
    0x08000238   0x08000238   0x00000002   Code   RO          799    .ARM.Collect$$libshutdown$$00000000  c_w.l(libshutdown.o)
    0x0800023a   0x0800023a   0x00000000   Code   RO          812    .ARM.Collect$$libshutdown$$00000002  c_w.l(libshutdown2.o)
    0x0800023a   0x0800023a   0x00000000   Code   RO          814    .ARM.Collect$$libshutdown$$00000004  c_w.l(libshutdown2.o)
    0x0800023a   0x0800023a   0x00000000   Code   RO          817    .ARM.Collect$$libshutdown$$00000007  c_w.l(libshutdown2.o)
    0x0800023a   0x0800023a   0x00000000   Code   RO          820    .ARM.Collect$$libshutdown$$0000000A  c_w.l(libshutdown2.o)
    0x0800023a   0x0800023a   0x00000000   Code   RO          822    .ARM.Collect$$libshutdown$$0000000C  c_w.l(libshutdown2.o)
    0x0800023a   0x0800023a   0x00000000   Code   RO          825    .ARM.Collect$$libshutdown$$0000000F  c_w.l(libshutdown2.o)
    0x0800023a   0x0800023a   0x00000002   Code   RO          826    .ARM.Collect$$libshutdown$$00000010  c_w.l(libshutdown2.o)
    0x0800023c   0x0800023c   0x00000000   Code   RO          693    .ARM.Collect$$rtentry$$00000000  c_w.l(__rtentry.o)
    0x0800023c   0x0800023c   0x00000000   Code   RO          704    .ARM.Collect$$rtentry$$00000002  c_w.l(__rtentry2.o)
    0x0800023c   0x0800023c   0x00000006   Code   RO          716    .ARM.Collect$$rtentry$$00000004  c_w.l(__rtentry4.o)
    0x08000242   0x08000242   0x00000000   Code   RO          706    .ARM.Collect$$rtentry$$00000009  c_w.l(__rtentry2.o)
    0x08000242   0x08000242   0x00000004   Code   RO          707    .ARM.Collect$$rtentry$$0000000A  c_w.l(__rtentry2.o)
    0x08000246   0x08000246   0x00000000   Code   RO          709    .ARM.Collect$$rtentry$$0000000C  c_w.l(__rtentry2.o)
    0x08000246   0x08000246   0x00000008   Code   RO          710    .ARM.Collect$$rtentry$$0000000D  c_w.l(__rtentry2.o)
    0x0800024e   0x0800024e   0x00000002   Code   RO          733    .ARM.Collect$$rtexit$$00000000  c_w.l(rtexit.o)
    0x08000250   0x08000250   0x00000000   Code   RO          781    .ARM.Collect$$rtexit$$00000002  c_w.l(rtexit2.o)
    0x08000250   0x08000250   0x00000004   Code   RO          782    .ARM.Collect$$rtexit$$00000003  c_w.l(rtexit2.o)
    0x08000254   0x08000254   0x00000006   Code   RO          783    .ARM.Collect$$rtexit$$00000004  c_w.l(rtexit2.o)
    0x0800025a   0x0800025a   0x00000002   PAD
    0x0800025c   0x0800025c   0x000002e4   Code   RO            4    .text               main.o
    0x08000540   0x08000540   0x00000150   Code   RO          136    .text               system_control.o
    0x08000690   0x08000690   0x00000424   Code   RO          160    .text               ov7670_control.o
    0x08000ab4   0x08000ab4   0x00000c38   Code   RO          216    .text               lcd_ili9341.o
    0x080016ec   0x080016ec   0x000001b0   Code   RO          247    .text               lcd_spi.o
    0x0800189c   0x0800189c   0x0000035c   Code   RO          271    .text               cv.o
    0x08001bf8   0x08001bf8   0x000000a8   Code   RO          295    .text               adc.o
    0x08001ca0   0x08001ca0   0x00000620   Code   RO          319    .text               uart.o
    0x080022c0   0x080022c0   0x00000050   Code   RO          350    .text               gpio.o
    0x08002310   0x08002310   0x000000e0   Code   RO          374    .text               misc.o
    0x080023f0   0x080023f0   0x00000464   Code   RO          398    .text               stm32f4xx_adc.o
    0x08002854   0x08002854   0x0000018c   Code   RO          422    .text               stm32f4xx_dcmi.o
    0x080029e0   0x080029e0   0x000003a8   Code   RO          446    .text               stm32f4xx_dma.o
    0x08002d88   0x08002d88   0x00000294   Code   RO          470    .text               stm32f4xx_gpio.o
    0x0800301c   0x0800301c   0x00000456   Code   RO          494    .text               stm32f4xx_i2c.o
    0x08003472   0x08003472   0x00000002   PAD
    0x08003474   0x08003474   0x00000638   Code   RO          518    .text               stm32f4xx_rcc.o
    0x08003aac   0x08003aac   0x0000044e   Code   RO          544    .text               stm32f4xx_spi.o
    0x08003efa   0x08003efa   0x00000002   PAD
    0x08003efc   0x08003efc   0x00000ca2   Code   RO          568    .text               stm32f4xx_tim.o
    0x08004b9e   0x08004b9e   0x00000002   PAD
    0x08004ba0   0x08004ba0   0x00000454   Code   RO          592    .text               stm32f4xx_usart.o
    0x08004ff4   0x08004ff4   0x00000040   Code   RO          616  * .text               startup_stm32f429_439xx.o
    0x08005034   0x08005034   0x00000244   Code   RO          623    .text               system_stm32f4xx.o
    0x08005278   0x08005278   0x00000028   Code   RO          654    .text               c_w.l(noretval__2sprintf.o)
    0x080052a0   0x080052a0   0x00000068   Code   RO          656    .text               c_w.l(__printf.o)
    0x08005308   0x08005308   0x00000052   Code   RO          658    .text               c_w.l(_printf_str.o)
    0x0800535a   0x0800535a   0x00000002   PAD
    0x0800535c   0x0800535c   0x00000078   Code   RO          660    .text               c_w.l(_printf_dec.o)
    0x080053d4   0x080053d4   0x00000044   Code   RO          685    .text               c_w.l(rt_memclr.o)
    0x08005418   0x08005418   0x0000004e   Code   RO          687    .text               c_w.l(rt_memclr_w.o)
    0x08005466   0x08005466   0x00000006   Code   RO          689    .text               c_w.l(heapauxi.o)
    0x0800546c   0x0800546c   0x000000b2   Code   RO          694    .text               c_w.l(_printf_intcommon.o)
    0x0800551e   0x0800551e   0x00000002   PAD
    0x08005520   0x08005520   0x00000030   Code   RO          696    .text               c_w.l(_printf_char_common.o)
    0x08005550   0x08005550   0x0000000a   Code   RO          698    .text               c_w.l(_sputc.o)
    0x0800555a   0x0800555a   0x0000002c   Code   RO          700    .text               c_w.l(_printf_char.o)
    0x08005586   0x08005586   0x0000004a   Code   RO          720    .text               c_w.l(sys_stackheap_outer.o)
    0x080055d0   0x080055d0   0x00000012   Code   RO          722    .text               c_w.l(exit.o)
    0x080055e2   0x080055e2   0x00000002   PAD
    0x080055e4   0x080055e4   0x00000008   Code   RO          730    .text               c_w.l(libspace.o)
    0x080055ec   0x080055ec   0x0000000c   Code   RO          791    .text               c_w.l(sys_exit.o)
    0x080055f8   0x080055f8   0x00000002   Code   RO          802    .text               c_w.l(use_no_semi.o)
    0x080055fa   0x080055fa   0x00000000   Code   RO          804    .text               c_w.l(indicate_semi.o)
    0x080055fa   0x080055fa   0x0000000a   Code   RO          789    x$fpl$fpinit        fz_wm.l(fpinit.o)
    0x08005604   0x08005604   0x000000f4   Data   RO          162    .constdata          ov7670_control.o
    0x080056f8   0x080056f8   0x00002814   Data   RO          194    .constdata          lcd_fonts.o
    0x08007f0c   0x08007f0c   0x00000020   Data   RO          857    Region$$Table       anon$$obj.o


    Execution Region ER_RW (Exec base: 0x20000000, Load base: 0x08007f2c, Size: 0x00000050, Max: 0xffffffff, ABSOLUTE)

    Exec Addr    Load Addr    Size         Type   Attr      Idx    E Section Name        Object

    0x20000000   0x08007f2c   0x00000006   Data   RW            6    .data               main.o
    0x20000006   0x08007f32   0x00000002   PAD
    0x20000008   0x08007f34   0x00000018   Data   RW          195    .data               lcd_fonts.o
    0x20000020   0x08007f4c   0x0000000b   Data   RW          217    .data               lcd_ili9341.o
    0x2000002b   0x08007f57   0x00000010   Data   RW          519    .data               stm32f4xx_rcc.o
    0x2000003b   0x08007f67   0x00000001   PAD
    0x2000003c   0x08007f68   0x00000014   Data   RW          624    .data               system_stm32f4xx.o


    Execution Region ER_ZI (Exec base: 0x20000050, Load base: 0x08007f7c, Size: 0x0002cee0, Max: 0xffffffff, ABSOLUTE)

    Exec Addr    Load Addr    Size         Type   Attr      Idx    E Section Name        Object

    0x20000050        -       0x00007080   Zero   RW            5    .bss                main.o
    0x200070d0        -       0x00025800   Zero   RW          161    .bss                ov7670_control.o
    0x2002c8d0        -       0x00000060   Zero   RW          731    .bss                c_w.l(libspace.o)
    0x2002c930        -       0x00000200   Zero   RW          614    HEAP                startup_stm32f429_439xx.o
    0x2002cb30        -       0x00000400   Zero   RW          613    STACK               startup_stm32f429_439xx.o


==============================================================================

Image component sizes


      Code (inc. data)   RO Data    RW Data    ZI Data      Debug   Object Name

       168         10          0          0          0        783   adc.o
       860         18          0          0          0       2639   cv.o
        80          4          0          0          0        519   gpio.o
         0          0      10260         24          0        723   lcd_fonts.o
      3128         86          0         11          0       8686   lcd_ili9341.o
       432         10          0          0          0       2398   lcd_spi.o
       740        144          0          6      28800     358496   main.o
       224         20          0          0          0       2025   misc.o
      1060         54        244          0     153600       2895   ov7670_control.o
        64         26        428          0       1536        868   startup_stm32f429_439xx.o
      1124         24          0          0          0      10894   stm32f4xx_adc.o
       396          4          0          0          0       3686   stm32f4xx_dcmi.o
       936         32          0          0          0       6601   stm32f4xx_dma.o
       660         44          0          0          0       4365   stm32f4xx_gpio.o
      1110         26          0          0          0       8883   stm32f4xx_i2c.o
      1592         54          0         16          0      13162   stm32f4xx_rcc.o
      1102         32          0          0          0       7137   stm32f4xx_spi.o
      3234         60          0          0          0      23220   stm32f4xx_tim.o
      1108         34          0          0          0       8088   stm32f4xx_usart.o
       336         18          0          0          0       1450   system_control.o
       580         46          0         20          0       1979   system_stm32f4xx.o
      1568         36          0          0          0       3662   uart.o

    ----------------------------------------------------------------------
     20508        782      10964         80     183936     473159   Object Totals
         0          0         32          0          0          0   (incl. Generated)
         6          0          0          3          0          0   (incl. Padding)

    ----------------------------------------------------------------------

      Code (inc. data)   RO Data    RW Data    ZI Data      Debug   Library Member Name

         8          0          0          0          0         68   __main.o
       104          0          0          0          0         84   __printf.o
         0          0          0          0          0          0   __rtentry.o
        12          0          0          0          0          0   __rtentry2.o
         6          0          0          0          0          0   __rtentry4.o
        52          8          0          0          0          0   __scatter.o
        26          0          0          0          0          0   __scatter_copy.o
        28          0          0          0          0          0   __scatter_zi.o
         6          0          0          0          0          0   _printf_c.o
        44          0          0          0          0        108   _printf_char.o
        48          6          0          0          0         96   _printf_char_common.o
         6          0          0          0          0          0   _printf_d.o
       120         16          0          0          0         92   _printf_dec.o
       178          0          0          0          0         88   _printf_intcommon.o
         0          0          0          0          0          0   _printf_percent.o
         4          0          0          0          0          0   _printf_percent_end.o
        82          0          0          0          0         80   _printf_str.o
        10          0          0          0          0         68   _sputc.o
        18          0          0          0          0         80   exit.o
         6          0          0          0          0        152   heapauxi.o
         0          0          0          0          0          0   indicate_semi.o
         2          0          0          0          0          0   libinit.o
         6          0          0          0          0          0   libinit2.o
         2          0          0          0          0          0   libshutdown.o
         2          0          0          0          0          0   libshutdown2.o
         8          4          0          0         96         68   libspace.o
        40          6          0          0          0         84   noretval__2sprintf.o
        68          0          0          0          0         68   rt_memclr.o
        78          0          0          0          0         80   rt_memclr_w.o
         2          0          0          0          0          0   rtexit.o
        10          0          0          0          0          0   rtexit2.o
        12          4          0          0          0         68   sys_exit.o
        74          0          0          0          0         80   sys_stackheap_outer.o
         2          0          0          0          0         68   use_no_semi.o
        10          0          0          0          0        116   fpinit.o

    ----------------------------------------------------------------------
      1084         44          0          0         96       1548   Library Totals
        10          0          0          0          0          0   (incl. Padding)

    ----------------------------------------------------------------------

      Code (inc. data)   RO Data    RW Data    ZI Data      Debug   Library Name

      1064         44          0          0         96       1432   c_w.l
        10          0          0          0          0        116   fz_wm.l

    ----------------------------------------------------------------------
      1084         44          0          0         96       1548   Library Totals

    ----------------------------------------------------------------------

==============================================================================


      Code (inc. data)   RO Data    RW Data    ZI Data      Debug   

     21592        826      10964         80     184032     469431   Grand Totals
     21592        826      10964         80     184032     469431   ELF Image Totals
     21592        826      10964         80          0          0   ROM Totals

==============================================================================

    Total RO  Size (Code + RO Data)                32556 (  31.79kB)
    Total RW  Size (RW Data + ZI Data)            184112 ( 179.80kB)
    Total ROM Size (Code + RO Data + RW Data)      32636 (  31.87kB)

==============================================================================

